******************************************************************************
                  TI ARM Linker PC v18.12.2                    
******************************************************************************
>> Linked Tue Feb 11 20:20:04 2020

OUTPUT FILE NAME:   <Lab4.out>
ENTRY POINT SYMBOL: "_c_int00_noargs"  address: 00002db9


MEMORY CONFIGURATION

         name            origin    length      used     unused   attr    fill
----------------------  --------  ---------  --------  --------  ----  --------
  FLASH                 00000000   00040000  000030dd  0003cf23  R  X
  SRAM                  20000000   00008000  00001313  00006ced  RW X


SEGMENT ALLOCATION MAP

run origin  load origin   length   init length attrs members
----------  ----------- ---------- ----------- ----- -------
00000000    00000000    000030e0   000030e0    r-x
  00000000    00000000    0000026c   0000026c    r-- .intvecs
  0000026c    0000026c    00002d28   00002d28    r-x .text
  00002f94    00002f94    00000109   00000109    r-- .const
  000030a0    000030a0    00000040   00000040    r-- .cinit
20000000    20000000    0000131a   00000000    rw-
  20000000    20000000    0000026c   00000000    rw- .vtable
  20000270    20000270    00001000   00000000    rw- .stack
  20001270    20001270    0000009d   00000000    rw- .bss
  20001310    20001310    0000000a   00000000    rw- .data


SECTION ALLOCATION MAP

 output                                  attributes/
section   page    origin      length       input sections
--------  ----  ----------  ----------   ----------------
.intvecs   0    00000000    0000026c     
                  00000000    0000026c     tm4c123gh6pm_startup_ccs.obj (.intvecs)

.text      0    0000026c    00002d28     
                  0000026c    00000a4e     rtsv7M4_T_le_v4SPD16_eabi.lib : _printfi.c.obj (.text:__TI_printfi)
                  00000cba    00000002                                   : div0.asm.obj (.text)
                  00000cbc    00000328     lcd.obj (.text)
                  00000fe4    000002a8     libcybotUART.lib : uart.obj (.text)
                  0000128c    00000270     rtsv7M4_T_le_v4SPD16_eabi.lib : _printfi.c.obj (.text:_pconv_a)
                  000014fc    00000248     Timer.obj (.text)
                  00001744    000001d0     rtsv7M4_T_le_v4SPD16_eabi.lib : _printfi.c.obj (.text:_pconv_g)
                  00001914    000001bc     libcybotScan.lib : ping.obj (.text)
                  00001ad0    000001b6     rtsv7M4_T_le_v4SPD16_eabi.lib : fd_add_t2.asm.obj (.text)
                  00001c86    00000002     --HOLE-- [fill = 0]
                  00001c88    00000158     lab4_template.obj (.text)
                  00001de0    0000013c     rtsv7M4_T_le_v4SPD16_eabi.lib : _printfi.c.obj (.text:_pconv_e)
                  00001f1c    00000136                                   : fd_div_t2.asm.obj (.text)
                  00002052    00000002     --HOLE-- [fill = 0]
                  00002054    00000124                                   : _printfi.c.obj (.text:fcvt)
                  00002178    00000110                                   : s_scalbn.c.obj (.text:scalbn)
                  00002288    000000fc                                   : fd_mul_t2.asm.obj (.text)
                  00002384    000000dc     libcybotScan.lib : ir.obj (.text)
                  00002460    000000c4                      : servo.obj (.text)
                  00002524    000000b1     rtsv7M4_T_le_v4SPD16_eabi.lib : _printfi.c.obj (.text:_ltostr)
                  000025d5    00000003     --HOLE-- [fill = 0]
                  000025d8    000000a4     button.obj (.text)
                  0000267c    0000009c     rtsv7M4_T_le_v4SPD16_eabi.lib : memcpy_t2.asm.obj (.text)
                  00002718    00000096                                   : ull_div_t2.asm.obj (.text)
                  000027ae    00000086                                   : fd_cmp_t2.asm.obj (.text:__aeabi_cdcmple)
                  00002834    00000086                                   : fd_cmp_t2.asm.obj (.text:__aeabi_cdrcmple)
                  000028ba    0000007a                                   : memset_t2.asm.obj (.text)
                  00002934    0000006e                                   : _printfi.c.obj (.text:_mcpy)
                  000029a2    00000068                                   : copy_decompress_lzss.c.obj (.text:decompress:lzss:__TI_decompress_lzss)
                  00002a0a    00000002     --HOLE-- [fill = 0]
                  00002a0c    00000064                                   : s_frexp.c.obj (.text:frexp)
                  00002a70    00000056                                   : _printfi.c.obj (.text:_pconv_f)
                  00002ac6    00000054                                   : ltoa.c.obj (.text:ltoa)
                  00002b1a    00000052                                   : _printfi.c.obj (.text:_ecpy)
                  00002b6c    0000004c                                   : atoi.c.obj (.text:atoi)
                  00002bb8    00000048     libcybotScan.lib : cyBot_Scan.obj (.text)
                  00002c00    00000048     rtsv7M4_T_le_v4SPD16_eabi.lib : fd_toi_t2.asm.obj (.text)
                  00002c48    00000044                                   : autoinit.c.obj (.text:__TI_auto_init_nobinit_nopinit:__TI_auto_init_nobinit_nopinit)
                  00002c8c    00000040                                   : sprintf.c.obj (.text:sprintf)
                  00002ccc    00000040                                   : vsnprintf.c.obj (.text:vsnprintf)
                  00002d0c    0000003e                                   : _printfi.c.obj (.text:_fcpy)
                  00002d4a    00000038                                   : fs_tod_t2.asm.obj (.text)
                  00002d82    00000002     --HOLE-- [fill = 0]
                  00002d84    00000034     driverlib.lib : interrupt.obj (.text:IntRegister)
                  00002db8    00000034     rtsv7M4_T_le_v4SPD16_eabi.lib : boot_cortex_m.c.obj (.text:_c_int00_noargs:_c_int00_noargs)
                  00002dec    00000030                                   : vsnprintf.c.obj (.text:_outs)
                  00002e1c    0000002e                                   : i_tofd_t2.asm.obj (.text)
                  00002e4a    0000001c                                   : copy_zero_init.c.obj (.text:decompress:ZI:__TI_zero_init_nomemset:__TI_zero_init_nomemset)
                  00002e66    0000001c                                   : memccpy.c.obj (.text:memccpy)
                  00002e82    0000001a                                   : s_copysign.c.obj (.text:copysign)
                  00002e9c    00000018                                   : vsnprintf.c.obj (.text:_outc)
                  00002eb4    00000018                                   : sprintf.c.obj (.text:_outs)
                  00002ecc    00000018                                   : strcmp.c.obj (.text:strcmp)
                  00002ee4    00000016                                   : strchr.c.obj (.text:strchr)
                  00002efa    00000014                                   : strcpy.c.obj (.text:strcpy)
                  00002f0e    00000014                                   : strlen.c.obj (.text:strlen)
                  00002f22    00000012                                   : wcslen.c.obj (.text:wcslen)
                  00002f34    00000010     driverlib.lib : interrupt.obj (.text:IntMasterEnable)
                  00002f44    00000010     lcd.obj (.text:lcd_clear)
                  00002f54    0000000e     rtsv7M4_T_le_v4SPD16_eabi.lib : copy_decompress_none.c.obj (.text:decompress:none:__TI_decompress_none)
                  00002f62    0000000c     driverlib.lib : cpu.obj (.text:CPUcpsie)
                  00002f6e    0000000c     tm4c123gh6pm_startup_ccs.obj (.text)
                  00002f7a    0000000a     rtsv7M4_T_le_v4SPD16_eabi.lib : sprintf.c.obj (.text:_outc)
                  00002f84    00000008                                   : errno.c.obj (.text:__aeabi_errno_addr)
                  00002f8c    00000004                                   : pre_init.c.obj (.text:_system_pre_init)
                  00002f90    00000004                                   : exit.c.obj (.text:abort:abort)

.const     0    00002f94    00000109     
                  00002f94    00000101     rtsv7M4_T_le_v4SPD16_eabi.lib : ctype.c.obj (.const:.string:_ctypes_)
                  00003095    00000004     lcd.obj (.const:.string:lineAddress$1)
                  00003099    00000004     lcd.obj (.const:.string:lineAddresses$2)

.cinit     0    000030a0    00000040     
                  000030a0    0000000c     (__TI_handler_table)
                  000030ac    00000004     --HOLE-- [fill = 0]
                  000030b0    00000008     (.cinit..bss.load) [load image, compression = zero_init]
                  000030b8    00000008     (.cinit..vtable.load) [load image, compression = zero_init]
                  000030c0    00000007     (.cinit..data.load) [load image, compression = lzss]
                  000030c7    00000001     --HOLE-- [fill = 0]
                  000030c8    00000018     (__TI_cinit_table)

.init_array 
*          0    00000000    00000000     UNINITIALIZED

.vtable    0    20000000    0000026c     UNINITIALIZED
                  20000000    0000026c     driverlib.lib : interrupt.obj (.vtable)

.bss       0    20001270    0000009d     UNINITIALIZED
                  20001270    00000054     lcd.obj (.bss:lastbuffer$3)
                  200012c4    00000034     (.common:isr_char_buffer)
                  200012f8    00000004     (.common:_timeout_ticks)
                  200012fc    00000004     (.common:fallingEdge)
                  20001300    00000004     (.common:isr_int_value)
                  20001304    00000004     (.common:pulseLength)
                  20001308    00000004     (.common:risingEdge)
                  2000130c    00000001     (.common:isRisingEdge)

.data      0    20001310    0000000a     UNINITIALIZED
                  20001310    00000004     libcybotUART.lib : uart.obj (.data)
                  20001314    00000004     rtsv7M4_T_le_v4SPD16_eabi.lib : errno.c.obj (.data)
                  20001318    00000001     Timer.obj (.data)
                  20001319    00000001     button.obj (.data)

.stack     0    20000270    00001000     UNINITIALIZED
                  20000270    00000004     rtsv7M4_T_le_v4SPD16_eabi.lib : boot_cortex_m.c.obj (.stack)
                  20000274    00000ffc     --HOLE--

MODULE SUMMARY

       Module                         code    ro data   rw data
       ------                         ----    -------   -------
    .\
       lcd.obj                        824     8         84     
       tm4c123gh6pm_startup_ccs.obj   12      620       0      
       Timer.obj                      584     0         5      
       lab4_template.obj              344     0         0      
       button.obj                     164     0         1      
    +--+------------------------------+-------+---------+---------+
       Total:                         1928    628       90     
                                                               
    ../libcybotScan.lib
       ping.obj                       444     0         13     
       ir.obj                         220     0         4      
       servo.obj                      196     0         0      
       cyBot_Scan.obj                 72      0         0      
    +--+------------------------------+-------+---------+---------+
       Total:                         932     0         17     
                                                               
    ../libcybotUART.lib
       uart.obj                       680     0         56     
    +--+------------------------------+-------+---------+---------+
       Total:                         680     0         56     
                                                               
    C:/ti/TivaWare_C_Series-2.1.4.178/driverlib/ccs/Debug/driverlib.lib
       interrupt.obj                  68      0         620    
       cpu.obj                        12      0         0      
    +--+------------------------------+-------+---------+---------+
       Total:                         80      0         620    
                                                               
    C:\ti\ccs910\ccs\tools\compiler\ti-cgt-arm_18.12.2.LTS\lib\rtsv7M4_T_le_v4SPD16_eabi.lib
       _printfi.c.obj                 4851    0         0      
       fd_add_t2.asm.obj              438     0         0      
       fd_div_t2.asm.obj              310     0         0      
       s_scalbn.c.obj                 272     0         0      
       fd_cmp_t2.asm.obj              268     0         0      
       ctype.c.obj                    0       257       0      
       fd_mul_t2.asm.obj              252     0         0      
       memcpy_t2.asm.obj              156     0         0      
       ull_div_t2.asm.obj             150     0         0      
       vsnprintf.c.obj                136     0         0      
       memset_t2.asm.obj              122     0         0      
       copy_decompress_lzss.c.obj     104     0         0      
       s_frexp.c.obj                  100     0         0      
       sprintf.c.obj                  98      0         0      
       ltoa.c.obj                     84      0         0      
       atoi.c.obj                     76      0         0      
       fd_toi_t2.asm.obj              72      0         0      
       autoinit.c.obj                 68      0         0      
       fs_tod_t2.asm.obj              56      0         0      
       boot_cortex_m.c.obj            52      0         0      
       i_tofd_t2.asm.obj              46      0         0      
       copy_zero_init.c.obj           28      0         0      
       memccpy.c.obj                  28      0         0      
       s_copysign.c.obj               26      0         0      
       strcmp.c.obj                   24      0         0      
       strchr.c.obj                   22      0         0      
       strcpy.c.obj                   20      0         0      
       strlen.c.obj                   20      0         0      
       wcslen.c.obj                   18      0         0      
       copy_decompress_none.c.obj     14      0         0      
       errno.c.obj                    8       0         4      
       exit.c.obj                     4       0         0      
       pre_init.c.obj                 4       0         0      
       div0.asm.obj                   2       0         0      
    +--+------------------------------+-------+---------+---------+
       Total:                         7929    257       4      
                                                               
       Stack:                         0       0         4096   
       Linker Generated:              0       59        0      
    +--+------------------------------+-------+---------+---------+
       Grand Total:                   11549   944       4883   


LINKER GENERATED COPY TABLES

__TI_cinit_table @ 000030c8 records: 3, size/record: 8, table size: 24
	.bss: load addr=000030b0, load size=00000008 bytes, run addr=20001270, run size=0000009d bytes, compression=zero_init
	.vtable: load addr=000030b8, load size=00000008 bytes, run addr=20000000, run size=0000026c bytes, compression=zero_init
	.data: load addr=000030c0, load size=00000007 bytes, run addr=20001310, run size=0000000a bytes, compression=lzss


LINKER GENERATED HANDLER TABLE

__TI_handler_table @ 000030a0 records: 3, size/record: 4, table size: 12
	index: 0, handler: __TI_zero_init
	index: 1, handler: __TI_decompress_lzss
	index: 2, handler: __TI_decompress_none


GLOBAL SYMBOLS: SORTED ALPHABETICALLY BY Name 

address   name                          
-------   ----                          
00002431  ADC0SS0_Handler               
00002f91  C$$EXIT                       
00002f63  CPUcpsie                      
00002f35  IntMasterEnable               
00002d85  IntRegister                   
00002f6f  ResetISR                      
00001a51  TIMER3B_Handler               
20001270  __STACK_END                   
00001000  __STACK_SIZE                  
20000470  __STACK_TOP                   
000030c8  __TI_CINIT_Base               
000030e0  __TI_CINIT_Limit              
000030a0  __TI_Handler_Table_Base       
000030ac  __TI_Handler_Table_Limit      
00002c49  __TI_auto_init_nobinit_nopinit
000029a3  __TI_decompress_lzss          
00002f55  __TI_decompress_none          
ffffffff  __TI_pprof_out_hndl           
0000026d  __TI_printfi                  
ffffffff  __TI_prof_data_size           
ffffffff  __TI_prof_data_start          
00000000  __TI_static_base__            
00002e4b  __TI_zero_init_nomemset       
000027af  __aeabi_cdcmpeq               
000027af  __aeabi_cdcmple               
00002835  __aeabi_cdrcmple              
00002c01  __aeabi_d2iz                  
00001adb  __aeabi_dadd                  
00001f1d  __aeabi_ddiv                  
00002289  __aeabi_dmul                  
00001ad1  __aeabi_dsub                  
00002f85  __aeabi_errno_addr            
00002d4b  __aeabi_f2d                   
00002e1d  __aeabi_i2d                   
00000cbb  __aeabi_idiv0                 
00000cbb  __aeabi_ldiv0                 
000028bb  __aeabi_memclr                
000028bb  __aeabi_memclr4               
000028bb  __aeabi_memclr8               
0000267d  __aeabi_memcpy                
0000267d  __aeabi_memcpy4               
0000267d  __aeabi_memcpy8               
000028bd  __aeabi_memset                
000028bd  __aeabi_memset4               
000028bd  __aeabi_memset8               
00002719  __aeabi_uldivmod              
ffffffff  __binit__                     
ffffffff  __c_args__                    
UNDEFED   __mpu_init                    
20000270  __stack                       
00002db9  _c_int00_noargs               
00002f94  _ctypes_                      
20001318  _running                      
UNDEFED   _system_post_cinit            
00002f8d  _system_pre_init              
200012f8  _timeout_ticks                
00002f91  abort                         
00002b6d  atoi                          
ffffffff  binit                         
0000260d  button_getButton              
000025d9  button_init                   
00002e83  copysign                      
00002e83  copysignl                     
00002bc9  cyBOT_Scan                    
00002bb9  cyBOT_init_Scan               
00001231  cyBot_UART1_Handler           
00001223  cyBot_getByte_blocking        
00001203  cyBot_getByte_nonblocking     
00000fe5  cyBot_sendByte                
000011e9  cyBot_uart_flush              
00001153  cyBot_uart_init               
000010f3  cyBot_uart_init_PHJ_first_half
0000109b  cyBot_uart_init_clean         
00001023  cyBot_uart_init_last_half     
0000100b  cyBot_uart_sendBuffer         
00000ff1  cyBot_uart_sendStr            
20001314  errno                         
200012fc  fallingEdge                   
00002a0d  frexp                         
00002a0d  frexpl                        
20000000  g_pfnRAMVectors               
00000000  g_pfnVectors                  
00002401  ir_enableInterrupt            
000023f9  ir_getDistance                
000023e5  ir_getValue                   
00002385  ir_init                       
2000130c  isRisingEdge                  
200012c4  isr_char_buffer               
20001310  isr_counter                   
20001300  isr_int_value                 
00002f45  lcd_clear                     
00000e91  lcd_gotoLine                  
00000cf9  lcd_init                      
00000ef7  lcd_printf                    
00000db9  lcd_putc                      
00000df1  lcd_puts                      
00000cbd  lcd_reverseNibble             
00000e0f  lcd_sendCommand               
00000e4d  lcd_sendNibble                
00000eb9  lcd_setCursorPos              
00002179  ldexp                         
00002179  ldexpl                        
00002ac7  ltoa                          
00001cbb  main                          
00002e67  memccpy                       
0000267d  memcpy                        
000028c3  memset                        
00001a1b  ping_getDistance              
00001979  ping_init                     
00001915  ping_trigger                  
00001c89  printMyString                 
20001304  pulseLength                   
20001308  risingEdge                    
00002179  scalbn                        
00002179  scalbnl                       
0000249f  servo_init                    
0000247f  servo_move                    
0000246d  servo_setPWM                  
00002461  servo_stop                    
00002c8d  sprintf                       
00002ee5  strchr                        
00002ecd  strcmp                        
00002efb  strcpy                        
00002f0f  strlen                        
0000161b  timer_getMicros               
000015c3  timer_getMillis               
000014fd  timer_init                    
0000159f  timer_pause                   
000015b1  timer_resume                  
00001575  timer_stop                    
00001675  timer_waitMicros              
000016a9  timer_waitMillis              
00002ccd  vsnprintf                     
00002f23  wcslen                        


GLOBAL SYMBOLS: SORTED BY Symbol Address 

address   name                          
-------   ----                          
00000000  __TI_static_base__            
00000000  g_pfnVectors                  
0000026d  __TI_printfi                  
00000cbb  __aeabi_idiv0                 
00000cbb  __aeabi_ldiv0                 
00000cbd  lcd_reverseNibble             
00000cf9  lcd_init                      
00000db9  lcd_putc                      
00000df1  lcd_puts                      
00000e0f  lcd_sendCommand               
00000e4d  lcd_sendNibble                
00000e91  lcd_gotoLine                  
00000eb9  lcd_setCursorPos              
00000ef7  lcd_printf                    
00000fe5  cyBot_sendByte                
00000ff1  cyBot_uart_sendStr            
00001000  __STACK_SIZE                  
0000100b  cyBot_uart_sendBuffer         
00001023  cyBot_uart_init_last_half     
0000109b  cyBot_uart_init_clean         
000010f3  cyBot_uart_init_PHJ_first_half
00001153  cyBot_uart_init               
000011e9  cyBot_uart_flush              
00001203  cyBot_getByte_nonblocking     
00001223  cyBot_getByte_blocking        
00001231  cyBot_UART1_Handler           
000014fd  timer_init                    
00001575  timer_stop                    
0000159f  timer_pause                   
000015b1  timer_resume                  
000015c3  timer_getMillis               
0000161b  timer_getMicros               
00001675  timer_waitMicros              
000016a9  timer_waitMillis              
00001915  ping_trigger                  
00001979  ping_init                     
00001a1b  ping_getDistance              
00001a51  TIMER3B_Handler               
00001ad1  __aeabi_dsub                  
00001adb  __aeabi_dadd                  
00001c89  printMyString                 
00001cbb  main                          
00001f1d  __aeabi_ddiv                  
00002179  ldexp                         
00002179  ldexpl                        
00002179  scalbn                        
00002179  scalbnl                       
00002289  __aeabi_dmul                  
00002385  ir_init                       
000023e5  ir_getValue                   
000023f9  ir_getDistance                
00002401  ir_enableInterrupt            
00002431  ADC0SS0_Handler               
00002461  servo_stop                    
0000246d  servo_setPWM                  
0000247f  servo_move                    
0000249f  servo_init                    
000025d9  button_init                   
0000260d  button_getButton              
0000267d  __aeabi_memcpy                
0000267d  __aeabi_memcpy4               
0000267d  __aeabi_memcpy8               
0000267d  memcpy                        
00002719  __aeabi_uldivmod              
000027af  __aeabi_cdcmpeq               
000027af  __aeabi_cdcmple               
00002835  __aeabi_cdrcmple              
000028bb  __aeabi_memclr                
000028bb  __aeabi_memclr4               
000028bb  __aeabi_memclr8               
000028bd  __aeabi_memset                
000028bd  __aeabi_memset4               
000028bd  __aeabi_memset8               
000028c3  memset                        
000029a3  __TI_decompress_lzss          
00002a0d  frexp                         
00002a0d  frexpl                        
00002ac7  ltoa                          
00002b6d  atoi                          
00002bb9  cyBOT_init_Scan               
00002bc9  cyBOT_Scan                    
00002c01  __aeabi_d2iz                  
00002c49  __TI_auto_init_nobinit_nopinit
00002c8d  sprintf                       
00002ccd  vsnprintf                     
00002d4b  __aeabi_f2d                   
00002d85  IntRegister                   
00002db9  _c_int00_noargs               
00002e1d  __aeabi_i2d                   
00002e4b  __TI_zero_init_nomemset       
00002e67  memccpy                       
00002e83  copysign                      
00002e83  copysignl                     
00002ecd  strcmp                        
00002ee5  strchr                        
00002efb  strcpy                        
00002f0f  strlen                        
00002f23  wcslen                        
00002f35  IntMasterEnable               
00002f45  lcd_clear                     
00002f55  __TI_decompress_none          
00002f63  CPUcpsie                      
00002f6f  ResetISR                      
00002f85  __aeabi_errno_addr            
00002f8d  _system_pre_init              
00002f91  C$$EXIT                       
00002f91  abort                         
00002f94  _ctypes_                      
000030a0  __TI_Handler_Table_Base       
000030ac  __TI_Handler_Table_Limit      
000030c8  __TI_CINIT_Base               
000030e0  __TI_CINIT_Limit              
20000000  g_pfnRAMVectors               
20000270  __stack                       
20000470  __STACK_TOP                   
20001270  __STACK_END                   
200012c4  isr_char_buffer               
200012f8  _timeout_ticks                
200012fc  fallingEdge                   
20001300  isr_int_value                 
20001304  pulseLength                   
20001308  risingEdge                    
2000130c  isRisingEdge                  
20001310  isr_counter                   
20001314  errno                         
20001318  _running                      
ffffffff  __TI_pprof_out_hndl           
ffffffff  __TI_prof_data_size           
ffffffff  __TI_prof_data_start          
ffffffff  __binit__                     
ffffffff  __c_args__                    
ffffffff  binit                         
UNDEFED   __mpu_init                    
UNDEFED   _system_post_cinit            

[134 symbols]
