******************************************************************************
                  TI ARM Linker PC v20.2.0                     
******************************************************************************
>> Linked Tue Apr  7 20:02:48 2020

OUTPUT FILE NAME:   <Lab8.out>
ENTRY POINT SYMBOL: "_c_int00_noargs"  address: 00002df5


MEMORY CONFIGURATION

         name            origin    length      used     unused   attr    fill
----------------------  --------  ---------  --------  --------  ----  --------
  FLASH                 00000000   00040000  000031ed  0003ce13  R  X
  SRAM                  20000000   00008000  00002621  000059df  RW X


SEGMENT ALLOCATION MAP

run origin  load origin   length   init length attrs members
----------  ----------- ---------- ----------- ----- -------
00000000    00000000    000031f0   000031f0    r-x
  00000000    00000000    0000026c   0000026c    r-- .intvecs
  0000026c    0000026c    00002de0   00002de0    r-x .text
  0000304c    0000304c    00000101   00000101    r-- .const
  00003150    00003150    000000a0   000000a0    r-- .cinit
20000000    20000000    00002628   00000000    rw-
  20000000    20000000    0000026c   00000000    rw- .vtable
  20000270    20000270    00001000   00000000    rw- .stack
  20001270    20001270    00001000   00000000    rw- .sysmem
  20002270    20002270    000001e9   00000000    rw- .data
  2000245c    2000245c    000001cc   00000000    rw- .bss


SECTION ALLOCATION MAP

 output                                  attributes/
section   page    origin      length       input sections
--------  ----  ----------  ----------   ----------------
.intvecs   0    00000000    0000026c     
                  00000000    0000026c     tm4c123gh6pm_startup_ccs.obj (.intvecs)

.text      0    0000026c    00002de0     
                  0000026c    00000a4e     rtsv7M4_T_le_v4SPD16_eabi.lib : _printfi.c.obj (.text:__TI_printfi)
                  00000cba    00000002                                   : _lock.c.obj (.text:_nop)
                  00000cbc    00000270                                   : _printfi.c.obj (.text:_pconv_a)
                  00000f2c    00000248     Timer.obj (.text)
                  00001174    000001d0     rtsv7M4_T_le_v4SPD16_eabi.lib : _printfi.c.obj (.text:_pconv_g)
                  00001344    000001b6                                   : fd_add_t2.asm.obj (.text)
                  000014fa    00000002                                   : div0.asm.obj (.text)
                  000014fc    00000170     servo.obj (.text)
                  0000166c    0000013c     rtsv7M4_T_le_v4SPD16_eabi.lib : _printfi.c.obj (.text:_pconv_e)
                  000017a8    00000136                                   : fd_div_t2.asm.obj (.text)
                  000018de    00000002     --HOLE-- [fill = 0]
                  000018e0    00000124                                   : _printfi.c.obj (.text:fcvt)
                  00001a04    00000114                                   : fputs.c.obj (.text:fputs)
                  00001b18    00000110                                   : s_scalbn.c.obj (.text:scalbn)
                  00001c28    00000108                                   : memory.c.obj (.text:aligned_alloc)
                  00001d30    000000fc                                   : fd_mul_t2.asm.obj (.text)
                  00001e2c    000000e4                                   : memory.c.obj (.text:free)
                  00001f10    000000dc                                   : setvbuf.c.obj (.text:setvbuf)
                  00001fec    000000b1                                   : _printfi.c.obj (.text:_ltostr)
                  0000209d    00000001     --HOLE-- [fill = 0]
                  0000209e    0000009c                                   : memcpy_t2.asm.obj (.text)
                  0000213a    00000096                                   : ull_div_t2.asm.obj (.text)
                  000021d0    0000008c                                   : fputc.c.obj (.text:fputc)
                  0000225c    00000086                                   : fd_cmp_t2.asm.obj (.text:__aeabi_cdcmple)
                  000022e2    00000086                                   : fd_cmp_t2.asm.obj (.text:__aeabi_cdrcmple)
                  00002368    0000007a                                   : memset_t2.asm.obj (.text)
                  000023e2    00000002     --HOLE-- [fill = 0]
                  000023e4    00000074                                   : fclose.c.obj (.text:__TI_closefile)
                  00002458    00000070                                   : memory.c.obj (.text:split)
                  000024c8    0000006e                                   : _printfi.c.obj (.text:_mcpy)
                  00002536    00000002     --HOLE-- [fill = 0]
                  00002538    0000006c                                   : hostrename.c.obj (.text:HOSTrename)
                  000025a4    00000068                                   : hostlseek.c.obj (.text:HOSTlseek)
                  0000260c    00000068                                   : copy_decompress_lzss.c.obj (.text:decompress:lzss:__TI_decompress_lzss)
                  00002674    00000068                                   : printf.c.obj (.text:printf)
                  000026dc    00000064                                   : s_frexp.c.obj (.text:frexp)
                  00002740    00000064                                   : fseek.c.obj (.text:fseek)
                  000027a4    00000062                                   : _io_perm.c.obj (.text:__TI_wrt_ok)
                  00002806    00000002     --HOLE-- [fill = 0]
                  00002808    00000060                                   : hostopen.c.obj (.text:HOSTopen)
                  00002868    0000005c                                   : close.c.obj (.text:close)
                  000028c4    00000058                                   : hostread.c.obj (.text:HOSTread)
                  0000291c    00000058                                   : hostwrite.c.obj (.text:HOSTwrite)
                  00002974    00000056                                   : _printfi.c.obj (.text:_pconv_f)
                  000029ca    00000054                                   : _ltoa.c.obj (.text:__TI_ltoa)
                  00002a1e    00000052                                   : _printfi.c.obj (.text:_ecpy)
                  00002a70    0000004c                                   : fflush.c.obj (.text:__TI_doflush)
                  00002abc    0000004c                                   : atoi.c.obj (.text:atoi)
                  00002b08    00000048                                   : exit.c.obj (.text:exit)
                  00002b50    00000048                                   : fd_toi_t2.asm.obj (.text)
                  00002b98    00000044                                   : hostclose.c.obj (.text:HOSTclose)
                  00002bdc    00000044                                   : hostunlink.c.obj (.text:HOSTunlink)
                  00002c20    00000044                                   : autoinit.c.obj (.text:__TI_auto_init_nobinit_nopinit:__TI_auto_init_nobinit_nopinit)
                  00002c64    00000044                                   : getdevice.c.obj (.text:getdevice)
                  00002ca8    0000003e                                   : _printfi.c.obj (.text:_fcpy)
                  00002ce6    00000002     --HOLE-- [fill = 0]
                  00002ce8    00000038                                   : trgmsg.c.obj (.text:__TI_writemsg)
                  00002d20    00000036                                   : strncpy.c.obj (.text:strncpy)
                  00002d56    00000002     --HOLE-- [fill = 0]
                  00002d58    00000034     driverlib.lib : interrupt.obj (.text:IntRegister)
                  00002d8c    00000034     rtsv7M4_T_le_v4SPD16_eabi.lib : fopen.c.obj (.text:__TI_cleanup)
                  00002dc0    00000034                                   : trgmsg.c.obj (.text:__TI_readmsg)
                  00002df4    00000034                                   : boot_cortex_m.c.obj (.text:_c_int00_noargs:_c_int00_noargs)
                  00002e28    00000030                                   : getdevice.c.obj (.text:finddevice)
                  00002e58    0000002e                                   : i_tofd_t2.asm.obj (.text)
                  00002e86    00000002     --HOLE-- [fill = 0]
                  00002e88    0000002c                                   : unlink.c.obj (.text:unlink)
                  00002eb4    00000028                                   : memory.c.obj (.text:free_list_insert)
                  00002edc    00000028                                   : lseek.c.obj (.text:lseek)
                  00002f04    00000028                                   : write.c.obj (.text:write)
                  00002f2c    00000020                                   : memchr.c.obj (.text:memchr)
                  00002f4c    0000001c                                   : memory.c.obj (.text:free_list_remove)
                  00002f68    0000001c                                   : memccpy.c.obj (.text:memccpy)
                  00002f84    0000001a                                   : s_copysign.c.obj (.text:copysign)
                  00002f9e    00000018                                   : strcmp.c.obj (.text:strcmp)
                  00002fb6    00000016                                   : strchr.c.obj (.text:strchr)
                  00002fcc    00000014                                   : strcpy.c.obj (.text:strcpy)
                  00002fe0    00000014                                   : strlen.c.obj (.text:strlen)
                  00002ff4    00000012                                   : wcslen.c.obj (.text:wcslen)
                  00003006    0000000e                                   : copy_decompress_none.c.obj (.text:decompress:none:__TI_decompress_none)
                  00003014    0000000c                                   : copy_zero_init.c.obj (.text:decompress:ZI:__TI_zero_init)
                  00003020    0000000c     tm4c123gh6pm_startup_ccs.obj (.text)
                  0000302c    00000008     rtsv7M4_T_le_v4SPD16_eabi.lib : errno.c.obj (.text:__aeabi_errno_addr)
                  00003034    00000008                                   : memory.c.obj (.text:malloc)
                  0000303c    00000004                                   : printf.c.obj (.text:_outc)
                  00003040    00000004                                   : printf.c.obj (.text:_outs)
                  00003044    00000004                                   : pre_init.c.obj (.text:_system_pre_init)
                  00003048    00000004                                   : exit.c.obj (.text:abort:abort)

.const     0    0000304c    00000101     
                  0000304c    00000101     rtsv7M4_T_le_v4SPD16_eabi.lib : ctype.c.obj (.const:.string:_ctypes_)

.cinit     0    00003150    000000a0     
                  00003150    0000006a     (.cinit..data.load) [load image, compression = lzss]
                  000031ba    00000002     --HOLE-- [fill = 0]
                  000031bc    0000000c     (__TI_handler_table)
                  000031c8    00000008     (.cinit..bss.load) [load image, compression = zero_init]
                  000031d0    00000008     (.cinit..vtable.load) [load image, compression = zero_init]
                  000031d8    00000018     (__TI_cinit_table)

.init_array 
*          0    00000000    00000000     UNINITIALIZED

.vtable    0    20000000    0000026c     UNINITIALIZED
                  20000000    0000026c     driverlib.lib : interrupt.obj (.vtable)

.stack     0    20000270    00001000     UNINITIALIZED
                  20000270    00000004     rtsv7M4_T_le_v4SPD16_eabi.lib : boot_cortex_m.c.obj (.stack)
                  20000274    00000ffc     --HOLE--

.sysmem    0    20001270    00001000     UNINITIALIZED
                  20001270    00000010     rtsv7M4_T_le_v4SPD16_eabi.lib : memory.c.obj (.sysmem)
                  20001280    00000ff0     --HOLE--

.data      0    20002270    000001e9     UNINITIALIZED
                  20002270    000000f0     rtsv7M4_T_le_v4SPD16_eabi.lib : defs.c.obj (.data:_ftable)
                  20002360    00000078                                   : host_device.c.obj (.data:_device)
                  200023d8    00000050                                   : host_device.c.obj (.data:_stream)
                  20002428    00000010                                   : defs.c.obj (.data)
                  20002438    0000000c                                   : exit.c.obj (.data:$O1$$)
                  20002444    00000008                                   : _lock.c.obj (.data:$O1$$)
                  2000244c    00000008                                   : memory.c.obj (.data:$O1$$)
                  20002454    00000004                                   : errno.c.obj (.data)
                  20002458    00000001     Timer.obj (.data)

.bss       0    2000245c    000001cc     UNINITIALIZED
                  2000245c    00000120     rtsv7M4_T_le_v4SPD16_eabi.lib : trgmsg.c.obj (.bss:_CIOBUF_)
                  2000257c    000000a0     (.common:__TI_tmpnams)
                  2000261c    00000008     (.common:parmbuf)
                  20002624    00000004     (.common:_timeout_ticks)

__llvm_prf_cnts 
*          0    20000000    00000000     UNINITIALIZED

MODULE SUMMARY

       Module                         code    ro data   rw data
       ------                         ----    -------   -------
    .\
       tm4c123gh6pm_startup_ccs.obj   12      620       0      
       Timer.obj                      584     0         5      
       servo.obj                      368     0         0      
    +--+------------------------------+-------+---------+---------+
       Total:                         964     620       5      
                                                               
    D:/TI Drivers/driverlib/ccs/Debug/driverlib.lib
       interrupt.obj                  52      0         620    
    +--+------------------------------+-------+---------+---------+
       Total:                         52      0         620    
                                                               
    D:\CodeComposer\ccs\tools\compiler\ti-cgt-arm_20.2.0.LTS\lib\rtsv7M4_T_le_v4SPD16_eabi.lib
       _printfi.c.obj                 4851    0         0      
       memory.c.obj                   680     0         8      
       fd_add_t2.asm.obj              438     0         0      
       defs.c.obj                     0       0         416    
       trgmsg.c.obj                   108     0         288    
       fd_div_t2.asm.obj              310     0         0      
       fputs.c.obj                    276     0         0      
       s_scalbn.c.obj                 272     0         0      
       fd_cmp_t2.asm.obj              268     0         0      
       ctype.c.obj                    0       257       0      
       fd_mul_t2.asm.obj              252     0         0      
       setvbuf.c.obj                  220     0         0      
       host_device.c.obj              0       0         200    
       memcpy_t2.asm.obj              156     0         0      
       ull_div_t2.asm.obj             150     0         0      
       fputc.c.obj                    140     0         0      
       memset_t2.asm.obj              122     0         0      
       fclose.c.obj                   116     0         0      
       getdevice.c.obj                116     0         0      
       printf.c.obj                   112     0         0      
       hostrename.c.obj               108     0         0      
       copy_decompress_lzss.c.obj     104     0         0      
       hostlseek.c.obj                104     0         0      
       hostopen.c.obj                 96      0         8      
       fseek.c.obj                    100     0         0      
       s_frexp.c.obj                  100     0         0      
       _io_perm.c.obj                 98      0         0      
       close.c.obj                    92      0         0      
       exit.c.obj                     76      0         12     
       hostread.c.obj                 88      0         0      
       hostwrite.c.obj                88      0         0      
       _ltoa.c.obj                    84      0         0      
       atoi.c.obj                     76      0         0      
       fflush.c.obj                   76      0         0      
       fd_toi_t2.asm.obj              72      0         0      
       autoinit.c.obj                 68      0         0      
       hostclose.c.obj                68      0         0      
       hostunlink.c.obj               68      0         0      
       strncpy.c.obj                  54      0         0      
       boot_cortex_m.c.obj            52      0         0      
       fopen.c.obj                    52      0         0      
       i_tofd_t2.asm.obj              46      0         0      
       unlink.c.obj                   44      0         0      
       lseek.c.obj                    40      0         0      
       write.c.obj                    40      0         0      
       memchr.c.obj                   32      0         0      
       memccpy.c.obj                  28      0         0      
       s_copysign.c.obj               26      0         0      
       strcmp.c.obj                   24      0         0      
       strchr.c.obj                   22      0         0      
       strcpy.c.obj                   20      0         0      
       strlen.c.obj                   20      0         0      
       wcslen.c.obj                   18      0         0      
       copy_decompress_none.c.obj     14      0         0      
       copy_zero_init.c.obj           12      0         0      
       errno.c.obj                    8       0         4      
       _lock.c.obj                    2       0         8      
       pre_init.c.obj                 4       0         0      
       div0.asm.obj                   2       0         0      
    +--+------------------------------+-------+---------+---------+
       Total:                         10713   257       944    
                                                               
       Heap:                          0       0         4096   
       Stack:                         0       0         4096   
       Linker Generated:              0       158       0      
    +--+------------------------------+-------+---------+---------+
       Grand Total:                   11729   1035      9761   


LINKER GENERATED COPY TABLES

__TI_cinit_table @ 000031d8 records: 3, size/record: 8, table size: 24
	.data: load addr=00003150, load size=0000006a bytes, run addr=20002270, run size=000001e9 bytes, compression=lzss
	.bss: load addr=000031c8, load size=00000008 bytes, run addr=2000245c, run size=000001cc bytes, compression=zero_init
	.vtable: load addr=000031d0, load size=00000008 bytes, run addr=20000000, run size=0000026c bytes, compression=zero_init


LINKER GENERATED HANDLER TABLE

__TI_handler_table @ 000031bc records: 3, size/record: 4, table size: 12
	index: 0, handler: __TI_zero_init
	index: 1, handler: __TI_decompress_lzss
	index: 2, handler: __TI_decompress_none


GLOBAL SYMBOLS: SORTED ALPHABETICALLY BY Name 

address   name                           
-------   ----                           
00003049  C$$EXIT                        
00002d17  C$$IO$$                        
00002b99  HOSTclose                      
000025a5  HOSTlseek                      
00002809  HOSTopen                       
000028c5  HOSTread                       
00002539  HOSTrename                     
00002bdd  HOSTunlink                     
0000291d  HOSTwrite                      
00002d59  IntRegister                    
00003021  ResetISR                       
2000245c  __CIOBUF_                      
20001270  __STACK_END                    
00001000  __STACK_SIZE                   
20000470  __STACK_TOP                    
00001000  __SYSMEM_SIZE                  
000031d8  __TI_CINIT_Base                
000031f0  __TI_CINIT_Limit               
000031bc  __TI_Handler_Table_Base        
000031c8  __TI_Handler_Table_Limit       
00002c21  __TI_auto_init_nobinit_nopinit 
00002d8d  __TI_cleanup                   
20002438  __TI_cleanup_ptr               
000023e5  __TI_closefile                 
0000260d  __TI_decompress_lzss           
00003007  __TI_decompress_none           
00002a71  __TI_doflush                   
2000243c  __TI_dtors_ptr                 
20002440  __TI_enable_exit_profile_output
20002428  __TI_ft_end                    
000029cb  __TI_ltoa                      
ffffffff  __TI_pprof_out_hndl            
0000026d  __TI_printfi                   
ffffffff  __TI_prof_data_size            
ffffffff  __TI_prof_data_start           
00002dc1  __TI_readmsg                   
00000000  __TI_static_base__             
2000257c  __TI_tmpnams                   
00002ce9  __TI_writemsg                  
000027a5  __TI_wrt_ok                    
00003015  __TI_zero_init                 
0000225d  __aeabi_cdcmpeq                
0000225d  __aeabi_cdcmple                
000022e3  __aeabi_cdrcmple               
00002b51  __aeabi_d2iz                   
0000134f  __aeabi_dadd                   
000017a9  __aeabi_ddiv                   
00001d31  __aeabi_dmul                   
00001345  __aeabi_dsub                   
0000302d  __aeabi_errno_addr             
00002e59  __aeabi_i2d                    
000014fb  __aeabi_idiv0                  
000014fb  __aeabi_ldiv0                  
00002369  __aeabi_memclr                 
00002369  __aeabi_memclr4                
00002369  __aeabi_memclr8                
0000209f  __aeabi_memcpy                 
0000209f  __aeabi_memcpy4                
0000209f  __aeabi_memcpy8                
0000236b  __aeabi_memset                 
0000236b  __aeabi_memset4                
0000236b  __aeabi_memset8                
20002434  __aeabi_stderr                 
2000242c  __aeabi_stdin                  
20002430  __aeabi_stdout                 
0000213b  __aeabi_uldivmod               
ffffffff  __binit__                      
ffffffff  __c_args__                     
UNDEFED   __mpu_init                     
20000270  __stack                        
20000000  __start___llvm_prf_cnts        
20000000  __stop___llvm_prf_cnts         
00002df5  _c_int00_noargs                
0000304c  _ctypes_                       
20002360  _device                        
20002270  _ftable                        
20002444  _lock                          
00000cbb  _nop                           
20002458  _running                       
200023d8  _stream                        
20001270  _sys_memory                    
UNDEFED   _system_post_cinit             
00003045  _system_pre_init               
20002624  _timeout_ticks                 
20002448  _unlock                        
00003049  abort                          
00001c29  aligned_alloc                  
00002abd  atoi                           
ffffffff  binit                          
00002869  close                          
00002f85  copysign                       
00002f85  copysignl                      
20002454  errno                          
00002b09  exit                           
00002e29  finddevice                     
000021d1  fputc                          
00001a05  fputs                          
00001e2d  free                           
000026dd  frexp                          
000026dd  frexpl                         
00002741  fseek                          
20000000  g_pfnRAMVectors                
00000000  g_pfnVectors                   
00002c65  getdevice                      
00001b19  ldexp                          
00001b19  ldexpl                         
00002edd  lseek                          
000014fd  main                           
00003035  malloc                         
00001c29  memalign                       
00002f69  memccpy                        
00002f2d  memchr                         
0000209f  memcpy                         
00002371  memset                         
2000261c  parmbuf                        
00002675  printf                         
000021d1  putc                           
00002e89  remove                         
00001b19  scalbn                         
00001b19  scalbnl                        
00001559  servo_init                     
000015d9  servo_move                     
00001f11  setvbuf                        
00002fb7  strchr                         
00002f9f  strcmp                         
00002fcd  strcpy                         
00002fe1  strlen                         
00002d21  strncpy                        
0000104b  timer_getMicros                
00000ff3  timer_getMillis                
00000f2d  timer_init                     
00000fcf  timer_pause                    
00000fe1  timer_resume                   
00000fa5  timer_stop                     
000010a5  timer_waitMicros               
000010d7  timer_waitMillis               
00002e89  unlink                         
00002ff5  wcslen                         
00002f05  write                          


GLOBAL SYMBOLS: SORTED BY Symbol Address 

address   name                           
-------   ----                           
00000000  __TI_static_base__             
00000000  g_pfnVectors                   
0000026d  __TI_printfi                   
00000cbb  _nop                           
00000f2d  timer_init                     
00000fa5  timer_stop                     
00000fcf  timer_pause                    
00000fe1  timer_resume                   
00000ff3  timer_getMillis                
00001000  __STACK_SIZE                   
00001000  __SYSMEM_SIZE                  
0000104b  timer_getMicros                
000010a5  timer_waitMicros               
000010d7  timer_waitMillis               
00001345  __aeabi_dsub                   
0000134f  __aeabi_dadd                   
000014fb  __aeabi_idiv0                  
000014fb  __aeabi_ldiv0                  
000014fd  main                           
00001559  servo_init                     
000015d9  servo_move                     
000017a9  __aeabi_ddiv                   
00001a05  fputs                          
00001b19  ldexp                          
00001b19  ldexpl                         
00001b19  scalbn                         
00001b19  scalbnl                        
00001c29  aligned_alloc                  
00001c29  memalign                       
00001d31  __aeabi_dmul                   
00001e2d  free                           
00001f11  setvbuf                        
0000209f  __aeabi_memcpy                 
0000209f  __aeabi_memcpy4                
0000209f  __aeabi_memcpy8                
0000209f  memcpy                         
0000213b  __aeabi_uldivmod               
000021d1  fputc                          
000021d1  putc                           
0000225d  __aeabi_cdcmpeq                
0000225d  __aeabi_cdcmple                
000022e3  __aeabi_cdrcmple               
00002369  __aeabi_memclr                 
00002369  __aeabi_memclr4                
00002369  __aeabi_memclr8                
0000236b  __aeabi_memset                 
0000236b  __aeabi_memset4                
0000236b  __aeabi_memset8                
00002371  memset                         
000023e5  __TI_closefile                 
00002539  HOSTrename                     
000025a5  HOSTlseek                      
0000260d  __TI_decompress_lzss           
00002675  printf                         
000026dd  frexp                          
000026dd  frexpl                         
00002741  fseek                          
000027a5  __TI_wrt_ok                    
00002809  HOSTopen                       
00002869  close                          
000028c5  HOSTread                       
0000291d  HOSTwrite                      
000029cb  __TI_ltoa                      
00002a71  __TI_doflush                   
00002abd  atoi                           
00002b09  exit                           
00002b51  __aeabi_d2iz                   
00002b99  HOSTclose                      
00002bdd  HOSTunlink                     
00002c21  __TI_auto_init_nobinit_nopinit 
00002c65  getdevice                      
00002ce9  __TI_writemsg                  
00002d17  C$$IO$$                        
00002d21  strncpy                        
00002d59  IntRegister                    
00002d8d  __TI_cleanup                   
00002dc1  __TI_readmsg                   
00002df5  _c_int00_noargs                
00002e29  finddevice                     
00002e59  __aeabi_i2d                    
00002e89  remove                         
00002e89  unlink                         
00002edd  lseek                          
00002f05  write                          
00002f2d  memchr                         
00002f69  memccpy                        
00002f85  copysign                       
00002f85  copysignl                      
00002f9f  strcmp                         
00002fb7  strchr                         
00002fcd  strcpy                         
00002fe1  strlen                         
00002ff5  wcslen                         
00003007  __TI_decompress_none           
00003015  __TI_zero_init                 
00003021  ResetISR                       
0000302d  __aeabi_errno_addr             
00003035  malloc                         
00003045  _system_pre_init               
00003049  C$$EXIT                        
00003049  abort                          
0000304c  _ctypes_                       
000031bc  __TI_Handler_Table_Base        
000031c8  __TI_Handler_Table_Limit       
000031d8  __TI_CINIT_Base                
000031f0  __TI_CINIT_Limit               
20000000  __start___llvm_prf_cnts        
20000000  __stop___llvm_prf_cnts         
20000000  g_pfnRAMVectors                
20000270  __stack                        
20000470  __STACK_TOP                    
20001270  __STACK_END                    
20001270  _sys_memory                    
20002270  _ftable                        
20002360  _device                        
200023d8  _stream                        
20002428  __TI_ft_end                    
2000242c  __aeabi_stdin                  
20002430  __aeabi_stdout                 
20002434  __aeabi_stderr                 
20002438  __TI_cleanup_ptr               
2000243c  __TI_dtors_ptr                 
20002440  __TI_enable_exit_profile_output
20002444  _lock                          
20002448  _unlock                        
20002454  errno                          
20002458  _running                       
2000245c  __CIOBUF_                      
2000257c  __TI_tmpnams                   
2000261c  parmbuf                        
20002624  _timeout_ticks                 
ffffffff  __TI_pprof_out_hndl            
ffffffff  __TI_prof_data_size            
ffffffff  __TI_prof_data_start           
ffffffff  __binit__                      
ffffffff  __c_args__                     
ffffffff  binit                          
UNDEFED   __mpu_init                     
UNDEFED   _system_post_cinit             

[139 symbols]
