******************************************************************************
                  TI ARM Linker PC v20.2.0                     
******************************************************************************
>> Linked Mon May  4 00:21:08 2020

OUTPUT FILE NAME:   <Lab9.out>
ENTRY POINT SYMBOL: "_c_int00_noargs"  address: 000038a1


MEMORY CONFIGURATION

         name            origin    length      used     unused   attr    fill
----------------------  --------  ---------  --------  --------  ----  --------
  FLASH                 00000000   00040000  00003be0  0003c420  R  X
  SRAM                  20000000   00008000  0000136d  00006c93  RW X


SEGMENT ALLOCATION MAP

run origin  load origin   length   init length attrs members
----------  ----------- ---------- ----------- ----- -------
00000000    00000000    00003be8   00003be8    r-x
  00000000    00000000    0000026c   0000026c    r-- .intvecs
  0000026c    0000026c    000037f0   000037f0    r-x .text
  00003a60    00003a60    0000013c   0000013c    r-- .const
  00003ba0    00003ba0    00000048   00000048    r-- .cinit
20000000    20000000    00001371   00000000    rw-
  20000000    20000000    0000026c   00000000    rw- .vtable
  20000270    20000270    00001000   00000000    rw- .stack
  20001270    20001270    000000e0   00000000    rw- .bss
  20001350    20001350    00000021   00000000    rw- .data


SECTION ALLOCATION MAP

 output                                  attributes/
section   page    origin      length       input sections
--------  ----  ----------  ----------   ----------------
.intvecs   0    00000000    0000026c     
                  00000000    0000026c     tm4c123gh6pm_startup_ccs.obj (.intvecs)

.text      0    0000026c    000037f0     
                  0000026c    00000a4e     rtsv7M4_T_le_v4SPD16_eabi.lib : _printfi.c.obj (.text:__TI_printfi)
                  00000cba    00000002                                   : div0.asm.obj (.text)
                  00000cbc    000009c0                                   : e_pow.c.obj (.text:pow)
                  0000167c    00000360     main.obj (.text)
                  000019dc    00000328     lcd.obj (.text)
                  00001d04    00000280     ping.obj (.text)
                  00001f84    00000270     rtsv7M4_T_le_v4SPD16_eabi.lib : _printfi.c.obj (.text:_pconv_a)
                  000021f4    00000248     Timer.obj (.text)
                  0000243c    000001d0     rtsv7M4_T_le_v4SPD16_eabi.lib : _printfi.c.obj (.text:_pconv_g)
                  0000260c    000001b6                                   : fd_add_t2.asm.obj (.text)
                  000027c2    00000002     --HOLE-- [fill = 0]
                  000027c4    00000158                                   : e_sqrt.c.obj (.text:sqrt)
                  0000291c    0000013c                                   : _printfi.c.obj (.text:_pconv_e)
                  00002a58    00000136                                   : fd_div_t2.asm.obj (.text)
                  00002b8e    00000002     --HOLE-- [fill = 0]
                  00002b90    00000124                                   : _printfi.c.obj (.text:fcvt)
                  00002cb4    00000110                                   : s_scalbn.c.obj (.text:scalbn)
                  00002dc4    00000110     servo.obj (.text)
                  00002ed4    000000fc     adc.obj (.text)
                  00002fd0    000000fc     rtsv7M4_T_le_v4SPD16_eabi.lib : fd_mul_t2.asm.obj (.text)
                  000030cc    000000b1                                   : _printfi.c.obj (.text:_ltostr)
                  0000317d    00000001     --HOLE-- [fill = 0]
                  0000317e    0000009c                                   : memcpy_t2.asm.obj (.text)
                  0000321a    00000096                                   : ull_div_t2.asm.obj (.text)
                  000032b0    00000086                                   : fd_cmp_t2.asm.obj (.text:__aeabi_cdcmple)
                  00003336    00000086                                   : fd_cmp_t2.asm.obj (.text:__aeabi_cdrcmple)
                  000033bc    0000007a                                   : memset_t2.asm.obj (.text)
                  00003436    0000006e                                   : _printfi.c.obj (.text:_mcpy)
                  000034a4    0000006e                                   : fd_tos_t2.asm.obj (.text)
                  00003512    00000068                                   : copy_decompress_lzss.c.obj (.text:decompress:lzss:__TI_decompress_lzss)
                  0000357a    00000002     --HOLE-- [fill = 0]
                  0000357c    00000064                                   : s_frexp.c.obj (.text:frexp)
                  000035e0    00000056                                   : _printfi.c.obj (.text:_pconv_f)
                  00003636    00000054                                   : _ltoa.c.obj (.text:__TI_ltoa)
                  0000368a    00000052                                   : _printfi.c.obj (.text:_ecpy)
                  000036dc    0000004c                                   : atoi.c.obj (.text:atoi)
                  00003728    00000048                                   : fd_toi_t2.asm.obj (.text)
                  00003770    00000044                                   : autoinit.c.obj (.text:__TI_auto_init_nobinit_nopinit:__TI_auto_init_nobinit_nopinit)
                  000037b4    00000040                                   : vsnprintf.c.obj (.text:vsnprintf)
                  000037f4    0000003e                                   : _printfi.c.obj (.text:_fcpy)
                  00003832    00000038                                   : fs_tod_t2.asm.obj (.text)
                  0000386a    00000002     --HOLE-- [fill = 0]
                  0000386c    00000034     driverlib.lib : interrupt.obj (.text:IntRegister)
                  000038a0    00000034     rtsv7M4_T_le_v4SPD16_eabi.lib : boot_cortex_m.c.obj (.text:_c_int00_noargs:_c_int00_noargs)
                  000038d4    00000030                                   : vsnprintf.c.obj (.text:_outs)
                  00003904    0000002e                                   : i_tofd_t2.asm.obj (.text)
                  00003932    0000001c                                   : copy_zero_init.c.obj (.text:decompress:ZI:__TI_zero_init_nomemset:__TI_zero_init_nomemset)
                  0000394e    0000001c                                   : memccpy.c.obj (.text:memccpy)
                  0000396a    0000001a                                   : s_copysign.c.obj (.text:copysign)
                  00003984    00000018                                   : vsnprintf.c.obj (.text:_outc)
                  0000399c    00000018                                   : strcmp.c.obj (.text:strcmp)
                  000039b4    00000016                                   : strchr.c.obj (.text:strchr)
                  000039ca    00000014                                   : strcpy.c.obj (.text:strcpy)
                  000039de    00000014                                   : strlen.c.obj (.text:strlen)
                  000039f2    00000012                                   : wcslen.c.obj (.text:wcslen)
                  00003a04    00000010     driverlib.lib : interrupt.obj (.text:IntMasterEnable)
                  00003a14    00000010     lcd.obj (.text:lcd_clear)
                  00003a24    0000000e     rtsv7M4_T_le_v4SPD16_eabi.lib : copy_decompress_none.c.obj (.text:decompress:none:__TI_decompress_none)
                  00003a32    0000000c     driverlib.lib : cpu.obj (.text:CPUcpsie)
                  00003a3e    0000000c     tm4c123gh6pm_startup_ccs.obj (.text)
                  00003a4a    00000002     --HOLE-- [fill = 0]
                  00003a4c    00000008     rtsv7M4_T_le_v4SPD16_eabi.lib : errno.c.obj (.text:__aeabi_errno_addr)
                  00003a54    00000004                                   : pre_init.c.obj (.text:_system_pre_init)
                  00003a58    00000004                                   : exit.c.obj (.text:abort:abort)

.const     0    00003a60    0000013c     
                  00003a60    00000101     rtsv7M4_T_le_v4SPD16_eabi.lib : ctype.c.obj (.const:.string:_ctypes_)
                  00003b61    00000004     lcd.obj (.const:.string:lineAddress$1)
                  00003b65    00000003     --HOLE-- [fill = 0]
                  00003b68    00000030     rtsv7M4_T_le_v4SPD16_eabi.lib : e_pow.c.obj (.const:$O1$$)
                  00003b98    00000004     lcd.obj (.const:.string:lineAddresses$2)

.cinit     0    00003ba0    00000048     
                  00003ba0    00000010     (.cinit..data.load) [load image, compression = lzss]
                  00003bb0    0000000c     (__TI_handler_table)
                  00003bbc    00000004     --HOLE-- [fill = 0]
                  00003bc0    00000008     (.cinit..bss.load) [load image, compression = zero_init]
                  00003bc8    00000008     (.cinit..vtable.load) [load image, compression = zero_init]
                  00003bd0    00000018     (__TI_cinit_table)

.init_array 
*          0    00000000    00000000     UNINITIALIZED

.vtable    0    20000000    0000026c     UNINITIALIZED
                  20000000    0000026c     driverlib.lib : interrupt.obj (.vtable)

.bss       0    20001270    000000e0     UNINITIALIZED
                  20001270    00000078     (.common:objects)
                  200012e8    00000054     lcd.obj (.bss:lastbuffer$3)
                  2000133c    00000004     (.common:IRdigitalValue)
                  20001340    00000004     (.common:IRdistance)
                  20001344    00000004     (.common:LastIRdistance)
                  20001348    00000004     (.common:PINGdistance)
                  2000134c    00000004     (.common:_timeout_ticks)

.data      0    20001350    00000021     UNINITIALIZED
                  20001350    00000014     ping.obj (.data)
                  20001364    00000008     main.obj (.data)
                  2000136c    00000004     rtsv7M4_T_le_v4SPD16_eabi.lib : errno.c.obj (.data)
                  20001370    00000001     Timer.obj (.data)

.stack     0    20000270    00001000     UNINITIALIZED
                  20000270    00000004     rtsv7M4_T_le_v4SPD16_eabi.lib : boot_cortex_m.c.obj (.stack)
                  20000274    00000ffc     --HOLE--

__llvm_prf_cnts 
*          0    20000000    00000000     UNINITIALIZED

MODULE SUMMARY

       Module                         code    ro data   rw data
       ------                         ----    -------   -------
    .\
       main.obj                       864     0         144    
       lcd.obj                        824     8         84     
       ping.obj                       640     0         20     
       tm4c123gh6pm_startup_ccs.obj   12      620       0      
       Timer.obj                      584     0         5      
       servo.obj                      272     0         0      
       adc.obj                        252     0         0      
    +--+------------------------------+-------+---------+---------+
       Total:                         3448    628       253    
                                                               
    D:/TI Drivers/driverlib/ccs/Debug/driverlib.lib
       interrupt.obj                  68      0         620    
       cpu.obj                        12      0         0      
    +--+------------------------------+-------+---------+---------+
       Total:                         80      0         620    
                                                               
    D:\CodeComposer\ccs\tools\compiler\ti-cgt-arm_20.2.0.LTS\lib\rtsv7M4_T_le_v4SPD16_eabi.lib
       _printfi.c.obj                 4851    0         0      
       e_pow.c.obj                    2496    48        0      
       fd_add_t2.asm.obj              438     0         0      
       e_sqrt.c.obj                   344     0         0      
       fd_div_t2.asm.obj              310     0         0      
       s_scalbn.c.obj                 272     0         0      
       fd_cmp_t2.asm.obj              268     0         0      
       ctype.c.obj                    0       257       0      
       fd_mul_t2.asm.obj              252     0         0      
       memcpy_t2.asm.obj              156     0         0      
       ull_div_t2.asm.obj             150     0         0      
       vsnprintf.c.obj                136     0         0      
       memset_t2.asm.obj              122     0         0      
       fd_tos_t2.asm.obj              110     0         0      
       copy_decompress_lzss.c.obj     104     0         0      
       s_frexp.c.obj                  100     0         0      
       _ltoa.c.obj                    84      0         0      
       atoi.c.obj                     76      0         0      
       fd_toi_t2.asm.obj              72      0         0      
       autoinit.c.obj                 68      0         0      
       fs_tod_t2.asm.obj              56      0         0      
       boot_cortex_m.c.obj            52      0         0      
       i_tofd_t2.asm.obj              46      0         0      
       copy_zero_init.c.obj           28      0         0      
       memccpy.c.obj                  28      0         0      
       s_copysign.c.obj               26      0         0      
       strcmp.c.obj                   24      0         0      
       strchr.c.obj                   22      0         0      
       strcpy.c.obj                   20      0         0      
       strlen.c.obj                   20      0         0      
       wcslen.c.obj                   18      0         0      
       copy_decompress_none.c.obj     14      0         0      
       errno.c.obj                    8       0         4      
       exit.c.obj                     4       0         0      
       pre_init.c.obj                 4       0         0      
       div0.asm.obj                   2       0         0      
    +--+------------------------------+-------+---------+---------+
       Total:                         10781   305       4      
                                                               
       Stack:                         0       0         4096   
       Linker Generated:              0       68        0      
    +--+------------------------------+-------+---------+---------+
       Grand Total:                   14309   1001      4973   


LINKER GENERATED COPY TABLES

__TI_cinit_table @ 00003bd0 records: 3, size/record: 8, table size: 24
	.data: load addr=00003ba0, load size=00000010 bytes, run addr=20001350, run size=00000021 bytes, compression=lzss
	.bss: load addr=00003bc0, load size=00000008 bytes, run addr=20001270, run size=000000e0 bytes, compression=zero_init
	.vtable: load addr=00003bc8, load size=00000008 bytes, run addr=20000000, run size=0000026c bytes, compression=zero_init


LINKER GENERATED HANDLER TABLE

__TI_handler_table @ 00003bb0 records: 3, size/record: 4, table size: 12
	index: 0, handler: __TI_zero_init
	index: 1, handler: __TI_decompress_lzss
	index: 2, handler: __TI_decompress_none


GLOBAL SYMBOLS: SORTED ALPHABETICALLY BY Name 

address   name                          
-------   ----                          
00003a59  C$$EXIT                       
00003a33  CPUcpsie                      
2000133c  IRdigitalValue                
20001340  IRdistance                    
00003a05  IntMasterEnable               
0000386d  IntRegister                   
20001344  LastIRdistance                
00001691  OWO                           
20001348  PINGdistance                  
00003a3f  ResetISR                      
20001270  __STACK_END                   
00001000  __STACK_SIZE                  
20000470  __STACK_TOP                   
00003bd0  __TI_CINIT_Base               
00003be8  __TI_CINIT_Limit              
00003bb0  __TI_Handler_Table_Base       
00003bbc  __TI_Handler_Table_Limit      
00003771  __TI_auto_init_nobinit_nopinit
00003513  __TI_decompress_lzss          
00003a25  __TI_decompress_none          
00003637  __TI_ltoa                     
ffffffff  __TI_pprof_out_hndl           
0000026d  __TI_printfi                  
ffffffff  __TI_prof_data_size           
ffffffff  __TI_prof_data_start          
00000000  __TI_static_base__            
00003933  __TI_zero_init_nomemset       
000032b1  __aeabi_cdcmpeq               
000032b1  __aeabi_cdcmple               
00003337  __aeabi_cdrcmple              
000034a5  __aeabi_d2f                   
00003729  __aeabi_d2iz                  
00002617  __aeabi_dadd                  
00002a59  __aeabi_ddiv                  
00002fd1  __aeabi_dmul                  
0000260d  __aeabi_dsub                  
00003a4d  __aeabi_errno_addr            
00003833  __aeabi_f2d                   
00003905  __aeabi_i2d                   
00000cbb  __aeabi_idiv0                 
00000cbb  __aeabi_ldiv0                 
000033bd  __aeabi_memclr                
000033bd  __aeabi_memclr4               
000033bd  __aeabi_memclr8               
0000317f  __aeabi_memcpy                
0000317f  __aeabi_memcpy4               
0000317f  __aeabi_memcpy8               
000033bf  __aeabi_memset                
000033bf  __aeabi_memset4               
000033bf  __aeabi_memset8               
0000321b  __aeabi_uldivmod              
ffffffff  __binit__                     
ffffffff  __c_args__                    
UNDEFED   __mpu_init                    
20000270  __stack                       
20000000  __start___llvm_prf_cnts       
20000000  __stop___llvm_prf_cnts        
000038a1  _c_int00_noargs               
00003a60  _ctypes_                      
20001370  _running                      
UNDEFED   _system_post_cinit            
00003a55  _system_pre_init              
2000134c  _timeout_ticks                
00003a59  abort                         
00002ed5  adc_init                      
00002f63  adc_read                      
000036dd  atoi                          
ffffffff  binit                         
00001911  calculateRadialWidth          
0000396b  copysign                      
0000396b  copysignl                     
20001368  degreeIncrement               
20001358  delta                         
2000135c  edge                          
2000136c  errno                         
20001354  falling_edge                  
0000357d  frexp                         
0000357d  frexpl                        
20000000  g_pfnRAMVectors               
00000000  g_pfnVectors                  
20001360  interruptstatus               
00003a15  lcd_clear                     
00001bb1  lcd_gotoLine                  
00001a19  lcd_init                      
00001c17  lcd_printf                    
00001ad9  lcd_putc                      
00001b11  lcd_puts                      
000019dd  lcd_reverseNibble             
00001b2f  lcd_sendCommand               
00001b6d  lcd_sendNibble                
00001bd9  lcd_setCursorPos              
00002cb5  ldexp                         
00002cb5  ldexpl                        
0000167d  main                          
0000394f  memccpy                       
0000317f  memcpy                        
000033c5  memset                        
20001364  objectCounter                 
20001270  objects                       
00001eaf  ping_getDistance              
00001d05  ping_handler                  
00001d6d  ping_init                     
00001e2f  ping_trigger                  
00000cbd  pow                           
00000cbd  powl                          
20001350  rising_edge                   
00002cb5  scalbn                        
00002cb5  scalbnl                       
00002dc5  servo_init                    
00002e57  servo_move                    
000027c5  sqrt                          
000027c5  sqrtl                         
000039b5  strchr                        
0000399d  strcmp                        
000039cb  strcpy                        
000039df  strlen                        
000018f9  superInit                     
00002313  timer_getMicros               
000022bb  timer_getMillis               
000021f5  timer_init                    
00002297  timer_pause                   
000022a9  timer_resume                  
0000226d  timer_stop                    
0000236d  timer_waitMicros              
0000239f  timer_waitMillis              
000037b5  vsnprintf                     
000039f3  wcslen                        


GLOBAL SYMBOLS: SORTED BY Symbol Address 

address   name                          
-------   ----                          
00000000  __TI_static_base__            
00000000  g_pfnVectors                  
0000026d  __TI_printfi                  
00000cbb  __aeabi_idiv0                 
00000cbb  __aeabi_ldiv0                 
00000cbd  pow                           
00000cbd  powl                          
00001000  __STACK_SIZE                  
0000167d  main                          
00001691  OWO                           
000018f9  superInit                     
00001911  calculateRadialWidth          
000019dd  lcd_reverseNibble             
00001a19  lcd_init                      
00001ad9  lcd_putc                      
00001b11  lcd_puts                      
00001b2f  lcd_sendCommand               
00001b6d  lcd_sendNibble                
00001bb1  lcd_gotoLine                  
00001bd9  lcd_setCursorPos              
00001c17  lcd_printf                    
00001d05  ping_handler                  
00001d6d  ping_init                     
00001e2f  ping_trigger                  
00001eaf  ping_getDistance              
000021f5  timer_init                    
0000226d  timer_stop                    
00002297  timer_pause                   
000022a9  timer_resume                  
000022bb  timer_getMillis               
00002313  timer_getMicros               
0000236d  timer_waitMicros              
0000239f  timer_waitMillis              
0000260d  __aeabi_dsub                  
00002617  __aeabi_dadd                  
000027c5  sqrt                          
000027c5  sqrtl                         
00002a59  __aeabi_ddiv                  
00002cb5  ldexp                         
00002cb5  ldexpl                        
00002cb5  scalbn                        
00002cb5  scalbnl                       
00002dc5  servo_init                    
00002e57  servo_move                    
00002ed5  adc_init                      
00002f63  adc_read                      
00002fd1  __aeabi_dmul                  
0000317f  __aeabi_memcpy                
0000317f  __aeabi_memcpy4               
0000317f  __aeabi_memcpy8               
0000317f  memcpy                        
0000321b  __aeabi_uldivmod              
000032b1  __aeabi_cdcmpeq               
000032b1  __aeabi_cdcmple               
00003337  __aeabi_cdrcmple              
000033bd  __aeabi_memclr                
000033bd  __aeabi_memclr4               
000033bd  __aeabi_memclr8               
000033bf  __aeabi_memset                
000033bf  __aeabi_memset4               
000033bf  __aeabi_memset8               
000033c5  memset                        
000034a5  __aeabi_d2f                   
00003513  __TI_decompress_lzss          
0000357d  frexp                         
0000357d  frexpl                        
00003637  __TI_ltoa                     
000036dd  atoi                          
00003729  __aeabi_d2iz                  
00003771  __TI_auto_init_nobinit_nopinit
000037b5  vsnprintf                     
00003833  __aeabi_f2d                   
0000386d  IntRegister                   
000038a1  _c_int00_noargs               
00003905  __aeabi_i2d                   
00003933  __TI_zero_init_nomemset       
0000394f  memccpy                       
0000396b  copysign                      
0000396b  copysignl                     
0000399d  strcmp                        
000039b5  strchr                        
000039cb  strcpy                        
000039df  strlen                        
000039f3  wcslen                        
00003a05  IntMasterEnable               
00003a15  lcd_clear                     
00003a25  __TI_decompress_none          
00003a33  CPUcpsie                      
00003a3f  ResetISR                      
00003a4d  __aeabi_errno_addr            
00003a55  _system_pre_init              
00003a59  C$$EXIT                       
00003a59  abort                         
00003a60  _ctypes_                      
00003bb0  __TI_Handler_Table_Base       
00003bbc  __TI_Handler_Table_Limit      
00003bd0  __TI_CINIT_Base               
00003be8  __TI_CINIT_Limit              
20000000  __start___llvm_prf_cnts       
20000000  __stop___llvm_prf_cnts        
20000000  g_pfnRAMVectors               
20000270  __stack                       
20000470  __STACK_TOP                   
20001270  __STACK_END                   
20001270  objects                       
2000133c  IRdigitalValue                
20001340  IRdistance                    
20001344  LastIRdistance                
20001348  PINGdistance                  
2000134c  _timeout_ticks                
20001350  rising_edge                   
20001354  falling_edge                  
20001358  delta                         
2000135c  edge                          
20001360  interruptstatus               
20001364  objectCounter                 
20001368  degreeIncrement               
2000136c  errno                         
20001370  _running                      
ffffffff  __TI_pprof_out_hndl           
ffffffff  __TI_prof_data_size           
ffffffff  __TI_prof_data_start          
ffffffff  __binit__                     
ffffffff  __c_args__                    
ffffffff  binit                         
UNDEFED   __mpu_init                    
UNDEFED   _system_post_cinit            

[127 symbols]
