******************************************************************************
                  TI ARM Linker PC v18.12.2                    
******************************************************************************
>> Linked Tue Feb  4 20:08:00 2020

OUTPUT FILE NAME:   <Lab3.out>
ENTRY POINT SYMBOL: "_c_int00_noargs"  address: 000030a1


MEMORY CONFIGURATION

         name            origin    length      used     unused   attr    fill
----------------------  --------  ---------  --------  --------  ----  --------
  FLASH                 00000000   00040000  00003521  0003cadf  R  X
  SRAM                  20000000   00008000  00002676  0000598a  RW X


SEGMENT ALLOCATION MAP

run origin  load origin   length   init length attrs members
----------  ----------- ---------- ----------- ----- -------
00000000    00000000    00003528   00003528    r-x
  00000000    00000000    0000026c   0000026c    r-- .intvecs
  0000026c    0000026c    0000310c   0000310c    r-x .text
  00003378    00003378    00000109   00000109    r-- .const
  00003488    00003488    000000a0   000000a0    r-- .cinit
20000000    20000000    0000267a   00000000    rw-
  20000000    20000000    0000026c   00000000    rw- .vtable
  20000270    20000270    00001000   00000000    rw- .stack
  20001270    20001270    00001000   00000000    rw- .sysmem
  20002270    20002270    00000220   00000000    rw- .bss
  20002490    20002490    000001ea   00000000    rw- .data


SECTION ALLOCATION MAP

 output                                  attributes/
section   page    origin      length       input sections
--------  ----  ----------  ----------   ----------------
.intvecs   0    00000000    0000026c     
                  00000000    0000026c     tm4c123gh6pm_startup_ccs.obj (.intvecs)

.text      0    0000026c    0000310c     
                  0000026c    00000a4e     rtsv7M4_T_le_v4SPD16_eabi.lib : _printfi.c.obj (.text:__TI_printfi)
                  00000cba    00000002                                   : _lock.c.obj (.text:_nop)
                  00000cbc    00000328     lcd.obj (.text)
                  00000fe4    00000270     rtsv7M4_T_le_v4SPD16_eabi.lib : _printfi.c.obj (.text:_pconv_a)
                  00001254    00000248     Timer.obj (.text)
                  0000149c    000001d0     rtsv7M4_T_le_v4SPD16_eabi.lib : _printfi.c.obj (.text:_pconv_g)
                  0000166c    000001b6                                   : fd_add_t2.asm.obj (.text)
                  00001822    00000002                                   : div0.asm.obj (.text)
                  00001824    0000013c                                   : _printfi.c.obj (.text:_pconv_e)
                  00001960    00000136                                   : fd_div_t2.asm.obj (.text)
                  00001a96    00000002     --HOLE-- [fill = 0]
                  00001a98    00000124                                   : _printfi.c.obj (.text:fcvt)
                  00001bbc    00000114                                   : fputs.c.obj (.text:fputs)
                  00001cd0    00000110                                   : s_scalbn.c.obj (.text:scalbn)
                  00001de0    000000fc                                   : fd_mul_t2.asm.obj (.text)
                  00001edc    000000f4                                   : memory.c.obj (.text:aligned_alloc)
                  00001fd0    000000e8                                   : memory.c.obj (.text:free)
                  000020b8    000000dc                                   : setvbuf.c.obj (.text:setvbuf)
                  00002194    000000bc     button.obj (.text)
                  00002250    000000b1     rtsv7M4_T_le_v4SPD16_eabi.lib : _printfi.c.obj (.text:_ltostr)
                  00002301    00000001     --HOLE-- [fill = 0]
                  00002302    0000009c                                   : memcpy_t2.asm.obj (.text)
                  0000239e    00000096                                   : ull_div_t2.asm.obj (.text)
                  00002434    0000008c                                   : fputc.c.obj (.text:fputc)
                  000024c0    00000086                                   : fd_cmp_t2.asm.obj (.text:__aeabi_cdcmple)
                  00002546    00000086                                   : fd_cmp_t2.asm.obj (.text:__aeabi_cdrcmple)
                  000025cc    0000007c                                   : memory.c.obj (.text:split)
                  00002648    0000007a                                   : memset_t2.asm.obj (.text)
                  000026c2    00000002     --HOLE-- [fill = 0]
                  000026c4    00000074                                   : fclose.c.obj (.text:__TI_closefile)
                  00002738    0000006e                                   : _printfi.c.obj (.text:_mcpy)
                  000027a6    00000002     --HOLE-- [fill = 0]
                  000027a8    00000068                                   : hostlseek.c.obj (.text:HOSTlseek)
                  00002810    00000068                                   : hostrename.c.obj (.text:HOSTrename)
                  00002878    00000068                                   : copy_decompress_lzss.c.obj (.text:decompress:lzss:__TI_decompress_lzss)
                  000028e0    00000068                                   : printf.c.obj (.text:printf)
                  00002948    00000064                                   : s_frexp.c.obj (.text:frexp)
                  000029ac    00000064                                   : fseek.c.obj (.text:fseek)
                  00002a10    00000062                                   : _io_perm.c.obj (.text:__TI_wrt_ok)
                  00002a72    00000002     --HOLE-- [fill = 0]
                  00002a74    00000060                                   : hostopen.c.obj (.text:HOSTopen)
                  00002ad4    0000005c                                   : close.c.obj (.text:close)
                  00002b30    00000058                                   : hostread.c.obj (.text:HOSTread)
                  00002b88    00000058                                   : hostwrite.c.obj (.text:HOSTwrite)
                  00002be0    00000056                                   : _printfi.c.obj (.text:_pconv_f)
                  00002c36    00000054                                   : ltoa.c.obj (.text:ltoa)
                  00002c8a    00000052                                   : _printfi.c.obj (.text:_ecpy)
                  00002cdc    0000004c                                   : fflush.c.obj (.text:__TI_doflush)
                  00002d28    0000004c                                   : atoi.c.obj (.text:atoi)
                  00002d74    00000048                                   : exit.c.obj (.text:exit)
                  00002dbc    00000048                                   : fd_toi_t2.asm.obj (.text)
                  00002e04    00000044                                   : hostclose.c.obj (.text:HOSTclose)
                  00002e48    00000044                                   : hostunlink.c.obj (.text:HOSTunlink)
                  00002e8c    00000044                                   : autoinit.c.obj (.text:__TI_auto_init_nobinit_nopinit:__TI_auto_init_nobinit_nopinit)
                  00002ed0    00000044                                   : getdevice.c.obj (.text:getdevice)
                  00002f14    00000040                                   : vsnprintf.c.obj (.text:vsnprintf)
                  00002f54    0000003e                                   : _printfi.c.obj (.text:_fcpy)
                  00002f92    00000002     --HOLE-- [fill = 0]
                  00002f94    00000038                                   : trgmsg.c.obj (.text:__TI_writemsg)
                  00002fcc    00000036                                   : strncpy.c.obj (.text:strncpy)
                  00003002    00000002     --HOLE-- [fill = 0]
                  00003004    00000034     driverlib.lib : interrupt.obj (.text:IntRegister)
                  00003038    00000034     rtsv7M4_T_le_v4SPD16_eabi.lib : fopen.c.obj (.text:__TI_cleanup)
                  0000306c    00000034                                   : trgmsg.c.obj (.text:__TI_readmsg)
                  000030a0    00000034                                   : boot_cortex_m.c.obj (.text:_c_int00_noargs:_c_int00_noargs)
                  000030d4    00000030                                   : vsnprintf.c.obj (.text:_outs)
                  00003104    00000030                                   : getdevice.c.obj (.text:finddevice)
                  00003134    0000002e                                   : i_tofd_t2.asm.obj (.text)
                  00003162    00000002     --HOLE-- [fill = 0]
                  00003164    0000002c                                   : unlink.c.obj (.text:unlink)
                  00003190    00000028                                   : memory.c.obj (.text:free_list_insert)
                  000031b8    00000028                                   : lseek.c.obj (.text:lseek)
                  000031e0    00000028                                   : write.c.obj (.text:write)
                  00003208    00000026     lab3_template.obj (.text)
                  0000322e    00000020     rtsv7M4_T_le_v4SPD16_eabi.lib : memchr.c.obj (.text:memchr)
                  0000324e    00000002     --HOLE-- [fill = 0]
                  00003250    0000001c                                   : memory.c.obj (.text:free_list_remove)
                  0000326c    0000001c                                   : memccpy.c.obj (.text:memccpy)
                  00003288    0000001a                                   : s_copysign.c.obj (.text:copysign)
                  000032a2    00000018                                   : vsnprintf.c.obj (.text:_outc)
                  000032ba    00000018                                   : strcmp.c.obj (.text:strcmp)
                  000032d2    00000016                                   : strchr.c.obj (.text:strchr)
                  000032e8    00000014                                   : strcpy.c.obj (.text:strcpy)
                  000032fc    00000014                                   : strlen.c.obj (.text:strlen)
                  00003310    00000012                                   : wcslen.c.obj (.text:wcslen)
                  00003322    00000010     lcd.obj (.text:lcd_clear)
                  00003332    0000000e     rtsv7M4_T_le_v4SPD16_eabi.lib : copy_decompress_none.c.obj (.text:decompress:none:__TI_decompress_none)
                  00003340    0000000c                                   : copy_zero_init.c.obj (.text:decompress:ZI:__TI_zero_init)
                  0000334c    0000000c     tm4c123gh6pm_startup_ccs.obj (.text)
                  00003358    00000008     rtsv7M4_T_le_v4SPD16_eabi.lib : errno.c.obj (.text:__aeabi_errno_addr)
                  00003360    00000008                                   : memory.c.obj (.text:malloc)
                  00003368    00000004                                   : printf.c.obj (.text:_outc)
                  0000336c    00000004                                   : printf.c.obj (.text:_outs)
                  00003370    00000004                                   : pre_init.c.obj (.text:_system_pre_init)
                  00003374    00000004                                   : exit.c.obj (.text:abort:abort)

.const     0    00003378    00000109     
                  00003378    00000101     rtsv7M4_T_le_v4SPD16_eabi.lib : ctype.c.obj (.const:.string:_ctypes_)
                  00003479    00000004     lcd.obj (.const:.string:lineAddress$1)
                  0000347d    00000004     lcd.obj (.const:.string:lineAddresses$2)

.cinit     0    00003488    000000a0     
                  00003488    00000069     (.cinit..data.load) [load image, compression = lzss]
                  000034f1    00000003     --HOLE-- [fill = 0]
                  000034f4    0000000c     (__TI_handler_table)
                  00003500    00000008     (.cinit..bss.load) [load image, compression = zero_init]
                  00003508    00000008     (.cinit..vtable.load) [load image, compression = zero_init]
                  00003510    00000018     (__TI_cinit_table)

.init_array 
*          0    00000000    00000000     UNINITIALIZED

.vtable    0    20000000    0000026c     UNINITIALIZED
                  20000000    0000026c     driverlib.lib : interrupt.obj (.vtable)

.stack     0    20000270    00001000     UNINITIALIZED
                  20000270    00000004     rtsv7M4_T_le_v4SPD16_eabi.lib : boot_cortex_m.c.obj (.stack)
                  20000274    00000ffc     --HOLE--

.sysmem    0    20001270    00001000     UNINITIALIZED
                  20001270    00000010     rtsv7M4_T_le_v4SPD16_eabi.lib : memory.c.obj (.sysmem)
                  20001280    00000ff0     --HOLE--

.bss       0    20002270    00000220     UNINITIALIZED
                  20002270    00000120     rtsv7M4_T_le_v4SPD16_eabi.lib : trgmsg.c.obj (.bss:_CIOBUF_)
                  20002390    000000a0     (.common:__TI_tmpnams)
                  20002430    00000054     lcd.obj (.bss:lastbuffer$3)
                  20002484    00000008     (.common:parmbuf)
                  2000248c    00000004     (.common:_timeout_ticks)

.data      0    20002490    000001ea     UNINITIALIZED
                  20002490    000000f0     rtsv7M4_T_le_v4SPD16_eabi.lib : defs.c.obj (.data:_ftable)
                  20002580    00000078                                   : host_device.c.obj (.data:_device)
                  200025f8    00000050                                   : host_device.c.obj (.data:_stream)
                  20002648    00000010                                   : defs.c.obj (.data)
                  20002658    0000000c                                   : exit.c.obj (.data:$O1$$)
                  20002664    00000008                                   : _lock.c.obj (.data:$O1$$)
                  2000266c    00000008                                   : memory.c.obj (.data:$O1$$)
                  20002674    00000004                                   : errno.c.obj (.data)
                  20002678    00000001     Timer.obj (.data)
                  20002679    00000001     button.obj (.data)

MODULE SUMMARY

       Module                         code    ro data   rw data
       ------                         ----    -------   -------
    .\
       lcd.obj                        824     8         84     
       tm4c123gh6pm_startup_ccs.obj   12      620       0      
       Timer.obj                      584     0         5      
       button.obj                     188     0         1      
       lab3_template.obj              38      0         0      
    +--+------------------------------+-------+---------+---------+
       Total:                         1646    628       90     
                                                               
    C:/ti/TivaWare_C_Series-2.1.4.178/driverlib/ccs/Debug/driverlib.lib
       interrupt.obj                  52      0         620    
    +--+------------------------------+-------+---------+---------+
       Total:                         52      0         620    
                                                               
    C:\ti\ccs910\ccs\tools\compiler\ti-cgt-arm_18.12.2.LTS\lib\rtsv7M4_T_le_v4SPD16_eabi.lib
       _printfi.c.obj                 4851    0         0      
       memory.c.obj                   676     0         8      
       fd_add_t2.asm.obj              438     0         0      
       defs.c.obj                     0       0         416    
       trgmsg.c.obj                   108     0         288    
       fd_div_t2.asm.obj              310     0         0      
       fputs.c.obj                    276     0         0      
       s_scalbn.c.obj                 272     0         0      
       fd_cmp_t2.asm.obj              268     0         0      
       ctype.c.obj                    0       257       0      
       fd_mul_t2.asm.obj              252     0         0      
       setvbuf.c.obj                  220     0         0      
       host_device.c.obj              0       0         200    
       memcpy_t2.asm.obj              156     0         0      
       ull_div_t2.asm.obj             150     0         0      
       fputc.c.obj                    140     0         0      
       vsnprintf.c.obj                136     0         0      
       memset_t2.asm.obj              122     0         0      
       fclose.c.obj                   116     0         0      
       getdevice.c.obj                116     0         0      
       printf.c.obj                   112     0         0      
       copy_decompress_lzss.c.obj     104     0         0      
       hostlseek.c.obj                104     0         0      
       hostopen.c.obj                 96      0         8      
       hostrename.c.obj               104     0         0      
       fseek.c.obj                    100     0         0      
       s_frexp.c.obj                  100     0         0      
       _io_perm.c.obj                 98      0         0      
       close.c.obj                    92      0         0      
       exit.c.obj                     76      0         12     
       hostread.c.obj                 88      0         0      
       hostwrite.c.obj                88      0         0      
       ltoa.c.obj                     84      0         0      
       atoi.c.obj                     76      0         0      
       fflush.c.obj                   76      0         0      
       fd_toi_t2.asm.obj              72      0         0      
       autoinit.c.obj                 68      0         0      
       hostclose.c.obj                68      0         0      
       hostunlink.c.obj               68      0         0      
       strncpy.c.obj                  54      0         0      
       boot_cortex_m.c.obj            52      0         0      
       fopen.c.obj                    52      0         0      
       i_tofd_t2.asm.obj              46      0         0      
       unlink.c.obj                   44      0         0      
       lseek.c.obj                    40      0         0      
       write.c.obj                    40      0         0      
       memchr.c.obj                   32      0         0      
       memccpy.c.obj                  28      0         0      
       s_copysign.c.obj               26      0         0      
       strcmp.c.obj                   24      0         0      
       strchr.c.obj                   22      0         0      
       strcpy.c.obj                   20      0         0      
       strlen.c.obj                   20      0         0      
       wcslen.c.obj                   18      0         0      
       copy_decompress_none.c.obj     14      0         0      
       copy_zero_init.c.obj           12      0         0      
       errno.c.obj                    8       0         4      
       _lock.c.obj                    2       0         8      
       pre_init.c.obj                 4       0         0      
       div0.asm.obj                   2       0         0      
    +--+------------------------------+-------+---------+---------+
       Total:                         10841   257       944    
                                                               
       Heap:                          0       0         4096   
       Stack:                         0       0         4096   
       Linker Generated:              0       157       0      
    +--+------------------------------+-------+---------+---------+
       Grand Total:                   12539   1042      9846   


LINKER GENERATED COPY TABLES

__TI_cinit_table @ 00003510 records: 3, size/record: 8, table size: 24
	.data: load addr=00003488, load size=00000069 bytes, run addr=20002490, run size=000001ea bytes, compression=lzss
	.bss: load addr=00003500, load size=00000008 bytes, run addr=20002270, run size=00000220 bytes, compression=zero_init
	.vtable: load addr=00003508, load size=00000008 bytes, run addr=20000000, run size=0000026c bytes, compression=zero_init


LINKER GENERATED HANDLER TABLE

__TI_handler_table @ 000034f4 records: 3, size/record: 4, table size: 12
	index: 0, handler: __TI_zero_init
	index: 1, handler: __TI_decompress_lzss
	index: 2, handler: __TI_decompress_none


GLOBAL SYMBOLS: SORTED ALPHABETICALLY BY Name 

address   name                           
-------   ----                           
00003375  C$$EXIT                        
00002fc3  C$$IO$$                        
00002e05  HOSTclose                      
000027a9  HOSTlseek                      
00002a75  HOSTopen                       
00002b31  HOSTread                       
00002811  HOSTrename                     
00002e49  HOSTunlink                     
00002b89  HOSTwrite                      
00003005  IntRegister                    
0000334d  ResetISR                       
20002270  __CIOBUF_                      
20001270  __STACK_END                    
00001000  __STACK_SIZE                   
20000470  __STACK_TOP                    
00001000  __SYSMEM_SIZE                  
00003510  __TI_CINIT_Base                
00003528  __TI_CINIT_Limit               
000034f4  __TI_Handler_Table_Base        
00003500  __TI_Handler_Table_Limit       
00002e8d  __TI_auto_init_nobinit_nopinit 
00003039  __TI_cleanup                   
20002658  __TI_cleanup_ptr               
000026c5  __TI_closefile                 
00002879  __TI_decompress_lzss           
00003333  __TI_decompress_none           
00002cdd  __TI_doflush                   
2000265c  __TI_dtors_ptr                 
20002660  __TI_enable_exit_profile_output
20002648  __TI_ft_end                    
ffffffff  __TI_pprof_out_hndl            
0000026d  __TI_printfi                   
ffffffff  __TI_prof_data_size            
ffffffff  __TI_prof_data_start           
0000306d  __TI_readmsg                   
00000000  __TI_static_base__             
20002390  __TI_tmpnams                   
00002f95  __TI_writemsg                  
00002a11  __TI_wrt_ok                    
00003341  __TI_zero_init                 
000024c1  __aeabi_cdcmpeq                
000024c1  __aeabi_cdcmple                
00002547  __aeabi_cdrcmple               
00002dbd  __aeabi_d2iz                   
00001677  __aeabi_dadd                   
00001961  __aeabi_ddiv                   
00001de1  __aeabi_dmul                   
0000166d  __aeabi_dsub                   
00003359  __aeabi_errno_addr             
00003135  __aeabi_i2d                    
00001823  __aeabi_idiv0                  
00001823  __aeabi_ldiv0                  
00002649  __aeabi_memclr                 
00002649  __aeabi_memclr4                
00002649  __aeabi_memclr8                
00002303  __aeabi_memcpy                 
00002303  __aeabi_memcpy4                
00002303  __aeabi_memcpy8                
0000264b  __aeabi_memset                 
0000264b  __aeabi_memset4                
0000264b  __aeabi_memset8                
20002654  __aeabi_stderr                 
2000264c  __aeabi_stdin                  
20002650  __aeabi_stdout                 
0000239f  __aeabi_uldivmod               
ffffffff  __binit__                      
ffffffff  __c_args__                     
UNDEFED   __mpu_init                     
20000270  __stack                        
000030a1  _c_int00_noargs                
00003378  _ctypes_                       
20002580  _device                        
20002490  _ftable                        
20002664  _lock                          
00000cbb  _nop                           
20002678  _running                       
200025f8  _stream                        
20001270  _sys_memory                    
UNDEFED   _system_post_cinit             
00003371  _system_pre_init               
2000248c  _timeout_ticks                 
20002668  _unlock                        
00003375  abort                          
00001edd  aligned_alloc                  
00002d29  atoi                           
ffffffff  binit                          
000021c1  button_getButton               
00002195  button_init                    
00002ad5  close                          
00003289  copysign                       
00003289  copysignl                      
20002674  errno                          
00002d75  exit                           
00003105  finddevice                     
00002435  fputc                          
00001bbd  fputs                          
00001fd1  free                           
00002949  frexp                          
00002949  frexpl                         
000029ad  fseek                          
20000000  g_pfnRAMVectors                
00000000  g_pfnVectors                   
00002ed1  getdevice                      
00003323  lcd_clear                      
00000e91  lcd_gotoLine                   
00000cf9  lcd_init                       
00000ef7  lcd_printf                     
00000db9  lcd_putc                       
00000df1  lcd_puts                       
00000cbd  lcd_reverseNibble              
00000e0f  lcd_sendCommand                
00000e4d  lcd_sendNibble                 
00000eb9  lcd_setCursorPos               
00001cd1  ldexp                          
00001cd1  ldexpl                         
000031b9  lseek                          
00002c37  ltoa                           
00003209  main                           
00003361  malloc                         
00001edd  memalign                       
0000326d  memccpy                        
0000322f  memchr                         
00002303  memcpy                         
00002651  memset                         
20002484  parmbuf                        
000028e1  printf                         
00002435  putc                           
00003165  remove                         
00001cd1  scalbn                         
00001cd1  scalbnl                        
000020b9  setvbuf                        
000032d3  strchr                         
000032bb  strcmp                         
000032e9  strcpy                         
000032fd  strlen                         
00002fcd  strncpy                        
00001373  timer_getMicros                
0000131b  timer_getMillis                
00001255  timer_init                     
000012f7  timer_pause                    
00001309  timer_resume                   
000012cd  timer_stop                     
000013cd  timer_waitMicros               
00001401  timer_waitMillis               
00003165  unlink                         
00002f15  vsnprintf                      
00003311  wcslen                         
000031e1  write                          


GLOBAL SYMBOLS: SORTED BY Symbol Address 

address   name                           
-------   ----                           
00000000  __TI_static_base__             
00000000  g_pfnVectors                   
0000026d  __TI_printfi                   
00000cbb  _nop                           
00000cbd  lcd_reverseNibble              
00000cf9  lcd_init                       
00000db9  lcd_putc                       
00000df1  lcd_puts                       
00000e0f  lcd_sendCommand                
00000e4d  lcd_sendNibble                 
00000e91  lcd_gotoLine                   
00000eb9  lcd_setCursorPos               
00000ef7  lcd_printf                     
00001000  __STACK_SIZE                   
00001000  __SYSMEM_SIZE                  
00001255  timer_init                     
000012cd  timer_stop                     
000012f7  timer_pause                    
00001309  timer_resume                   
0000131b  timer_getMillis                
00001373  timer_getMicros                
000013cd  timer_waitMicros               
00001401  timer_waitMillis               
0000166d  __aeabi_dsub                   
00001677  __aeabi_dadd                   
00001823  __aeabi_idiv0                  
00001823  __aeabi_ldiv0                  
00001961  __aeabi_ddiv                   
00001bbd  fputs                          
00001cd1  ldexp                          
00001cd1  ldexpl                         
00001cd1  scalbn                         
00001cd1  scalbnl                        
00001de1  __aeabi_dmul                   
00001edd  aligned_alloc                  
00001edd  memalign                       
00001fd1  free                           
000020b9  setvbuf                        
00002195  button_init                    
000021c1  button_getButton               
00002303  __aeabi_memcpy                 
00002303  __aeabi_memcpy4                
00002303  __aeabi_memcpy8                
00002303  memcpy                         
0000239f  __aeabi_uldivmod               
00002435  fputc                          
00002435  putc                           
000024c1  __aeabi_cdcmpeq                
000024c1  __aeabi_cdcmple                
00002547  __aeabi_cdrcmple               
00002649  __aeabi_memclr                 
00002649  __aeabi_memclr4                
00002649  __aeabi_memclr8                
0000264b  __aeabi_memset                 
0000264b  __aeabi_memset4                
0000264b  __aeabi_memset8                
00002651  memset                         
000026c5  __TI_closefile                 
000027a9  HOSTlseek                      
00002811  HOSTrename                     
00002879  __TI_decompress_lzss           
000028e1  printf                         
00002949  frexp                          
00002949  frexpl                         
000029ad  fseek                          
00002a11  __TI_wrt_ok                    
00002a75  HOSTopen                       
00002ad5  close                          
00002b31  HOSTread                       
00002b89  HOSTwrite                      
00002c37  ltoa                           
00002cdd  __TI_doflush                   
00002d29  atoi                           
00002d75  exit                           
00002dbd  __aeabi_d2iz                   
00002e05  HOSTclose                      
00002e49  HOSTunlink                     
00002e8d  __TI_auto_init_nobinit_nopinit 
00002ed1  getdevice                      
00002f15  vsnprintf                      
00002f95  __TI_writemsg                  
00002fc3  C$$IO$$                        
00002fcd  strncpy                        
00003005  IntRegister                    
00003039  __TI_cleanup                   
0000306d  __TI_readmsg                   
000030a1  _c_int00_noargs                
00003105  finddevice                     
00003135  __aeabi_i2d                    
00003165  remove                         
00003165  unlink                         
000031b9  lseek                          
000031e1  write                          
00003209  main                           
0000322f  memchr                         
0000326d  memccpy                        
00003289  copysign                       
00003289  copysignl                      
000032bb  strcmp                         
000032d3  strchr                         
000032e9  strcpy                         
000032fd  strlen                         
00003311  wcslen                         
00003323  lcd_clear                      
00003333  __TI_decompress_none           
00003341  __TI_zero_init                 
0000334d  ResetISR                       
00003359  __aeabi_errno_addr             
00003361  malloc                         
00003371  _system_pre_init               
00003375  C$$EXIT                        
00003375  abort                          
00003378  _ctypes_                       
000034f4  __TI_Handler_Table_Base        
00003500  __TI_Handler_Table_Limit       
00003510  __TI_CINIT_Base                
00003528  __TI_CINIT_Limit               
20000000  g_pfnRAMVectors                
20000270  __stack                        
20000470  __STACK_TOP                    
20001270  __STACK_END                    
20001270  _sys_memory                    
20002270  __CIOBUF_                      
20002390  __TI_tmpnams                   
20002484  parmbuf                        
2000248c  _timeout_ticks                 
20002490  _ftable                        
20002580  _device                        
200025f8  _stream                        
20002648  __TI_ft_end                    
2000264c  __aeabi_stdin                  
20002650  __aeabi_stdout                 
20002654  __aeabi_stderr                 
20002658  __TI_cleanup_ptr               
2000265c  __TI_dtors_ptr                 
20002660  __TI_enable_exit_profile_output
20002664  _lock                          
20002668  _unlock                        
20002674  errno                          
20002678  _running                       
ffffffff  __TI_pprof_out_hndl            
ffffffff  __TI_prof_data_size            
ffffffff  __TI_prof_data_start           
ffffffff  __binit__                      
ffffffff  __c_args__                     
ffffffff  binit                          
UNDEFED   __mpu_init                     
UNDEFED   _system_post_cinit             

[148 symbols]
