<?xml version="1.0" encoding="ISO-8859-1" ?>
<link_info>
   <banner>TI ARM Linker PC v18.12.2.LTS</banner>
   <copyright>Copyright (c) 1996-2018 Texas Instruments Incorporated</copyright>
   <link_time>0x5e4360d4</link_time>
   <link_errors>0x0</link_errors>
   <output_file>Lab4.out</output_file>
   <entry_point>
      <name>_c_int00_noargs</name>
      <address>0x2db9</address>
   </entry_point>
   <input_file_list>
      <input_file id="fl-2">
         <path>.\</path>
         <kind>object</kind>
         <file>Timer.obj</file>
         <name>Timer.obj</name>
      </input_file>
      <input_file id="fl-3">
         <path>.\</path>
         <kind>object</kind>
         <file>button.obj</file>
         <name>button.obj</name>
      </input_file>
      <input_file id="fl-4">
         <path>.\</path>
         <kind>object</kind>
         <file>lab4_template.obj</file>
         <name>lab4_template.obj</name>
      </input_file>
      <input_file id="fl-5">
         <path>.\</path>
         <kind>object</kind>
         <file>lcd.obj</file>
         <name>lcd.obj</name>
      </input_file>
      <input_file id="fl-6">
         <path>.\</path>
         <kind>object</kind>
         <file>tm4c123gh6pm_startup_ccs.obj</file>
         <name>tm4c123gh6pm_startup_ccs.obj</name>
      </input_file>
      <input_file id="fl-d">
         <kind>object</kind>
         <file>&lt;internal&gt;</file>
         <name>&lt;internal&gt;</name>
      </input_file>
      <input_file id="fl-e">
         <path>..\</path>
         <kind>archive</kind>
         <file>libcybotScan.lib</file>
         <name>cyBot_Scan.obj</name>
      </input_file>
      <input_file id="fl-f">
         <path>..\</path>
         <kind>archive</kind>
         <file>libcybotScan.lib</file>
         <name>ir.obj</name>
      </input_file>
      <input_file id="fl-10">
         <path>..\</path>
         <kind>archive</kind>
         <file>libcybotScan.lib</file>
         <name>ping.obj</name>
      </input_file>
      <input_file id="fl-11">
         <path>..\</path>
         <kind>archive</kind>
         <file>libcybotScan.lib</file>
         <name>servo.obj</name>
      </input_file>
      <input_file id="fl-12">
         <path>..\</path>
         <kind>archive</kind>
         <file>libcybotUART.lib</file>
         <name>uart.obj</name>
      </input_file>
      <input_file id="fl-c8">
         <path>C:\ti\ccs910\ccs\tools\compiler\ti-cgt-arm_18.12.2.LTS\lib\</path>
         <kind>archive</kind>
         <file>rtsv7M4_T_le_v4SPD16_eabi.lib</file>
         <name>sprintf.c.obj</name>
      </input_file>
      <input_file id="fl-c9">
         <path>C:\ti\ccs910\ccs\tools\compiler\ti-cgt-arm_18.12.2.LTS\lib\</path>
         <kind>archive</kind>
         <file>rtsv7M4_T_le_v4SPD16_eabi.lib</file>
         <name>vsnprintf.c.obj</name>
      </input_file>
      <input_file id="fl-ca">
         <path>C:\ti\ccs910\ccs\tools\compiler\ti-cgt-arm_18.12.2.LTS\lib\</path>
         <kind>archive</kind>
         <file>rtsv7M4_T_le_v4SPD16_eabi.lib</file>
         <name>fs_tod_t2.asm.obj</name>
      </input_file>
      <input_file id="fl-cb">
         <path>C:\ti\ccs910\ccs\tools\compiler\ti-cgt-arm_18.12.2.LTS\lib\</path>
         <kind>archive</kind>
         <file>rtsv7M4_T_le_v4SPD16_eabi.lib</file>
         <name>memcpy_t2.asm.obj</name>
      </input_file>
      <input_file id="fl-cc">
         <path>C:\ti\ccs910\ccs\tools\compiler\ti-cgt-arm_18.12.2.LTS\lib\</path>
         <kind>archive</kind>
         <file>rtsv7M4_T_le_v4SPD16_eabi.lib</file>
         <name>copy_zero_init.c.obj</name>
      </input_file>
      <input_file id="fl-cd">
         <path>C:\ti\ccs910\ccs\tools\compiler\ti-cgt-arm_18.12.2.LTS\lib\</path>
         <kind>archive</kind>
         <file>rtsv7M4_T_le_v4SPD16_eabi.lib</file>
         <name>copy_decompress_none.c.obj</name>
      </input_file>
      <input_file id="fl-ce">
         <path>C:\ti\ccs910\ccs\tools\compiler\ti-cgt-arm_18.12.2.LTS\lib\</path>
         <kind>archive</kind>
         <file>rtsv7M4_T_le_v4SPD16_eabi.lib</file>
         <name>copy_decompress_lzss.c.obj</name>
      </input_file>
      <input_file id="fl-cf">
         <path>C:\ti\ccs910\ccs\tools\compiler\ti-cgt-arm_18.12.2.LTS\lib\</path>
         <kind>archive</kind>
         <file>rtsv7M4_T_le_v4SPD16_eabi.lib</file>
         <name>strcmp.c.obj</name>
      </input_file>
      <input_file id="fl-d0">
         <path>C:\ti\ccs910\ccs\tools\compiler\ti-cgt-arm_18.12.2.LTS\lib\</path>
         <kind>archive</kind>
         <file>rtsv7M4_T_le_v4SPD16_eabi.lib</file>
         <name>strcpy.c.obj</name>
      </input_file>
      <input_file id="fl-d1">
         <path>C:\ti\ccs910\ccs\tools\compiler\ti-cgt-arm_18.12.2.LTS\lib\</path>
         <kind>archive</kind>
         <file>rtsv7M4_T_le_v4SPD16_eabi.lib</file>
         <name>strlen.c.obj</name>
      </input_file>
      <input_file id="fl-d2">
         <path>C:\ti\ccs910\ccs\tools\compiler\ti-cgt-arm_18.12.2.LTS\lib\</path>
         <kind>archive</kind>
         <file>rtsv7M4_T_le_v4SPD16_eabi.lib</file>
         <name>boot_cortex_m.c.obj</name>
      </input_file>
      <input_file id="fl-d3">
         <path>C:\ti\ccs910\ccs\tools\compiler\ti-cgt-arm_18.12.2.LTS\lib\</path>
         <kind>archive</kind>
         <file>rtsv7M4_T_le_v4SPD16_eabi.lib</file>
         <name>_printfi.c.obj</name>
      </input_file>
      <input_file id="fl-d4">
         <path>C:\ti\ccs910\ccs\tools\compiler\ti-cgt-arm_18.12.2.LTS\lib\</path>
         <kind>archive</kind>
         <file>rtsv7M4_T_le_v4SPD16_eabi.lib</file>
         <name>s_frexp.c.obj</name>
      </input_file>
      <input_file id="fl-d5">
         <path>C:\ti\ccs910\ccs\tools\compiler\ti-cgt-arm_18.12.2.LTS\lib\</path>
         <kind>archive</kind>
         <file>rtsv7M4_T_le_v4SPD16_eabi.lib</file>
         <name>s_scalbn.c.obj</name>
      </input_file>
      <input_file id="fl-d6">
         <path>C:\ti\ccs910\ccs\tools\compiler\ti-cgt-arm_18.12.2.LTS\lib\</path>
         <kind>archive</kind>
         <file>rtsv7M4_T_le_v4SPD16_eabi.lib</file>
         <name>ull_div_t2.asm.obj</name>
      </input_file>
      <input_file id="fl-d7">
         <path>C:\ti\ccs910\ccs\tools\compiler\ti-cgt-arm_18.12.2.LTS\lib\</path>
         <kind>archive</kind>
         <file>rtsv7M4_T_le_v4SPD16_eabi.lib</file>
         <name>memset_t2.asm.obj</name>
      </input_file>
      <input_file id="fl-d8">
         <path>C:\ti\ccs910\ccs\tools\compiler\ti-cgt-arm_18.12.2.LTS\lib\</path>
         <kind>archive</kind>
         <file>rtsv7M4_T_le_v4SPD16_eabi.lib</file>
         <name>fd_add_t2.asm.obj</name>
      </input_file>
      <input_file id="fl-d9">
         <path>C:\ti\ccs910\ccs\tools\compiler\ti-cgt-arm_18.12.2.LTS\lib\</path>
         <kind>archive</kind>
         <file>rtsv7M4_T_le_v4SPD16_eabi.lib</file>
         <name>fd_cmp_t2.asm.obj</name>
      </input_file>
      <input_file id="fl-da">
         <path>C:\ti\ccs910\ccs\tools\compiler\ti-cgt-arm_18.12.2.LTS\lib\</path>
         <kind>archive</kind>
         <file>rtsv7M4_T_le_v4SPD16_eabi.lib</file>
         <name>fd_div_t2.asm.obj</name>
      </input_file>
      <input_file id="fl-db">
         <path>C:\ti\ccs910\ccs\tools\compiler\ti-cgt-arm_18.12.2.LTS\lib\</path>
         <kind>archive</kind>
         <file>rtsv7M4_T_le_v4SPD16_eabi.lib</file>
         <name>fd_mul_t2.asm.obj</name>
      </input_file>
      <input_file id="fl-dc">
         <path>C:\ti\ccs910\ccs\tools\compiler\ti-cgt-arm_18.12.2.LTS\lib\</path>
         <kind>archive</kind>
         <file>rtsv7M4_T_le_v4SPD16_eabi.lib</file>
         <name>fd_toi_t2.asm.obj</name>
      </input_file>
      <input_file id="fl-dd">
         <path>C:\ti\ccs910\ccs\tools\compiler\ti-cgt-arm_18.12.2.LTS\lib\</path>
         <kind>archive</kind>
         <file>rtsv7M4_T_le_v4SPD16_eabi.lib</file>
         <name>i_tofd_t2.asm.obj</name>
      </input_file>
      <input_file id="fl-de">
         <path>C:\ti\ccs910\ccs\tools\compiler\ti-cgt-arm_18.12.2.LTS\lib\</path>
         <kind>archive</kind>
         <file>rtsv7M4_T_le_v4SPD16_eabi.lib</file>
         <name>autoinit.c.obj</name>
      </input_file>
      <input_file id="fl-df">
         <path>C:\ti\ccs910\ccs\tools\compiler\ti-cgt-arm_18.12.2.LTS\lib\</path>
         <kind>archive</kind>
         <file>rtsv7M4_T_le_v4SPD16_eabi.lib</file>
         <name>pre_init.c.obj</name>
      </input_file>
      <input_file id="fl-e0">
         <path>C:\ti\ccs910\ccs\tools\compiler\ti-cgt-arm_18.12.2.LTS\lib\</path>
         <kind>archive</kind>
         <file>rtsv7M4_T_le_v4SPD16_eabi.lib</file>
         <name>cpy_tbl.c.obj</name>
      </input_file>
      <input_file id="fl-e1">
         <path>C:\ti\ccs910\ccs\tools\compiler\ti-cgt-arm_18.12.2.LTS\lib\</path>
         <kind>archive</kind>
         <file>rtsv7M4_T_le_v4SPD16_eabi.lib</file>
         <name>exit.c.obj</name>
      </input_file>
      <input_file id="fl-e2">
         <path>C:\ti\ccs910\ccs\tools\compiler\ti-cgt-arm_18.12.2.LTS\lib\</path>
         <kind>archive</kind>
         <file>rtsv7M4_T_le_v4SPD16_eabi.lib</file>
         <name>_lock.c.obj</name>
      </input_file>
      <input_file id="fl-e3">
         <path>C:\ti\ccs910\ccs\tools\compiler\ti-cgt-arm_18.12.2.LTS\lib\</path>
         <kind>archive</kind>
         <file>rtsv7M4_T_le_v4SPD16_eabi.lib</file>
         <name>args_main.c.obj</name>
      </input_file>
      <input_file id="fl-e4">
         <path>C:\ti\ccs910\ccs\tools\compiler\ti-cgt-arm_18.12.2.LTS\lib\</path>
         <kind>archive</kind>
         <file>rtsv7M4_T_le_v4SPD16_eabi.lib</file>
         <name>atoi.c.obj</name>
      </input_file>
      <input_file id="fl-e5">
         <path>C:\ti\ccs910\ccs\tools\compiler\ti-cgt-arm_18.12.2.LTS\lib\</path>
         <kind>archive</kind>
         <file>rtsv7M4_T_le_v4SPD16_eabi.lib</file>
         <name>ctype.c.obj</name>
      </input_file>
      <input_file id="fl-e6">
         <path>C:\ti\ccs910\ccs\tools\compiler\ti-cgt-arm_18.12.2.LTS\lib\</path>
         <kind>archive</kind>
         <file>rtsv7M4_T_le_v4SPD16_eabi.lib</file>
         <name>ltoa.c.obj</name>
      </input_file>
      <input_file id="fl-e7">
         <path>C:\ti\ccs910\ccs\tools\compiler\ti-cgt-arm_18.12.2.LTS\lib\</path>
         <kind>archive</kind>
         <file>rtsv7M4_T_le_v4SPD16_eabi.lib</file>
         <name>memccpy.c.obj</name>
      </input_file>
      <input_file id="fl-e8">
         <path>C:\ti\ccs910\ccs\tools\compiler\ti-cgt-arm_18.12.2.LTS\lib\</path>
         <kind>archive</kind>
         <file>rtsv7M4_T_le_v4SPD16_eabi.lib</file>
         <name>strchr.c.obj</name>
      </input_file>
      <input_file id="fl-e9">
         <path>C:\ti\ccs910\ccs\tools\compiler\ti-cgt-arm_18.12.2.LTS\lib\</path>
         <kind>archive</kind>
         <file>rtsv7M4_T_le_v4SPD16_eabi.lib</file>
         <name>errno.c.obj</name>
      </input_file>
      <input_file id="fl-ea">
         <path>C:\ti\ccs910\ccs\tools\compiler\ti-cgt-arm_18.12.2.LTS\lib\</path>
         <kind>archive</kind>
         <file>rtsv7M4_T_le_v4SPD16_eabi.lib</file>
         <name>wcslen.c.obj</name>
      </input_file>
      <input_file id="fl-eb">
         <path>C:\ti\ccs910\ccs\tools\compiler\ti-cgt-arm_18.12.2.LTS\lib\</path>
         <kind>archive</kind>
         <file>rtsv7M4_T_le_v4SPD16_eabi.lib</file>
         <name>s_copysign.c.obj</name>
      </input_file>
      <input_file id="fl-ec">
         <path>C:\ti\ccs910\ccs\tools\compiler\ti-cgt-arm_18.12.2.LTS\lib\</path>
         <kind>archive</kind>
         <file>rtsv7M4_T_le_v4SPD16_eabi.lib</file>
         <name>div0.asm.obj</name>
      </input_file>
      <input_file id="fl-ed">
         <path>C:\ti\TivaWare_C_Series-2.1.4.178\driverlib\ccs\Debug\</path>
         <kind>archive</kind>
         <file>driverlib.lib</file>
         <name>interrupt.obj</name>
      </input_file>
      <input_file id="fl-ee">
         <path>C:\ti\TivaWare_C_Series-2.1.4.178\driverlib\ccs\Debug\</path>
         <kind>archive</kind>
         <file>driverlib.lib</file>
         <name>cpu.obj</name>
      </input_file>
   </input_file_list>
   <object_component_list>
      <object_component id="oc-f">
         <name>.intvecs</name>
         <load_address>0x0</load_address>
         <run_address>0x0</run_address>
         <size>0x26c</size>
         <input_file_ref idref="fl-6"/>
      </object_component>
      <object_component id="oc-18a">
         <name>.text:__TI_printfi</name>
         <load_address>0x26c</load_address>
         <run_address>0x26c</run_address>
         <size>0xa4e</size>
         <input_file_ref idref="fl-d3"/>
      </object_component>
      <object_component id="oc-333">
         <name>.text</name>
         <load_address>0xcba</load_address>
         <run_address>0xcba</run_address>
         <size>0x2</size>
         <input_file_ref idref="fl-ec"/>
      </object_component>
      <object_component id="oc-d9">
         <name>.text</name>
         <load_address>0xcbc</load_address>
         <run_address>0xcbc</run_address>
         <size>0x328</size>
         <input_file_ref idref="fl-5"/>
      </object_component>
      <object_component id="oc-c7">
         <name>.text</name>
         <load_address>0xfe4</load_address>
         <run_address>0xfe4</run_address>
         <size>0x2a8</size>
         <input_file_ref idref="fl-12"/>
      </object_component>
      <object_component id="oc-23d">
         <name>.text:_pconv_a</name>
         <load_address>0x128c</load_address>
         <run_address>0x128c</run_address>
         <size>0x270</size>
         <input_file_ref idref="fl-d3"/>
      </object_component>
      <object_component id="oc-d3">
         <name>.text</name>
         <load_address>0x14fc</load_address>
         <run_address>0x14fc</run_address>
         <size>0x248</size>
         <input_file_ref idref="fl-2"/>
      </object_component>
      <object_component id="oc-22b">
         <name>.text:_pconv_g</name>
         <load_address>0x1744</load_address>
         <run_address>0x1744</run_address>
         <size>0x1d0</size>
         <input_file_ref idref="fl-d3"/>
      </object_component>
      <object_component id="oc-17b">
         <name>.text</name>
         <load_address>0x1914</load_address>
         <run_address>0x1914</run_address>
         <size>0x1bc</size>
         <input_file_ref idref="fl-10"/>
      </object_component>
      <object_component id="oc-2d1">
         <name>.text</name>
         <load_address>0x1ad0</load_address>
         <run_address>0x1ad0</run_address>
         <size>0x1b6</size>
         <input_file_ref idref="fl-d8"/>
      </object_component>
      <object_component id="oc-98">
         <name>.text</name>
         <load_address>0x1c88</load_address>
         <run_address>0x1c88</run_address>
         <size>0x158</size>
         <input_file_ref idref="fl-4"/>
      </object_component>
      <object_component id="oc-237">
         <name>.text:_pconv_e</name>
         <load_address>0x1de0</load_address>
         <run_address>0x1de0</run_address>
         <size>0x13c</size>
         <input_file_ref idref="fl-d3"/>
      </object_component>
      <object_component id="oc-2b7">
         <name>.text</name>
         <load_address>0x1f1c</load_address>
         <run_address>0x1f1c</run_address>
         <size>0x136</size>
         <input_file_ref idref="fl-da"/>
      </object_component>
      <object_component id="oc-2e3">
         <name>.text:fcvt</name>
         <load_address>0x2054</load_address>
         <run_address>0x2054</run_address>
         <size>0x124</size>
         <input_file_ref idref="fl-d3"/>
      </object_component>
      <object_component id="oc-2f7">
         <name>.text:scalbn</name>
         <load_address>0x2178</load_address>
         <run_address>0x2178</run_address>
         <size>0x110</size>
         <input_file_ref idref="fl-d5"/>
      </object_component>
      <object_component id="oc-2b2">
         <name>.text</name>
         <load_address>0x2288</load_address>
         <run_address>0x2288</run_address>
         <size>0xfc</size>
         <input_file_ref idref="fl-db"/>
      </object_component>
      <object_component id="oc-175">
         <name>.text</name>
         <load_address>0x2384</load_address>
         <run_address>0x2384</run_address>
         <size>0xdc</size>
         <input_file_ref idref="fl-f"/>
      </object_component>
      <object_component id="oc-181">
         <name>.text</name>
         <load_address>0x2460</load_address>
         <run_address>0x2460</run_address>
         <size>0xc4</size>
         <input_file_ref idref="fl-11"/>
      </object_component>
      <object_component id="oc-220">
         <name>.text:_ltostr</name>
         <load_address>0x2524</load_address>
         <run_address>0x2524</run_address>
         <size>0xb1</size>
         <input_file_ref idref="fl-d3"/>
      </object_component>
      <object_component id="oc-cd">
         <name>.text</name>
         <load_address>0x25d8</load_address>
         <run_address>0x25d8</run_address>
         <size>0xa4</size>
         <input_file_ref idref="fl-3"/>
      </object_component>
      <object_component id="oc-38">
         <name>.text</name>
         <load_address>0x267c</load_address>
         <run_address>0x267c</run_address>
         <size>0x9c</size>
         <input_file_ref idref="fl-cb"/>
      </object_component>
      <object_component id="oc-2ab">
         <name>.text</name>
         <load_address>0x2718</load_address>
         <run_address>0x2718</run_address>
         <size>0x96</size>
         <input_file_ref idref="fl-d6"/>
      </object_component>
      <object_component id="oc-226">
         <name>.text:__aeabi_cdcmple</name>
         <load_address>0x27ae</load_address>
         <run_address>0x27ae</run_address>
         <size>0x86</size>
         <input_file_ref idref="fl-d9"/>
      </object_component>
      <object_component id="oc-2bc">
         <name>.text:__aeabi_cdrcmple</name>
         <load_address>0x2834</load_address>
         <run_address>0x2834</run_address>
         <size>0x86</size>
         <input_file_ref idref="fl-d9"/>
      </object_component>
      <object_component id="oc-8c">
         <name>.text</name>
         <load_address>0x28ba</load_address>
         <run_address>0x28ba</run_address>
         <size>0x7a</size>
         <input_file_ref idref="fl-d7"/>
      </object_component>
      <object_component id="oc-2dc">
         <name>.text:_mcpy</name>
         <load_address>0x2934</load_address>
         <run_address>0x2934</run_address>
         <size>0x6e</size>
         <input_file_ref idref="fl-d3"/>
      </object_component>
      <object_component id="oc-12">
         <name>.text:decompress:lzss:__TI_decompress_lzss</name>
         <load_address>0x29a2</load_address>
         <run_address>0x29a2</run_address>
         <size>0x68</size>
         <input_file_ref idref="fl-ce"/>
      </object_component>
      <object_component id="oc-2f1">
         <name>.text:frexp</name>
         <load_address>0x2a0c</load_address>
         <run_address>0x2a0c</run_address>
         <size>0x64</size>
         <input_file_ref idref="fl-d4"/>
      </object_component>
      <object_component id="oc-231">
         <name>.text:_pconv_f</name>
         <load_address>0x2a70</load_address>
         <run_address>0x2a70</run_address>
         <size>0x56</size>
         <input_file_ref idref="fl-d3"/>
      </object_component>
      <object_component id="oc-2c6">
         <name>.text:ltoa</name>
         <load_address>0x2ac6</load_address>
         <run_address>0x2ac6</run_address>
         <size>0x54</size>
         <input_file_ref idref="fl-e6"/>
      </object_component>
      <object_component id="oc-2d6">
         <name>.text:_ecpy</name>
         <load_address>0x2b1a</load_address>
         <run_address>0x2b1a</run_address>
         <size>0x52</size>
         <input_file_ref idref="fl-d3"/>
      </object_component>
      <object_component id="oc-21a">
         <name>.text:atoi</name>
         <load_address>0x2b6c</load_address>
         <run_address>0x2b6c</run_address>
         <size>0x4c</size>
         <input_file_ref idref="fl-e4"/>
      </object_component>
      <object_component id="oc-df">
         <name>.text</name>
         <load_address>0x2bb8</load_address>
         <run_address>0x2bb8</run_address>
         <size>0x48</size>
         <input_file_ref idref="fl-e"/>
      </object_component>
      <object_component id="oc-2c1">
         <name>.text</name>
         <load_address>0x2c00</load_address>
         <run_address>0x2c00</run_address>
         <size>0x48</size>
         <input_file_ref idref="fl-dc"/>
      </object_component>
      <object_component id="oc-108">
         <name>.text:__TI_auto_init_nobinit_nopinit:__TI_auto_init_nobinit_nopinit</name>
         <load_address>0x2c48</load_address>
         <run_address>0x2c48</run_address>
         <size>0x44</size>
         <input_file_ref idref="fl-de"/>
      </object_component>
      <object_component id="oc-ea">
         <name>.text:sprintf</name>
         <load_address>0x2c8c</load_address>
         <run_address>0x2c8c</run_address>
         <size>0x40</size>
         <input_file_ref idref="fl-c8"/>
      </object_component>
      <object_component id="oc-159">
         <name>.text:vsnprintf</name>
         <load_address>0x2ccc</load_address>
         <run_address>0x2ccc</run_address>
         <size>0x40</size>
         <input_file_ref idref="fl-c9"/>
      </object_component>
      <object_component id="oc-2e9">
         <name>.text:_fcpy</name>
         <load_address>0x2d0c</load_address>
         <run_address>0x2d0c</run_address>
         <size>0x3e</size>
         <input_file_ref idref="fl-d3"/>
      </object_component>
      <object_component id="oc-e5">
         <name>.text</name>
         <load_address>0x2d4a</load_address>
         <run_address>0x2d4a</run_address>
         <size>0x38</size>
         <input_file_ref idref="fl-ca"/>
      </object_component>
      <object_component id="oc-147">
         <name>.text:IntRegister</name>
         <load_address>0x2d84</load_address>
         <run_address>0x2d84</run_address>
         <size>0x34</size>
         <input_file_ref idref="fl-ed"/>
      </object_component>
      <object_component id="oc-56">
         <name>.text:_c_int00_noargs:_c_int00_noargs</name>
         <load_address>0x2db8</load_address>
         <run_address>0x2db8</run_address>
         <size>0x34</size>
         <input_file_ref idref="fl-d2"/>
      </object_component>
      <object_component id="oc-1dd">
         <name>.text:_outs</name>
         <load_address>0x2dec</load_address>
         <run_address>0x2dec</run_address>
         <size>0x30</size>
         <input_file_ref idref="fl-c9"/>
      </object_component>
      <object_component id="oc-2cc">
         <name>.text</name>
         <load_address>0x2e1c</load_address>
         <run_address>0x2e1c</run_address>
         <size>0x2e</size>
         <input_file_ref idref="fl-dd"/>
      </object_component>
      <object_component id="oc-44">
         <name>.text:decompress:ZI:__TI_zero_init_nomemset:__TI_zero_init_nomemset</name>
         <load_address>0x2e4a</load_address>
         <run_address>0x2e4a</run_address>
         <size>0x1c</size>
         <input_file_ref idref="fl-cc"/>
      </object_component>
      <object_component id="oc-243">
         <name>.text:memccpy</name>
         <load_address>0x2e66</load_address>
         <run_address>0x2e66</run_address>
         <size>0x1c</size>
         <input_file_ref idref="fl-e7"/>
      </object_component>
      <object_component id="oc-34c">
         <name>.text:copysign</name>
         <load_address>0x2e82</load_address>
         <run_address>0x2e82</run_address>
         <size>0x1a</size>
         <input_file_ref idref="fl-eb"/>
      </object_component>
      <object_component id="oc-1e3">
         <name>.text:_outc</name>
         <load_address>0x2e9c</load_address>
         <run_address>0x2e9c</run_address>
         <size>0x18</size>
         <input_file_ref idref="fl-c9"/>
      </object_component>
      <object_component id="oc-190">
         <name>.text:_outs</name>
         <load_address>0x2eb4</load_address>
         <run_address>0x2eb4</run_address>
         <size>0x18</size>
         <input_file_ref idref="fl-c8"/>
      </object_component>
      <object_component id="oc-15f">
         <name>.text:strcmp</name>
         <load_address>0x2ecc</load_address>
         <run_address>0x2ecc</run_address>
         <size>0x18</size>
         <input_file_ref idref="fl-cf"/>
      </object_component>
      <object_component id="oc-2fd">
         <name>.text:strchr</name>
         <load_address>0x2ee4</load_address>
         <run_address>0x2ee4</run_address>
         <size>0x16</size>
         <input_file_ref idref="fl-e8"/>
      </object_component>
      <object_component id="oc-165">
         <name>.text:strcpy</name>
         <load_address>0x2efa</load_address>
         <run_address>0x2efa</run_address>
         <size>0x14</size>
         <input_file_ref idref="fl-d0"/>
      </object_component>
      <object_component id="oc-c1">
         <name>.text:strlen</name>
         <load_address>0x2f0e</load_address>
         <run_address>0x2f0e</run_address>
         <size>0x14</size>
         <input_file_ref idref="fl-d1"/>
      </object_component>
      <object_component id="oc-249">
         <name>.text:wcslen</name>
         <load_address>0x2f22</load_address>
         <run_address>0x2f22</run_address>
         <size>0x12</size>
         <input_file_ref idref="fl-ea"/>
      </object_component>
      <object_component id="oc-1fb">
         <name>.text:IntMasterEnable</name>
         <load_address>0x2f34</load_address>
         <run_address>0x2f34</run_address>
         <size>0x10</size>
         <input_file_ref idref="fl-ed"/>
      </object_component>
      <object_component id="oc-152">
         <name>.text:lcd_clear</name>
         <load_address>0x2f44</load_address>
         <run_address>0x2f44</run_address>
         <size>0x10</size>
         <input_file_ref idref="fl-5"/>
      </object_component>
      <object_component id="oc-18">
         <name>.text:decompress:none:__TI_decompress_none</name>
         <load_address>0x2f54</load_address>
         <run_address>0x2f54</run_address>
         <size>0xe</size>
         <input_file_ref idref="fl-cd"/>
      </object_component>
      <object_component id="oc-299">
         <name>.text:CPUcpsie</name>
         <load_address>0x2f62</load_address>
         <run_address>0x2f62</run_address>
         <size>0xc</size>
         <input_file_ref idref="fl-ee"/>
      </object_component>
      <object_component id="oc-24">
         <name>.text</name>
         <load_address>0x2f6e</load_address>
         <run_address>0x2f6e</run_address>
         <size>0xc</size>
         <input_file_ref idref="fl-6"/>
      </object_component>
      <object_component id="oc-196">
         <name>.text:_outc</name>
         <load_address>0x2f7a</load_address>
         <run_address>0x2f7a</run_address>
         <size>0xa</size>
         <input_file_ref idref="fl-c8"/>
      </object_component>
      <object_component id="oc-24f">
         <name>.text:__aeabi_errno_addr</name>
         <load_address>0x2f84</load_address>
         <run_address>0x2f84</run_address>
         <size>0x8</size>
         <input_file_ref idref="fl-e9"/>
      </object_component>
      <object_component id="oc-92">
         <name>.text:_system_pre_init</name>
         <load_address>0x2f8c</load_address>
         <run_address>0x2f8c</run_address>
         <size>0x4</size>
         <input_file_ref idref="fl-df"/>
      </object_component>
      <object_component id="oc-fc">
         <name>.text:abort:abort</name>
         <load_address>0x2f90</load_address>
         <run_address>0x2f90</run_address>
         <size>0x4</size>
         <input_file_ref idref="fl-e1"/>
      </object_component>
      <object_component id="oc-2a6">
         <name>.const:.string:_ctypes_</name>
         <load_address>0x2f94</load_address>
         <run_address>0x2f94</run_address>
         <size>0x101</size>
         <input_file_ref idref="fl-e5"/>
      </object_component>
      <object_component id="oc-16b">
         <name>.const:.string:lineAddress$1</name>
         <load_address>0x3095</load_address>
         <run_address>0x3095</run_address>
         <size>0x4</size>
         <input_file_ref idref="fl-5"/>
      </object_component>
      <object_component id="oc-16c">
         <name>.const:.string:lineAddresses$2</name>
         <load_address>0x3099</load_address>
         <run_address>0x3099</run_address>
         <size>0x4</size>
         <input_file_ref idref="fl-5"/>
      </object_component>
      <object_component id="oc-3a0">
         <name>__TI_handler_table</name>
         <load_address>0x30a0</load_address>
         <run_address>0x30a0</run_address>
         <size>0xc</size>
      </object_component>
      <object_component id="oc-3a4">
         <name>.cinit..bss.load</name>
         <load_address>0x30b0</load_address>
         <run_address>0x30b0</run_address>
         <size>0x8</size>
      </object_component>
      <object_component id="oc-3a2">
         <name>.cinit..vtable.load</name>
         <load_address>0x30b8</load_address>
         <run_address>0x30b8</run_address>
         <size>0x8</size>
      </object_component>
      <object_component id="oc-3a3">
         <name>.cinit..data.load</name>
         <load_address>0x30c0</load_address>
         <run_address>0x30c0</run_address>
         <size>0x7</size>
      </object_component>
      <object_component id="oc-3a1">
         <name>__TI_cinit_table</name>
         <load_address>0x30c8</load_address>
         <run_address>0x30c8</run_address>
         <size>0x18</size>
      </object_component>
      <object_component id="oc-1d1">
         <name>.vtable</name>
         <uninitialized>true</uninitialized>
         <run_address>0x20000000</run_address>
         <size>0x26c</size>
         <input_file_ref idref="fl-ed"/>
      </object_component>
      <object_component id="oc-14d">
         <name>.data</name>
         <load_address>0x20001318</load_address>
         <run_address>0x20001318</run_address>
         <size>0x1</size>
         <input_file_ref idref="fl-2"/>
      </object_component>
      <object_component id="oc-145">
         <name>.data</name>
         <load_address>0x20001319</load_address>
         <run_address>0x20001319</run_address>
         <size>0x1</size>
         <input_file_ref idref="fl-3"/>
      </object_component>
      <object_component id="oc-141">
         <name>.data</name>
         <load_address>0x20001310</load_address>
         <run_address>0x20001310</run_address>
         <size>0x4</size>
         <input_file_ref idref="fl-12"/>
      </object_component>
      <object_component id="oc-30d">
         <name>.data</name>
         <load_address>0x20001314</load_address>
         <run_address>0x20001314</run_address>
         <size>0x4</size>
         <input_file_ref idref="fl-e9"/>
      </object_component>
      <object_component id="oc-16d">
         <name>.bss:lastbuffer$3</name>
         <uninitialized>true</uninitialized>
         <run_address>0x20001270</run_address>
         <size>0x54</size>
         <input_file_ref idref="fl-5"/>
      </object_component>
      <object_component id="oc-150">
         <name>.common:_timeout_ticks</name>
         <uninitialized>true</uninitialized>
         <run_address>0x200012f8</run_address>
         <size>0x4</size>
      </object_component>
      <object_component id="oc-201">
         <name>.common:isr_int_value</name>
         <uninitialized>true</uninitialized>
         <run_address>0x20001300</run_address>
         <size>0x4</size>
      </object_component>
      <object_component id="oc-209">
         <name>.common:risingEdge</name>
         <uninitialized>true</uninitialized>
         <run_address>0x20001308</run_address>
         <size>0x4</size>
      </object_component>
      <object_component id="oc-208">
         <name>.common:fallingEdge</name>
         <uninitialized>true</uninitialized>
         <run_address>0x200012fc</run_address>
         <size>0x4</size>
      </object_component>
      <object_component id="oc-20a">
         <name>.common:pulseLength</name>
         <uninitialized>true</uninitialized>
         <run_address>0x20001304</run_address>
         <size>0x4</size>
      </object_component>
      <object_component id="oc-205">
         <name>.common:isRisingEdge</name>
         <uninitialized>true</uninitialized>
         <run_address>0x2000130c</run_address>
         <size>0x1</size>
      </object_component>
      <object_component id="oc-13e">
         <name>.common:isr_char_buffer</name>
         <uninitialized>true</uninitialized>
         <run_address>0x200012c4</run_address>
         <size>0x34</size>
      </object_component>
      <object_component id="oc-21">
         <name>.stack</name>
         <uninitialized>true</uninitialized>
         <run_address>0x20000270</run_address>
         <size>0x4</size>
         <input_file_ref idref="fl-d2"/>
      </object_component>
      <object_component id="oc-3a5">
         <name>.stack</name>
         <uninitialized>true</uninitialized>
         <run_address>0x20000270</run_address>
         <size>0x0</size>
      </object_component>
      <object_component id="oc-af">
         <name>.debug_info</name>
         <load_address>0x0</load_address>
         <run_address>0x0</run_address>
         <size>0x2cf</size>
         <input_file_ref idref="fl-2"/>
      </object_component>
      <object_component id="oc-14e">
         <name>.debug_info</name>
         <load_address>0x2cf</load_address>
         <run_address>0x2cf</run_address>
         <size>0xdd</size>
         <input_file_ref idref="fl-2"/>
      </object_component>
      <object_component id="oc-d7">
         <name>.debug_info</name>
         <load_address>0x3ac</load_address>
         <run_address>0x3ac</run_address>
         <size>0x525</size>
         <input_file_ref idref="fl-2"/>
      </object_component>
      <object_component id="oc-6d">
         <name>.debug_info</name>
         <load_address>0x8d1</load_address>
         <run_address>0x8d1</run_address>
         <size>0x26b</size>
         <input_file_ref idref="fl-2"/>
      </object_component>
      <object_component id="oc-33">
         <name>.debug_info</name>
         <load_address>0xb3c</load_address>
         <run_address>0xb3c</run_address>
         <size>0x84</size>
         <input_file_ref idref="fl-2"/>
      </object_component>
      <object_component id="oc-aa">
         <name>.debug_info</name>
         <load_address>0xbc0</load_address>
         <run_address>0xbc0</run_address>
         <size>0x297</size>
         <input_file_ref idref="fl-2"/>
      </object_component>
      <object_component id="oc-72">
         <name>.debug_info</name>
         <load_address>0xe57</load_address>
         <run_address>0xe57</run_address>
         <size>0xbb</size>
         <input_file_ref idref="fl-2"/>
      </object_component>
      <object_component id="oc-1a0">
         <name>.debug_info</name>
         <load_address>0xf12</load_address>
         <run_address>0xf12</run_address>
         <size>0x26f</size>
         <input_file_ref idref="fl-3"/>
      </object_component>
      <object_component id="oc-ce">
         <name>.debug_info</name>
         <load_address>0x1181</load_address>
         <run_address>0x1181</run_address>
         <size>0x192</size>
         <input_file_ref idref="fl-3"/>
      </object_component>
      <object_component id="oc-f2">
         <name>.debug_info</name>
         <load_address>0x1313</load_address>
         <run_address>0x1313</run_address>
         <size>0xcc</size>
         <input_file_ref idref="fl-3"/>
      </object_component>
      <object_component id="oc-170">
         <name>.debug_info</name>
         <load_address>0x13df</load_address>
         <run_address>0x13df</run_address>
         <size>0x2c</size>
         <input_file_ref idref="fl-3"/>
      </object_component>
      <object_component id="oc-f1">
         <name>.debug_info</name>
         <load_address>0x140b</load_address>
         <run_address>0x140b</run_address>
         <size>0x4fe</size>
         <input_file_ref idref="fl-4"/>
      </object_component>
      <object_component id="oc-99">
         <name>.debug_info</name>
         <load_address>0x1909</load_address>
         <run_address>0x1909</run_address>
         <size>0x3c3</size>
         <input_file_ref idref="fl-4"/>
      </object_component>
      <object_component id="oc-f7">
         <name>.debug_info</name>
         <load_address>0x1ccc</load_address>
         <run_address>0x1ccc</run_address>
         <size>0x5e</size>
         <input_file_ref idref="fl-4"/>
      </object_component>
      <object_component id="oc-16f">
         <name>.debug_info</name>
         <load_address>0x1d2a</load_address>
         <run_address>0x1d2a</run_address>
         <size>0x397</size>
         <input_file_ref idref="fl-5"/>
      </object_component>
      <object_component id="oc-154">
         <name>.debug_info</name>
         <load_address>0x20c1</load_address>
         <run_address>0x20c1</run_address>
         <size>0x132</size>
         <input_file_ref idref="fl-5"/>
      </object_component>
      <object_component id="oc-dc">
         <name>.debug_info</name>
         <load_address>0x21f3</load_address>
         <run_address>0x21f3</run_address>
         <size>0x8be</size>
         <input_file_ref idref="fl-5"/>
      </object_component>
      <object_component id="oc-2c">
         <name>.debug_info</name>
         <load_address>0x2ab1</load_address>
         <run_address>0x2ab1</run_address>
         <size>0x2b9</size>
         <input_file_ref idref="fl-6"/>
      </object_component>
      <object_component id="oc-10">
         <name>.debug_info</name>
         <load_address>0x2d6a</load_address>
         <run_address>0x2d6a</run_address>
         <size>0xf8</size>
         <input_file_ref idref="fl-6"/>
      </object_component>
      <object_component id="oc-25">
         <name>.debug_info</name>
         <load_address>0x2e62</load_address>
         <run_address>0x2e62</run_address>
         <size>0x274</size>
         <input_file_ref idref="fl-6"/>
      </object_component>
      <object_component id="oc-188">
         <name>.debug_info</name>
         <load_address>0x30d6</load_address>
         <run_address>0x30d6</run_address>
         <size>0x39a</size>
         <input_file_ref idref="fl-e"/>
      </object_component>
      <object_component id="oc-e2">
         <name>.debug_info</name>
         <load_address>0x3470</load_address>
         <run_address>0x3470</run_address>
         <size>0x281</size>
         <input_file_ref idref="fl-e"/>
      </object_component>
      <object_component id="oc-215">
         <name>.debug_info</name>
         <load_address>0x36f1</load_address>
         <run_address>0x36f1</run_address>
         <size>0x5e</size>
         <input_file_ref idref="fl-e"/>
      </object_component>
      <object_component id="oc-1ca">
         <name>.debug_info</name>
         <load_address>0x374f</load_address>
         <run_address>0x374f</run_address>
         <size>0x26b</size>
         <input_file_ref idref="fl-e"/>
      </object_component>
      <object_component id="oc-288">
         <name>.debug_info</name>
         <load_address>0x39ba</load_address>
         <run_address>0x39ba</run_address>
         <size>0x297</size>
         <input_file_ref idref="fl-e"/>
      </object_component>
      <object_component id="oc-1c5">
         <name>.debug_info</name>
         <load_address>0x3c51</load_address>
         <run_address>0x3c51</run_address>
         <size>0xbb</size>
         <input_file_ref idref="fl-e"/>
      </object_component>
      <object_component id="oc-202">
         <name>.debug_info</name>
         <load_address>0x3d0c</load_address>
         <run_address>0x3d0c</run_address>
         <size>0x2f1</size>
         <input_file_ref idref="fl-f"/>
      </object_component>
      <object_component id="oc-179">
         <name>.debug_info</name>
         <load_address>0x3ffd</load_address>
         <run_address>0x3ffd</run_address>
         <size>0x27b</size>
         <input_file_ref idref="fl-f"/>
      </object_component>
      <object_component id="oc-206">
         <name>.debug_info</name>
         <load_address>0x4278</load_address>
         <run_address>0x4278</run_address>
         <size>0x3a8</size>
         <input_file_ref idref="fl-10"/>
      </object_component>
      <object_component id="oc-17e">
         <name>.debug_info</name>
         <load_address>0x4620</load_address>
         <run_address>0x4620</run_address>
         <size>0x263</size>
         <input_file_ref idref="fl-10"/>
      </object_component>
      <object_component id="oc-20c">
         <name>.debug_info</name>
         <load_address>0x4883</load_address>
         <run_address>0x4883</run_address>
         <size>0x8b</size>
         <input_file_ref idref="fl-10"/>
      </object_component>
      <object_component id="oc-212">
         <name>.debug_info</name>
         <load_address>0x490e</load_address>
         <run_address>0x490e</run_address>
         <size>0x277</size>
         <input_file_ref idref="fl-11"/>
      </object_component>
      <object_component id="oc-185">
         <name>.debug_info</name>
         <load_address>0x4b85</load_address>
         <run_address>0x4b85</run_address>
         <size>0x269</size>
         <input_file_ref idref="fl-11"/>
      </object_component>
      <object_component id="oc-13f">
         <name>.debug_info</name>
         <load_address>0x4dee</load_address>
         <run_address>0x4dee</run_address>
         <size>0x32b</size>
         <input_file_ref idref="fl-12"/>
      </object_component>
      <object_component id="oc-142">
         <name>.debug_info</name>
         <load_address>0x5119</load_address>
         <run_address>0x5119</run_address>
         <size>0xee</size>
         <input_file_ref idref="fl-12"/>
      </object_component>
      <object_component id="oc-c9">
         <name>.debug_info</name>
         <load_address>0x5207</load_address>
         <run_address>0x5207</run_address>
         <size>0x608</size>
         <input_file_ref idref="fl-12"/>
      </object_component>
      <object_component id="oc-19d">
         <name>.debug_info</name>
         <load_address>0x580f</load_address>
         <run_address>0x580f</run_address>
         <size>0x334</size>
         <input_file_ref idref="fl-c8"/>
      </object_component>
      <object_component id="oc-ed">
         <name>.debug_info</name>
         <load_address>0x5b43</load_address>
         <run_address>0x5b43</run_address>
         <size>0x1d2</size>
         <input_file_ref idref="fl-c8"/>
      </object_component>
      <object_component id="oc-192">
         <name>.debug_info</name>
         <load_address>0x5d15</load_address>
         <run_address>0x5d15</run_address>
         <size>0x18e</size>
         <input_file_ref idref="fl-c8"/>
      </object_component>
      <object_component id="oc-19a">
         <name>.debug_info</name>
         <load_address>0x5ea3</load_address>
         <run_address>0x5ea3</run_address>
         <size>0x16e</size>
         <input_file_ref idref="fl-c8"/>
      </object_component>
      <object_component id="oc-1eb">
         <name>.debug_info</name>
         <load_address>0x6011</load_address>
         <run_address>0x6011</run_address>
         <size>0x2c</size>
         <input_file_ref idref="fl-c8"/>
      </object_component>
      <object_component id="oc-1ea">
         <name>.debug_info</name>
         <load_address>0x603d</load_address>
         <run_address>0x603d</run_address>
         <size>0x341</size>
         <input_file_ref idref="fl-c9"/>
      </object_component>
      <object_component id="oc-15b">
         <name>.debug_info</name>
         <load_address>0x637e</load_address>
         <run_address>0x637e</run_address>
         <size>0x209</size>
         <input_file_ref idref="fl-c9"/>
      </object_component>
      <object_component id="oc-1de">
         <name>.debug_info</name>
         <load_address>0x6587</load_address>
         <run_address>0x6587</run_address>
         <size>0x1c7</size>
         <input_file_ref idref="fl-c9"/>
      </object_component>
      <object_component id="oc-1e4">
         <name>.debug_info</name>
         <load_address>0x674e</load_address>
         <run_address>0x674e</run_address>
         <size>0x17a</size>
         <input_file_ref idref="fl-c9"/>
      </object_component>
      <object_component id="oc-1f0">
         <name>.debug_info</name>
         <load_address>0x68c8</load_address>
         <run_address>0x68c8</run_address>
         <size>0x69</size>
         <input_file_ref idref="fl-c9"/>
      </object_component>
      <object_component id="oc-e7">
         <name>.debug_info</name>
         <load_address>0x6931</load_address>
         <run_address>0x6931</run_address>
         <size>0x12d</size>
         <input_file_ref idref="fl-ca"/>
      </object_component>
      <object_component id="oc-3a">
         <name>.debug_info</name>
         <load_address>0x6a5e</load_address>
         <run_address>0x6a5e</run_address>
         <size>0x11a</size>
         <input_file_ref idref="fl-cb"/>
      </object_component>
      <object_component id="oc-8b">
         <name>.debug_info</name>
         <load_address>0x6b78</load_address>
         <run_address>0x6b78</run_address>
         <size>0x2d5</size>
         <input_file_ref idref="fl-cc"/>
      </object_component>
      <object_component id="oc-47">
         <name>.debug_info</name>
         <load_address>0x6e4d</load_address>
         <run_address>0x6e4d</run_address>
         <size>0x1d3</size>
         <input_file_ref idref="fl-cc"/>
      </object_component>
      <object_component id="oc-86">
         <name>.debug_info</name>
         <load_address>0x7020</load_address>
         <run_address>0x7020</run_address>
         <size>0x46</size>
         <input_file_ref idref="fl-cc"/>
      </object_component>
      <object_component id="oc-b8">
         <name>.debug_info</name>
         <load_address>0x7066</load_address>
         <run_address>0x7066</run_address>
         <size>0x2c</size>
         <input_file_ref idref="fl-cc"/>
      </object_component>
      <object_component id="oc-43">
         <name>.debug_info</name>
         <load_address>0x7092</load_address>
         <run_address>0x7092</run_address>
         <size>0x2a9</size>
         <input_file_ref idref="fl-cd"/>
      </object_component>
      <object_component id="oc-1b">
         <name>.debug_info</name>
         <load_address>0x733b</load_address>
         <run_address>0x733b</run_address>
         <size>0x1eb</size>
         <input_file_ref idref="fl-cd"/>
      </object_component>
      <object_component id="oc-3e">
         <name>.debug_info</name>
         <load_address>0x7526</load_address>
         <run_address>0x7526</run_address>
         <size>0x46</size>
         <input_file_ref idref="fl-cd"/>
      </object_component>
      <object_component id="oc-7e">
         <name>.debug_info</name>
         <load_address>0x756c</load_address>
         <run_address>0x756c</run_address>
         <size>0x2c</size>
         <input_file_ref idref="fl-cd"/>
      </object_component>
      <object_component id="oc-7c">
         <name>.debug_info</name>
         <load_address>0x7598</load_address>
         <run_address>0x7598</run_address>
         <size>0x29f</size>
         <input_file_ref idref="fl-ce"/>
      </object_component>
      <object_component id="oc-13">
         <name>.debug_info</name>
         <load_address>0x7837</load_address>
         <run_address>0x7837</run_address>
         <size>0x251</size>
         <input_file_ref idref="fl-ce"/>
      </object_component>
      <object_component id="oc-2e">
         <name>.debug_info</name>
         <load_address>0x7a88</load_address>
         <run_address>0x7a88</run_address>
         <size>0x60</size>
         <input_file_ref idref="fl-ce"/>
      </object_component>
      <object_component id="oc-b1">
         <name>.debug_info</name>
         <load_address>0x7ae8</load_address>
         <run_address>0x7ae8</run_address>
         <size>0x46</size>
         <input_file_ref idref="fl-ce"/>
      </object_component>
      <object_component id="oc-77">
         <name>.debug_info</name>
         <load_address>0x7b2e</load_address>
         <run_address>0x7b2e</run_address>
         <size>0x39</size>
         <input_file_ref idref="fl-ce"/>
      </object_component>
      <object_component id="oc-1f6">
         <name>.debug_info</name>
         <load_address>0x7b67</load_address>
         <run_address>0x7b67</run_address>
         <size>0x28b</size>
         <input_file_ref idref="fl-cf"/>
      </object_component>
      <object_component id="oc-160">
         <name>.debug_info</name>
         <load_address>0x7df2</load_address>
         <run_address>0x7df2</run_address>
         <size>0x274</size>
         <input_file_ref idref="fl-cf"/>
      </object_component>
      <object_component id="oc-1f8">
         <name>.debug_info</name>
         <load_address>0x8066</load_address>
         <run_address>0x8066</run_address>
         <size>0x2a5</size>
         <input_file_ref idref="fl-d0"/>
      </object_component>
      <object_component id="oc-169">
         <name>.debug_info</name>
         <load_address>0x830b</load_address>
         <run_address>0x830b</run_address>
         <size>0x24d</size>
         <input_file_ref idref="fl-d0"/>
      </object_component>
      <object_component id="oc-13d">
         <name>.debug_info</name>
         <load_address>0x8558</load_address>
         <run_address>0x8558</run_address>
         <size>0x290</size>
         <input_file_ref idref="fl-d1"/>
      </object_component>
      <object_component id="oc-c4">
         <name>.debug_info</name>
         <load_address>0x87e8</load_address>
         <run_address>0x87e8</run_address>
         <size>0x246</size>
         <input_file_ref idref="fl-d1"/>
      </object_component>
      <object_component id="oc-22">
         <name>.debug_info</name>
         <load_address>0x8a2e</load_address>
         <run_address>0x8a2e</run_address>
         <size>0x10c</size>
         <input_file_ref idref="fl-d2"/>
      </object_component>
      <object_component id="oc-5a">
         <name>.debug_info</name>
         <load_address>0x8b3a</load_address>
         <run_address>0x8b3a</run_address>
         <size>0x1aa</size>
         <input_file_ref idref="fl-d2"/>
      </object_component>
      <object_component id="oc-256">
         <name>.debug_info</name>
         <load_address>0x8ce4</load_address>
         <run_address>0x8ce4</run_address>
         <size>0x57c</size>
         <input_file_ref idref="fl-d3"/>
      </object_component>
      <object_component id="oc-222">
         <name>.debug_info</name>
         <load_address>0x9260</load_address>
         <run_address>0x9260</run_address>
         <size>0x21f</size>
         <input_file_ref idref="fl-d3"/>
      </object_component>
      <object_component id="oc-2d8">
         <name>.debug_info</name>
         <load_address>0x947f</load_address>
         <run_address>0x947f</run_address>
         <size>0x1b4</size>
         <input_file_ref idref="fl-d3"/>
      </object_component>
      <object_component id="oc-2de">
         <name>.debug_info</name>
         <load_address>0x9633</load_address>
         <run_address>0x9633</run_address>
         <size>0x21c</size>
         <input_file_ref idref="fl-d3"/>
      </object_component>
      <object_component id="oc-22c">
         <name>.debug_info</name>
         <load_address>0x984f</load_address>
         <run_address>0x984f</run_address>
         <size>0x3bc</size>
         <input_file_ref idref="fl-d3"/>
      </object_component>
      <object_component id="oc-2e5">
         <name>.debug_info</name>
         <load_address>0x9c0b</load_address>
         <run_address>0x9c0b</run_address>
         <size>0x306</size>
         <input_file_ref idref="fl-d3"/>
      </object_component>
      <object_component id="oc-2eb">
         <name>.debug_info</name>
         <load_address>0x9f11</load_address>
         <run_address>0x9f11</run_address>
         <size>0x216</size>
         <input_file_ref idref="fl-d3"/>
      </object_component>
      <object_component id="oc-233">
         <name>.debug_info</name>
         <load_address>0xa127</load_address>
         <run_address>0xa127</run_address>
         <size>0x216</size>
         <input_file_ref idref="fl-d3"/>
      </object_component>
      <object_component id="oc-239">
         <name>.debug_info</name>
         <load_address>0xa33d</load_address>
         <run_address>0xa33d</run_address>
         <size>0x305</size>
         <input_file_ref idref="fl-d3"/>
      </object_component>
      <object_component id="oc-23f">
         <name>.debug_info</name>
         <load_address>0xa642</load_address>
         <run_address>0xa642</run_address>
         <size>0x4b1</size>
         <input_file_ref idref="fl-d3"/>
      </object_component>
      <object_component id="oc-18c">
         <name>.debug_info</name>
         <load_address>0xaaf3</load_address>
         <run_address>0xaaf3</run_address>
         <size>0x5f5</size>
         <input_file_ref idref="fl-d3"/>
      </object_component>
      <object_component id="oc-257">
         <name>.debug_info</name>
         <load_address>0xb0e8</load_address>
         <run_address>0xb0e8</run_address>
         <size>0x86</size>
         <input_file_ref idref="fl-d3"/>
      </object_component>
      <object_component id="oc-314">
         <name>.debug_info</name>
         <load_address>0xb16e</load_address>
         <run_address>0xb16e</run_address>
         <size>0x39</size>
         <input_file_ref idref="fl-d3"/>
      </object_component>
      <object_component id="oc-363">
         <name>.debug_info</name>
         <load_address>0xb1a7</load_address>
         <run_address>0xb1a7</run_address>
         <size>0xb6</size>
         <input_file_ref idref="fl-d3"/>
      </object_component>
      <object_component id="oc-319">
         <name>.debug_info</name>
         <load_address>0xb25d</load_address>
         <run_address>0xb25d</run_address>
         <size>0x46</size>
         <input_file_ref idref="fl-d3"/>
      </object_component>
      <object_component id="oc-25c">
         <name>.debug_info</name>
         <load_address>0xb2a3</load_address>
         <run_address>0xb2a3</run_address>
         <size>0x46</size>
         <input_file_ref idref="fl-d3"/>
      </object_component>
      <object_component id="oc-346">
         <name>.debug_info</name>
         <load_address>0xb2e9</load_address>
         <run_address>0xb2e9</run_address>
         <size>0x29b</size>
         <input_file_ref idref="fl-d4"/>
      </object_component>
      <object_component id="oc-2f2">
         <name>.debug_info</name>
         <load_address>0xb584</load_address>
         <run_address>0xb584</run_address>
         <size>0x196</size>
         <input_file_ref idref="fl-d4"/>
      </object_component>
      <object_component id="oc-36f">
         <name>.debug_info</name>
         <load_address>0xb71a</load_address>
         <run_address>0xb71a</run_address>
         <size>0x39</size>
         <input_file_ref idref="fl-d4"/>
      </object_component>
      <object_component id="oc-347">
         <name>.debug_info</name>
         <load_address>0xb753</load_address>
         <run_address>0xb753</run_address>
         <size>0x2c</size>
         <input_file_ref idref="fl-d4"/>
      </object_component>
      <object_component id="oc-353">
         <name>.debug_info</name>
         <load_address>0xb77f</load_address>
         <run_address>0xb77f</run_address>
         <size>0x2fe</size>
         <input_file_ref idref="fl-d5"/>
      </object_component>
      <object_component id="oc-2f8">
         <name>.debug_info</name>
         <load_address>0xba7d</load_address>
         <run_address>0xba7d</run_address>
         <size>0x226</size>
         <input_file_ref idref="fl-d5"/>
      </object_component>
      <object_component id="oc-2ad">
         <name>.debug_info</name>
         <load_address>0xbca3</load_address>
         <run_address>0xbca3</run_address>
         <size>0x135</size>
         <input_file_ref idref="fl-d6"/>
      </object_component>
      <object_component id="oc-8f">
         <name>.debug_info</name>
         <load_address>0xbdd8</load_address>
         <run_address>0xbdd8</run_address>
         <size>0x148</size>
         <input_file_ref idref="fl-d7"/>
      </object_component>
      <object_component id="oc-2d3">
         <name>.debug_info</name>
         <load_address>0xbf20</load_address>
         <run_address>0xbf20</run_address>
         <size>0x14d</size>
         <input_file_ref idref="fl-d8"/>
      </object_component>
      <object_component id="oc-227">
         <name>.debug_info</name>
         <load_address>0xc06d</load_address>
         <run_address>0xc06d</run_address>
         <size>0x129</size>
         <input_file_ref idref="fl-d9"/>
      </object_component>
      <object_component id="oc-2bd">
         <name>.debug_info</name>
         <load_address>0xc196</load_address>
         <run_address>0xc196</run_address>
         <size>0x12b</size>
         <input_file_ref idref="fl-d9"/>
      </object_component>
      <object_component id="oc-2b9">
         <name>.debug_info</name>
         <load_address>0xc2c1</load_address>
         <run_address>0xc2c1</run_address>
         <size>0x13b</size>
         <input_file_ref idref="fl-da"/>
      </object_component>
      <object_component id="oc-2b5">
         <name>.debug_info</name>
         <load_address>0xc3fc</load_address>
         <run_address>0xc3fc</run_address>
         <size>0x13b</size>
         <input_file_ref idref="fl-db"/>
      </object_component>
      <object_component id="oc-2c2">
         <name>.debug_info</name>
         <load_address>0xc537</load_address>
         <run_address>0xc537</run_address>
         <size>0x12f</size>
         <input_file_ref idref="fl-dc"/>
      </object_component>
      <object_component id="oc-2ce">
         <name>.debug_info</name>
         <load_address>0xc666</load_address>
         <run_address>0xc666</run_address>
         <size>0x12d</size>
         <input_file_ref idref="fl-dd"/>
      </object_component>
      <object_component id="oc-1ac">
         <name>.debug_info</name>
         <load_address>0xc793</load_address>
         <run_address>0xc793</run_address>
         <size>0x4b4</size>
         <input_file_ref idref="fl-de"/>
      </object_component>
      <object_component id="oc-10b">
         <name>.debug_info</name>
         <load_address>0xcc47</load_address>
         <run_address>0xcc47</run_address>
         <size>0x1a7</size>
         <input_file_ref idref="fl-de"/>
      </object_component>
      <object_component id="oc-277">
         <name>.debug_info</name>
         <load_address>0xcdee</load_address>
         <run_address>0xcdee</run_address>
         <size>0x39</size>
         <input_file_ref idref="fl-de"/>
      </object_component>
      <object_component id="oc-321">
         <name>.debug_info</name>
         <load_address>0xce27</load_address>
         <run_address>0xce27</run_address>
         <size>0x39</size>
         <input_file_ref idref="fl-de"/>
      </object_component>
      <object_component id="oc-27c">
         <name>.debug_info</name>
         <load_address>0xce60</load_address>
         <run_address>0xce60</run_address>
         <size>0x39</size>
         <input_file_ref idref="fl-de"/>
      </object_component>
      <object_component id="oc-281">
         <name>.debug_info</name>
         <load_address>0xce99</load_address>
         <run_address>0xce99</run_address>
         <size>0xcd</size>
         <input_file_ref idref="fl-de"/>
      </object_component>
      <object_component id="oc-95">
         <name>.debug_info</name>
         <load_address>0xcf66</load_address>
         <run_address>0xcf66</run_address>
         <size>0x154</size>
         <input_file_ref idref="fl-df"/>
      </object_component>
      <object_component id="oc-ff">
         <name>.debug_info</name>
         <load_address>0xd0ba</load_address>
         <run_address>0xd0ba</run_address>
         <size>0x123</size>
         <input_file_ref idref="fl-e1"/>
      </object_component>
      <object_component id="oc-2aa">
         <name>.debug_info</name>
         <load_address>0xd1dd</load_address>
         <run_address>0xd1dd</run_address>
         <size>0x2ba</size>
         <input_file_ref idref="fl-e4"/>
      </object_component>
      <object_component id="oc-21c">
         <name>.debug_info</name>
         <load_address>0xd497</load_address>
         <run_address>0xd497</run_address>
         <size>0x17d</size>
         <input_file_ref idref="fl-e4"/>
      </object_component>
      <object_component id="oc-330">
         <name>.debug_info</name>
         <load_address>0xd614</load_address>
         <run_address>0xd614</run_address>
         <size>0xfa</size>
         <input_file_ref idref="fl-e5"/>
      </object_component>
      <object_component id="oc-2a7">
         <name>.debug_info</name>
         <load_address>0xd70e</load_address>
         <run_address>0xd70e</run_address>
         <size>0x106</size>
         <input_file_ref idref="fl-e5"/>
      </object_component>
      <object_component id="oc-33e">
         <name>.debug_info</name>
         <load_address>0xd814</load_address>
         <run_address>0xd814</run_address>
         <size>0x29c</size>
         <input_file_ref idref="fl-e6"/>
      </object_component>
      <object_component id="oc-2c8">
         <name>.debug_info</name>
         <load_address>0xdab0</load_address>
         <run_address>0xdab0</run_address>
         <size>0x1ce</size>
         <input_file_ref idref="fl-e6"/>
      </object_component>
      <object_component id="oc-305">
         <name>.debug_info</name>
         <load_address>0xdc7e</load_address>
         <run_address>0xdc7e</run_address>
         <size>0x297</size>
         <input_file_ref idref="fl-e7"/>
      </object_component>
      <object_component id="oc-246">
         <name>.debug_info</name>
         <load_address>0xdf15</load_address>
         <run_address>0xdf15</run_address>
         <size>0x1b7</size>
         <input_file_ref idref="fl-e7"/>
      </object_component>
      <object_component id="oc-355">
         <name>.debug_info</name>
         <load_address>0xe0cc</load_address>
         <run_address>0xe0cc</run_address>
         <size>0x29b</size>
         <input_file_ref idref="fl-e8"/>
      </object_component>
      <object_component id="oc-300">
         <name>.debug_info</name>
         <load_address>0xe367</load_address>
         <run_address>0xe367</run_address>
         <size>0x263</size>
         <input_file_ref idref="fl-e8"/>
      </object_component>
      <object_component id="oc-311">
         <name>.debug_info</name>
         <load_address>0xe5ca</load_address>
         <run_address>0xe5ca</run_address>
         <size>0x28a</size>
         <input_file_ref idref="fl-e9"/>
      </object_component>
      <object_component id="oc-30e">
         <name>.debug_info</name>
         <load_address>0xe854</load_address>
         <run_address>0xe854</run_address>
         <size>0x10f</size>
         <input_file_ref idref="fl-e9"/>
      </object_component>
      <object_component id="oc-251">
         <name>.debug_info</name>
         <load_address>0xe963</load_address>
         <run_address>0xe963</run_address>
         <size>0x14f</size>
         <input_file_ref idref="fl-e9"/>
      </object_component>
      <object_component id="oc-30c">
         <name>.debug_info</name>
         <load_address>0xeab2</load_address>
         <run_address>0xeab2</run_address>
         <size>0x290</size>
         <input_file_ref idref="fl-ea"/>
      </object_component>
      <object_component id="oc-24a">
         <name>.debug_info</name>
         <load_address>0xed42</load_address>
         <run_address>0xed42</run_address>
         <size>0x15b</size>
         <input_file_ref idref="fl-ea"/>
      </object_component>
      <object_component id="oc-358">
         <name>.debug_info</name>
         <load_address>0xee9d</load_address>
         <run_address>0xee9d</run_address>
         <size>0x46</size>
         <input_file_ref idref="fl-ea"/>
      </object_component>
      <object_component id="oc-307">
         <name>.debug_info</name>
         <load_address>0xeee3</load_address>
         <run_address>0xeee3</run_address>
         <size>0x39</size>
         <input_file_ref idref="fl-ea"/>
      </object_component>
      <object_component id="oc-34d">
         <name>.debug_info</name>
         <load_address>0xef1c</load_address>
         <run_address>0xef1c</run_address>
         <size>0x162</size>
         <input_file_ref idref="fl-eb"/>
      </object_component>
      <object_component id="oc-334">
         <name>.debug_info</name>
         <load_address>0xf07e</load_address>
         <run_address>0xf07e</run_address>
         <size>0x116</size>
         <input_file_ref idref="fl-ec"/>
      </object_component>
      <object_component id="oc-1da">
         <name>.debug_info</name>
         <load_address>0xf194</load_address>
         <run_address>0xf194</run_address>
         <size>0x20e</size>
         <input_file_ref idref="fl-ed"/>
      </object_component>
      <object_component id="oc-1d2">
         <name>.debug_info</name>
         <load_address>0xf3a2</load_address>
         <run_address>0xf3a2</run_address>
         <size>0x157</size>
         <input_file_ref idref="fl-ed"/>
      </object_component>
      <object_component id="oc-149">
         <name>.debug_info</name>
         <load_address>0xf4f9</load_address>
         <run_address>0xf4f9</run_address>
         <size>0x2c1</size>
         <input_file_ref idref="fl-ed"/>
      </object_component>
      <object_component id="oc-1fc">
         <name>.debug_info</name>
         <load_address>0xf7ba</load_address>
         <run_address>0xf7ba</run_address>
         <size>0x23e</size>
         <input_file_ref idref="fl-ed"/>
      </object_component>
      <object_component id="oc-1d5">
         <name>.debug_info</name>
         <load_address>0xf9f8</load_address>
         <run_address>0xf9f8</run_address>
         <size>0x18b</size>
         <input_file_ref idref="fl-ed"/>
      </object_component>
      <object_component id="oc-29c">
         <name>.debug_info</name>
         <load_address>0xfb83</load_address>
         <run_address>0xfb83</run_address>
         <size>0x212</size>
         <input_file_ref idref="fl-ee"/>
      </object_component>
      <object_component id="oc-3a6">
         <name>.debug_info</name>
         <load_address>0xfd95</load_address>
         <run_address>0xfd95</run_address>
         <size>0xab</size>
      </object_component>
      <object_component id="oc-13b">
         <name>.debug_line</name>
         <load_address>0x0</load_address>
         <run_address>0x0</run_address>
         <size>0x69</size>
         <input_file_ref idref="fl-2"/>
      </object_component>
      <object_component id="oc-1dc">
         <name>.debug_line</name>
         <load_address>0x69</load_address>
         <run_address>0x69</run_address>
         <size>0x2e</size>
         <input_file_ref idref="fl-2"/>
      </object_component>
      <object_component id="oc-d4">
         <name>.debug_line</name>
         <load_address>0x97</load_address>
         <run_address>0x97</run_address>
         <size>0x183</size>
         <input_file_ref idref="fl-2"/>
      </object_component>
      <object_component id="oc-70">
         <name>.debug_line</name>
         <load_address>0x21a</load_address>
         <run_address>0x21a</run_address>
         <size>0x6f</size>
         <input_file_ref idref="fl-2"/>
      </object_component>
      <object_component id="oc-36">
         <name>.debug_line</name>
         <load_address>0x289</load_address>
         <run_address>0x289</run_address>
         <size>0x20</size>
         <input_file_ref idref="fl-2"/>
      </object_component>
      <object_component id="oc-ad">
         <name>.debug_line</name>
         <load_address>0x2a9</load_address>
         <run_address>0x2a9</run_address>
         <size>0x73</size>
         <input_file_ref idref="fl-2"/>
      </object_component>
      <object_component id="oc-75">
         <name>.debug_line</name>
         <load_address>0x31c</load_address>
         <run_address>0x31c</run_address>
         <size>0x70</size>
         <input_file_ref idref="fl-2"/>
      </object_component>
      <object_component id="oc-266">
         <name>.debug_line</name>
         <load_address>0x38c</load_address>
         <run_address>0x38c</run_address>
         <size>0x20</size>
         <input_file_ref idref="fl-3"/>
      </object_component>
      <object_component id="oc-d1">
         <name>.debug_line</name>
         <load_address>0x3ac</load_address>
         <run_address>0x3ac</run_address>
         <size>0x92</size>
         <input_file_ref idref="fl-3"/>
      </object_component>
      <object_component id="oc-f5">
         <name>.debug_line</name>
         <load_address>0x43e</load_address>
         <run_address>0x43e</run_address>
         <size>0x6a</size>
         <input_file_ref idref="fl-3"/>
      </object_component>
      <object_component id="oc-173">
         <name>.debug_line</name>
         <load_address>0x4a8</load_address>
         <run_address>0x4a8</run_address>
         <size>0x6b</size>
         <input_file_ref idref="fl-3"/>
      </object_component>
      <object_component id="oc-19f">
         <name>.debug_line</name>
         <load_address>0x513</load_address>
         <run_address>0x513</run_address>
         <size>0x104</size>
         <input_file_ref idref="fl-4"/>
      </object_component>
      <object_component id="oc-9d">
         <name>.debug_line</name>
         <load_address>0x617</load_address>
         <run_address>0x617</run_address>
         <size>0xbb</size>
         <input_file_ref idref="fl-4"/>
      </object_component>
      <object_component id="oc-fa">
         <name>.debug_line</name>
         <load_address>0x6d2</load_address>
         <run_address>0x6d2</run_address>
         <size>0x33</size>
         <input_file_ref idref="fl-4"/>
      </object_component>
      <object_component id="oc-1fa">
         <name>.debug_line</name>
         <load_address>0x705</load_address>
         <run_address>0x705</run_address>
         <size>0xc3</size>
         <input_file_ref idref="fl-5"/>
      </object_component>
      <object_component id="oc-153">
         <name>.debug_line</name>
         <load_address>0x7c8</load_address>
         <run_address>0x7c8</run_address>
         <size>0x45</size>
         <input_file_ref idref="fl-5"/>
      </object_component>
      <object_component id="oc-da">
         <name>.debug_line</name>
         <load_address>0x80d</load_address>
         <run_address>0x80d</run_address>
         <size>0x1a0</size>
         <input_file_ref idref="fl-5"/>
      </object_component>
      <object_component id="oc-6c">
         <name>.debug_line</name>
         <load_address>0x9ad</load_address>
         <run_address>0x9ad</run_address>
         <size>0x41</size>
         <input_file_ref idref="fl-6"/>
      </object_component>
      <object_component id="oc-2b">
         <name>.debug_line</name>
         <load_address>0x9ee</load_address>
         <run_address>0x9ee</run_address>
         <size>0x41</size>
         <input_file_ref idref="fl-6"/>
      </object_component>
      <object_component id="oc-29">
         <name>.debug_line</name>
         <load_address>0xa2f</load_address>
         <run_address>0xa2f</run_address>
         <size>0xa1</size>
         <input_file_ref idref="fl-6"/>
      </object_component>
      <object_component id="oc-214">
         <name>.debug_line</name>
         <load_address>0xad0</load_address>
         <run_address>0xad0</run_address>
         <size>0x54</size>
         <input_file_ref idref="fl-e"/>
      </object_component>
      <object_component id="oc-e4">
         <name>.debug_line</name>
         <load_address>0xb24</load_address>
         <run_address>0xb24</run_address>
         <size>0x71</size>
         <input_file_ref idref="fl-e"/>
      </object_component>
      <object_component id="oc-218">
         <name>.debug_line</name>
         <load_address>0xb95</load_address>
         <run_address>0xb95</run_address>
         <size>0x33</size>
         <input_file_ref idref="fl-e"/>
      </object_component>
      <object_component id="oc-1cd">
         <name>.debug_line</name>
         <load_address>0xbc8</load_address>
         <run_address>0xbc8</run_address>
         <size>0x69</size>
         <input_file_ref idref="fl-e"/>
      </object_component>
      <object_component id="oc-28b">
         <name>.debug_line</name>
         <load_address>0xc31</load_address>
         <run_address>0xc31</run_address>
         <size>0x6d</size>
         <input_file_ref idref="fl-e"/>
      </object_component>
      <object_component id="oc-1c8">
         <name>.debug_line</name>
         <load_address>0xc9e</load_address>
         <run_address>0xc9e</run_address>
         <size>0x6a</size>
         <input_file_ref idref="fl-e"/>
      </object_component>
      <object_component id="oc-2a1">
         <name>.debug_line</name>
         <load_address>0xd08</load_address>
         <run_address>0xd08</run_address>
         <size>0x2b</size>
         <input_file_ref idref="fl-f"/>
      </object_component>
      <object_component id="oc-178">
         <name>.debug_line</name>
         <load_address>0xd33</load_address>
         <run_address>0xd33</run_address>
         <size>0xc5</size>
         <input_file_ref idref="fl-f"/>
      </object_component>
      <object_component id="oc-2a3">
         <name>.debug_line</name>
         <load_address>0xdf8</load_address>
         <run_address>0xdf8</run_address>
         <size>0x76</size>
         <input_file_ref idref="fl-10"/>
      </object_component>
      <object_component id="oc-180">
         <name>.debug_line</name>
         <load_address>0xe6e</load_address>
         <run_address>0xe6e</run_address>
         <size>0xfc</size>
         <input_file_ref idref="fl-10"/>
      </object_component>
      <object_component id="oc-20f">
         <name>.debug_line</name>
         <load_address>0xf6a</load_address>
         <run_address>0xf6a</run_address>
         <size>0x20</size>
         <input_file_ref idref="fl-10"/>
      </object_component>
      <object_component id="oc-2a5">
         <name>.debug_line</name>
         <load_address>0xf8a</load_address>
         <run_address>0xf8a</run_address>
         <size>0x20</size>
         <input_file_ref idref="fl-11"/>
      </object_component>
      <object_component id="oc-182">
         <name>.debug_line</name>
         <load_address>0xfaa</load_address>
         <run_address>0xfaa</run_address>
         <size>0xb2</size>
         <input_file_ref idref="fl-11"/>
      </object_component>
      <object_component id="oc-1c4">
         <name>.debug_line</name>
         <load_address>0x105c</load_address>
         <run_address>0x105c</run_address>
         <size>0x2d</size>
         <input_file_ref idref="fl-12"/>
      </object_component>
      <object_component id="oc-1d0">
         <name>.debug_line</name>
         <load_address>0x1089</load_address>
         <run_address>0x1089</run_address>
         <size>0x2d</size>
         <input_file_ref idref="fl-12"/>
      </object_component>
      <object_component id="oc-c8">
         <name>.debug_line</name>
         <load_address>0x10b6</load_address>
         <run_address>0x10b6</run_address>
         <size>0x1f0</size>
         <input_file_ref idref="fl-12"/>
      </object_component>
      <object_component id="oc-264">
         <name>.debug_line</name>
         <load_address>0x12a6</load_address>
         <run_address>0x12a6</run_address>
         <size>0x2d</size>
         <input_file_ref idref="fl-c8"/>
      </object_component>
      <object_component id="oc-ef">
         <name>.debug_line</name>
         <load_address>0x12d3</load_address>
         <run_address>0x12d3</run_address>
         <size>0x4b</size>
         <input_file_ref idref="fl-c8"/>
      </object_component>
      <object_component id="oc-194">
         <name>.debug_line</name>
         <load_address>0x131e</load_address>
         <run_address>0x131e</run_address>
         <size>0x4b</size>
         <input_file_ref idref="fl-c8"/>
      </object_component>
      <object_component id="oc-197">
         <name>.debug_line</name>
         <load_address>0x1369</load_address>
         <run_address>0x1369</run_address>
         <size>0x3f</size>
         <input_file_ref idref="fl-c8"/>
      </object_component>
      <object_component id="oc-1ee">
         <name>.debug_line</name>
         <load_address>0x13a8</load_address>
         <run_address>0x13a8</run_address>
         <size>0x91</size>
         <input_file_ref idref="fl-c8"/>
      </object_component>
      <object_component id="oc-294">
         <name>.debug_line</name>
         <load_address>0x1439</load_address>
         <run_address>0x1439</run_address>
         <size>0x2f</size>
         <input_file_ref idref="fl-c9"/>
      </object_component>
[...]
         <name>__binit__</name>
         <value>0xffffffff</value>
      </symbol>
      <symbol id="sm-8">
         <name>__STACK_SIZE</name>
         <value>0x1000</value>
      </symbol>
      <symbol id="sm-9">
         <name>__STACK_END</name>
         <value>0x20001270</value>
      </symbol>
      <symbol id="sm-a">
         <name>__c_args__</name>
         <value>0xffffffff</value>
      </symbol>
      <symbol id="sm-b">
         <name>__TI_pprof_out_hndl</name>
         <value>0xffffffff</value>
      </symbol>
      <symbol id="sm-c">
         <name>__TI_prof_data_start</name>
         <value>0xffffffff</value>
      </symbol>
      <symbol id="sm-d">
         <name>__TI_prof_data_size</name>
         <value>0xffffffff</value>
      </symbol>
      <symbol id="sm-72">
         <name>_timeout_ticks</name>
         <value>0x200012f8</value>
      </symbol>
      <symbol id="sm-73">
         <name>timer_pause</name>
         <value>0x159f</value>
         <object_component_ref idref="oc-d3"/>
      </symbol>
      <symbol id="sm-74">
         <name>timer_resume</name>
         <value>0x15b1</value>
         <object_component_ref idref="oc-d3"/>
      </symbol>
      <symbol id="sm-75">
         <name>timer_getMillis</name>
         <value>0x15c3</value>
         <object_component_ref idref="oc-d3"/>
      </symbol>
      <symbol id="sm-76">
         <name>_running</name>
         <value>0x20001318</value>
         <object_component_ref idref="oc-14d"/>
      </symbol>
      <symbol id="sm-77">
         <name>timer_init</name>
         <value>0x14fd</value>
         <object_component_ref idref="oc-d3"/>
      </symbol>
      <symbol id="sm-78">
         <name>timer_stop</name>
         <value>0x1575</value>
         <object_component_ref idref="oc-d3"/>
      </symbol>
      <symbol id="sm-79">
         <name>timer_getMicros</name>
         <value>0x161b</value>
         <object_component_ref idref="oc-d3"/>
      </symbol>
      <symbol id="sm-7a">
         <name>timer_waitMillis</name>
         <value>0x16a9</value>
         <object_component_ref idref="oc-d3"/>
      </symbol>
      <symbol id="sm-7b">
         <name>timer_waitMicros</name>
         <value>0x1675</value>
         <object_component_ref idref="oc-d3"/>
      </symbol>
      <symbol id="sm-a1">
         <name>button_getButton</name>
         <value>0x260d</value>
         <object_component_ref idref="oc-cd"/>
      </symbol>
      <symbol id="sm-a2">
         <name>button_init</name>
         <value>0x25d9</value>
         <object_component_ref idref="oc-cd"/>
      </symbol>
      <symbol id="sm-c5">
         <name>printMyString</name>
         <value>0x1c89</value>
         <object_component_ref idref="oc-98"/>
      </symbol>
      <symbol id="sm-c6">
         <name>main</name>
         <value>0x1cbb</value>
         <object_component_ref idref="oc-98"/>
      </symbol>
      <symbol id="sm-103">
         <name>lcd_sendCommand</name>
         <value>0xe0f</value>
         <object_component_ref idref="oc-d9"/>
      </symbol>
      <symbol id="sm-104">
         <name>lcd_sendNibble</name>
         <value>0xe4d</value>
         <object_component_ref idref="oc-d9"/>
      </symbol>
      <symbol id="sm-105">
         <name>lcd_clear</name>
         <value>0x2f45</value>
         <object_component_ref idref="oc-152"/>
      </symbol>
      <symbol id="sm-106">
         <name>lcd_printf</name>
         <value>0xef7</value>
         <object_component_ref idref="oc-d9"/>
      </symbol>
      <symbol id="sm-107">
         <name>lcd_setCursorPos</name>
         <value>0xeb9</value>
         <object_component_ref idref="oc-d9"/>
      </symbol>
      <symbol id="sm-108">
         <name>lcd_init</name>
         <value>0xcf9</value>
         <object_component_ref idref="oc-d9"/>
      </symbol>
      <symbol id="sm-109">
         <name>lcd_puts</name>
         <value>0xdf1</value>
         <object_component_ref idref="oc-d9"/>
      </symbol>
      <symbol id="sm-10a">
         <name>lcd_putc</name>
         <value>0xdb9</value>
         <object_component_ref idref="oc-d9"/>
      </symbol>
      <symbol id="sm-10b">
         <name>lcd_reverseNibble</name>
         <value>0xcbd</value>
         <object_component_ref idref="oc-d9"/>
      </symbol>
      <symbol id="sm-10c">
         <name>lcd_gotoLine</name>
         <value>0xe91</value>
         <object_component_ref idref="oc-d9"/>
      </symbol>
      <symbol id="sm-128">
         <name>ResetISR</name>
         <value>0x2f6f</value>
         <object_component_ref idref="oc-24"/>
      </symbol>
      <symbol id="sm-129">
         <name>g_pfnVectors</name>
         <value>0x0</value>
         <object_component_ref idref="oc-f"/>
      </symbol>
      <symbol id="sm-14d">
         <name>cyBOT_Scan</name>
         <value>0x2bc9</value>
         <object_component_ref idref="oc-df"/>
      </symbol>
      <symbol id="sm-14e">
         <name>cyBOT_init_Scan</name>
         <value>0x2bb9</value>
         <object_component_ref idref="oc-df"/>
      </symbol>
      <symbol id="sm-16a">
         <name>isr_int_value</name>
         <value>0x20001300</value>
      </symbol>
      <symbol id="sm-16b">
         <name>ir_enableInterrupt</name>
         <value>0x2401</value>
         <object_component_ref idref="oc-175"/>
      </symbol>
      <symbol id="sm-16c">
         <name>ir_getDistance</name>
         <value>0x23f9</value>
         <object_component_ref idref="oc-175"/>
      </symbol>
      <symbol id="sm-16d">
         <name>ir_init</name>
         <value>0x2385</value>
         <object_component_ref idref="oc-175"/>
      </symbol>
      <symbol id="sm-16e">
         <name>ADC0SS0_Handler</name>
         <value>0x2431</value>
         <object_component_ref idref="oc-175"/>
      </symbol>
      <symbol id="sm-16f">
         <name>ir_getValue</name>
         <value>0x23e5</value>
         <object_component_ref idref="oc-175"/>
      </symbol>
      <symbol id="sm-196">
         <name>risingEdge</name>
         <value>0x20001308</value>
      </symbol>
      <symbol id="sm-197">
         <name>fallingEdge</name>
         <value>0x200012fc</value>
      </symbol>
      <symbol id="sm-198">
         <name>pulseLength</name>
         <value>0x20001304</value>
      </symbol>
      <symbol id="sm-199">
         <name>isRisingEdge</name>
         <value>0x2000130c</value>
      </symbol>
      <symbol id="sm-19a">
         <name>TIMER3B_Handler</name>
         <value>0x1a51</value>
         <object_component_ref idref="oc-17b"/>
      </symbol>
      <symbol id="sm-19b">
         <name>ping_init</name>
         <value>0x1979</value>
         <object_component_ref idref="oc-17b"/>
      </symbol>
      <symbol id="sm-19c">
         <name>ping_getDistance</name>
         <value>0x1a1b</value>
         <object_component_ref idref="oc-17b"/>
      </symbol>
      <symbol id="sm-19d">
         <name>ping_trigger</name>
         <value>0x1915</value>
         <object_component_ref idref="oc-17b"/>
      </symbol>
      <symbol id="sm-1b5">
         <name>servo_move</name>
         <value>0x247f</value>
         <object_component_ref idref="oc-181"/>
      </symbol>
      <symbol id="sm-1b6">
         <name>servo_init</name>
         <value>0x249f</value>
         <object_component_ref idref="oc-181"/>
      </symbol>
      <symbol id="sm-1b7">
         <name>servo_stop</name>
         <value>0x2461</value>
         <object_component_ref idref="oc-181"/>
      </symbol>
      <symbol id="sm-1b8">
         <name>servo_setPWM</name>
         <value>0x246d</value>
         <object_component_ref idref="oc-181"/>
      </symbol>
      <symbol id="sm-1ed">
         <name>isr_char_buffer</name>
         <value>0x200012c4</value>
      </symbol>
      <symbol id="sm-1ee">
         <name>cyBot_uart_init_clean</name>
         <value>0x109b</value>
         <object_component_ref idref="oc-c7"/>
      </symbol>
      <symbol id="sm-1ef">
         <name>cyBot_sendByte</name>
         <value>0xfe5</value>
         <object_component_ref idref="oc-c7"/>
      </symbol>
      <symbol id="sm-1f0">
         <name>cyBot_uart_sendStr</name>
         <value>0xff1</value>
         <object_component_ref idref="oc-c7"/>
      </symbol>
      <symbol id="sm-1f1">
         <name>cyBot_getByte_blocking</name>
         <value>0x1223</value>
         <object_component_ref idref="oc-c7"/>
      </symbol>
      <symbol id="sm-1f2">
         <name>cyBot_getByte_nonblocking</name>
         <value>0x1203</value>
         <object_component_ref idref="oc-c7"/>
      </symbol>
      <symbol id="sm-1f3">
         <name>isr_counter</name>
         <value>0x20001310</value>
         <object_component_ref idref="oc-141"/>
      </symbol>
      <symbol id="sm-1f4">
         <name>cyBot_uart_sendBuffer</name>
         <value>0x100b</value>
         <object_component_ref idref="oc-c7"/>
      </symbol>
      <symbol id="sm-1f5">
         <name>cyBot_uart_init_PHJ_first_half</name>
         <value>0x10f3</value>
         <object_component_ref idref="oc-c7"/>
      </symbol>
      <symbol id="sm-1f6">
         <name>cyBot_uart_init_last_half</name>
         <value>0x1023</value>
         <object_component_ref idref="oc-c7"/>
      </symbol>
      <symbol id="sm-1f7">
         <name>cyBot_uart_flush</name>
         <value>0x11e9</value>
         <object_component_ref idref="oc-c7"/>
      </symbol>
      <symbol id="sm-1f8">
         <name>cyBot_UART1_Handler</name>
         <value>0x1231</value>
         <object_component_ref idref="oc-c7"/>
      </symbol>
      <symbol id="sm-1f9">
         <name>cyBot_uart_init</name>
         <value>0x1153</value>
         <object_component_ref idref="oc-c7"/>
      </symbol>
      <symbol id="sm-220">
         <name>sprintf</name>
         <value>0x2c8d</value>
         <object_component_ref idref="oc-ea"/>
      </symbol>
      <symbol id="sm-24a">
         <name>vsnprintf</name>
         <value>0x2ccd</value>
         <object_component_ref idref="oc-159"/>
      </symbol>
      <symbol id="sm-255">
         <name>__aeabi_f2d</name>
         <value>0x2d4b</value>
         <object_component_ref idref="oc-e5"/>
      </symbol>
      <symbol id="sm-270">
         <name>memcpy</name>
         <value>0x267d</value>
         <object_component_ref idref="oc-38"/>
      </symbol>
      <symbol id="sm-271">
         <name>__aeabi_memcpy</name>
         <value>0x267d</value>
         <object_component_ref idref="oc-38"/>
      </symbol>
      <symbol id="sm-272">
         <name>__aeabi_memcpy8</name>
         <value>0x267d</value>
         <object_component_ref idref="oc-38"/>
      </symbol>
      <symbol id="sm-273">
         <name>__aeabi_memcpy4</name>
         <value>0x267d</value>
         <object_component_ref idref="oc-38"/>
      </symbol>
      <symbol id="sm-28c">
         <name>__TI_zero_init_nomemset</name>
         <value>0x2e4b</value>
         <object_component_ref idref="oc-44"/>
      </symbol>
      <symbol id="sm-2a3">
         <name>__TI_decompress_none</name>
         <value>0x2f55</value>
         <object_component_ref idref="oc-18"/>
      </symbol>
      <symbol id="sm-2c6">
         <name>__TI_decompress_lzss</name>
         <value>0x29a3</value>
         <object_component_ref idref="oc-12"/>
      </symbol>
      <symbol id="sm-2d5">
         <name>strcmp</name>
         <value>0x2ecd</value>
         <object_component_ref idref="oc-15f"/>
      </symbol>
      <symbol id="sm-2e3">
         <name>strcpy</name>
         <value>0x2efb</value>
         <object_component_ref idref="oc-165"/>
      </symbol>
      <symbol id="sm-2f1">
         <name>strlen</name>
         <value>0x2f0f</value>
         <object_component_ref idref="oc-c1"/>
      </symbol>
      <symbol id="sm-304">
         <name>__stack</name>
         <value>0x20000270</value>
         <object_component_ref idref="oc-21"/>
      </symbol>
      <symbol id="sm-305">
         <name>_c_int00_noargs</name>
         <value>0x2db9</value>
         <object_component_ref idref="oc-56"/>
      </symbol>
      <symbol id="sm-46a">
         <name>__TI_printfi</name>
         <value>0x26d</value>
         <object_component_ref idref="oc-18a"/>
      </symbol>
      <symbol id="sm-48a">
         <name>frexpl</name>
         <value>0x2a0d</value>
         <object_component_ref idref="oc-2f1"/>
      </symbol>
      <symbol id="sm-48b">
         <name>frexp</name>
         <value>0x2a0d</value>
         <object_component_ref idref="oc-2f1"/>
      </symbol>
      <symbol id="sm-4a8">
         <name>scalbn</name>
         <value>0x2179</value>
         <object_component_ref idref="oc-2f7"/>
      </symbol>
      <symbol id="sm-4a9">
         <name>scalbnl</name>
         <value>0x2179</value>
         <object_component_ref idref="oc-2f7"/>
      </symbol>
      <symbol id="sm-4aa">
         <name>ldexpl</name>
         <value>0x2179</value>
         <object_component_ref idref="oc-2f7"/>
      </symbol>
      <symbol id="sm-4ab">
         <name>ldexp</name>
         <value>0x2179</value>
         <object_component_ref idref="oc-2f7"/>
      </symbol>
      <symbol id="sm-4b8">
         <name>__aeabi_uldivmod</name>
         <value>0x2719</value>
         <object_component_ref idref="oc-2ab"/>
      </symbol>
      <symbol id="sm-4c7">
         <name>__aeabi_memset</name>
         <value>0x28bd</value>
         <object_component_ref idref="oc-8c"/>
      </symbol>
      <symbol id="sm-4c8">
         <name>memset</name>
         <value>0x28c3</value>
         <object_component_ref idref="oc-8c"/>
      </symbol>
      <symbol id="sm-4c9">
         <name>__aeabi_memset8</name>
         <value>0x28bd</value>
         <object_component_ref idref="oc-8c"/>
      </symbol>
      <symbol id="sm-4ca">
         <name>__aeabi_memset4</name>
         <value>0x28bd</value>
         <object_component_ref idref="oc-8c"/>
      </symbol>
      <symbol id="sm-4cb">
         <name>__aeabi_memclr8</name>
         <value>0x28bb</value>
         <object_component_ref idref="oc-8c"/>
      </symbol>
      <symbol id="sm-4cc">
         <name>__aeabi_memclr4</name>
         <value>0x28bb</value>
         <object_component_ref idref="oc-8c"/>
      </symbol>
      <symbol id="sm-4cd">
         <name>__aeabi_memclr</name>
         <value>0x28bb</value>
         <object_component_ref idref="oc-8c"/>
      </symbol>
      <symbol id="sm-4e4">
         <name>__aeabi_dsub</name>
         <value>0x1ad1</value>
         <object_component_ref idref="oc-2d1"/>
      </symbol>
      <symbol id="sm-4e5">
         <name>__aeabi_dadd</name>
         <value>0x1adb</value>
         <object_component_ref idref="oc-2d1"/>
      </symbol>
      <symbol id="sm-507">
         <name>__aeabi_cdcmpeq</name>
         <value>0x27af</value>
         <object_component_ref idref="oc-226"/>
      </symbol>
      <symbol id="sm-508">
         <name>__aeabi_cdcmple</name>
         <value>0x27af</value>
         <object_component_ref idref="oc-226"/>
      </symbol>
      <symbol id="sm-509">
         <name>__aeabi_cdrcmple</name>
         <value>0x2835</value>
         <object_component_ref idref="oc-2bc"/>
      </symbol>
      <symbol id="sm-51d">
         <name>__aeabi_ddiv</name>
         <value>0x1f1d</value>
         <object_component_ref idref="oc-2b7"/>
      </symbol>
      <symbol id="sm-528">
         <name>__aeabi_dmul</name>
         <value>0x2289</value>
         <object_component_ref idref="oc-2b2"/>
      </symbol>
      <symbol id="sm-532">
         <name>__aeabi_d2iz</name>
         <value>0x2c01</value>
         <object_component_ref idref="oc-2c1"/>
      </symbol>
      <symbol id="sm-53c">
         <name>__aeabi_i2d</name>
         <value>0x2e1d</value>
         <object_component_ref idref="oc-2cc"/>
      </symbol>
      <symbol id="sm-564">
         <name>__TI_auto_init_nobinit_nopinit</name>
         <value>0x2c49</value>
         <object_component_ref idref="oc-108"/>
      </symbol>
      <symbol id="sm-56e">
         <name>_system_pre_init</name>
         <value>0x2f8d</value>
         <object_component_ref idref="oc-92"/>
      </symbol>
      <symbol id="sm-57a">
         <name>C$$EXIT</name>
         <value>0x2f91</value>
         <object_component_ref idref="oc-fc"/>
      </symbol>
      <symbol id="sm-57b">
         <name>abort</name>
         <value>0x2f91</value>
         <object_component_ref idref="oc-fc"/>
      </symbol>
      <symbol id="sm-593">
         <name>atoi</name>
         <value>0x2b6d</value>
         <object_component_ref idref="oc-21a"/>
      </symbol>
      <symbol id="sm-59e">
         <name>_ctypes_</name>
         <value>0x2f94</value>
         <object_component_ref idref="oc-2a6"/>
      </symbol>
      <symbol id="sm-5ad">
         <name>ltoa</name>
         <value>0x2ac7</value>
         <object_component_ref idref="oc-2c6"/>
      </symbol>
      <symbol id="sm-5bd">
         <name>memccpy</name>
         <value>0x2e67</value>
         <object_component_ref idref="oc-243"/>
      </symbol>
      <symbol id="sm-5cd">
         <name>strchr</name>
         <value>0x2ee5</value>
         <object_component_ref idref="oc-2fd"/>
      </symbol>
      <symbol id="sm-5e3">
         <name>__aeabi_errno_addr</name>
         <value>0x2f85</value>
         <object_component_ref idref="oc-24f"/>
      </symbol>
      <symbol id="sm-5e4">
         <name>errno</name>
         <value>0x20001314</value>
         <object_component_ref idref="oc-30d"/>
      </symbol>
      <symbol id="sm-5fd">
         <name>wcslen</name>
         <value>0x2f23</value>
         <object_component_ref idref="oc-249"/>
      </symbol>
      <symbol id="sm-607">
         <name>copysign</name>
         <value>0x2e83</value>
         <object_component_ref idref="oc-34c"/>
      </symbol>
      <symbol id="sm-608">
         <name>copysignl</name>
         <value>0x2e83</value>
         <object_component_ref idref="oc-34c"/>
      </symbol>
      <symbol id="sm-612">
         <name>__aeabi_idiv0</name>
         <value>0xcbb</value>
         <object_component_ref idref="oc-333"/>
      </symbol>
      <symbol id="sm-613">
         <name>__aeabi_ldiv0</name>
         <value>0xcbb</value>
         <object_component_ref idref="oc-333"/>
      </symbol>
      <symbol id="sm-638">
         <name>IntRegister</name>
         <value>0x2d85</value>
         <object_component_ref idref="oc-147"/>
      </symbol>
      <symbol id="sm-639">
         <name>g_pfnRAMVectors</name>
         <value>0x20000000</value>
         <object_component_ref idref="oc-1d1"/>
      </symbol>
      <symbol id="sm-63a">
         <name>IntMasterEnable</name>
         <value>0x2f35</value>
         <object_component_ref idref="oc-1fb"/>
      </symbol>
      <symbol id="sm-644">
         <name>CPUcpsie</name>
         <value>0x2f63</value>
         <object_component_ref idref="oc-299"/>
      </symbol>
      <symbol id="sm-645">
         <name>__TI_static_base__</name>
         <value>0x0</value>
      </symbol>
      <symbol id="sm-648">
         <name>__mpu_init</name>
         <value>0x0</value>
      </symbol>
      <symbol id="sm-649">
         <name>_system_post_cinit</name>
         <value>0x0</value>
      </symbol>
   </symbol_table>
   <title>Link successful</title>
</link_info>
