******************************************************************************
                  TI ARM Linker PC v18.12.2                    
******************************************************************************
>> Linked Thu Feb 27 15:56:54 2020

OUTPUT FILE NAME:   <Lab6.out>
ENTRY POINT SYMBOL: "_c_int00_noargs"  address: 00003799


MEMORY CONFIGURATION

         name            origin    length      used     unused   attr    fill
----------------------  --------  ---------  --------  --------  ----  --------
  FLASH                 00000000   00040000  00003af0  0003c510  R  X
  SRAM                  20000000   00008000  000012da  00006d26  RW X


SEGMENT ALLOCATION MAP

run origin  load origin   length   init length attrs members
----------  ----------- ---------- ----------- ----- -------
00000000    00000000    00003af8   00003af8    r-x
  00000000    00000000    0000026c   0000026c    r-- .intvecs
  0000026c    0000026c    00003708   00003708    r-x .text
  00003978    00003978    0000013c   0000013c    r-- .const
  00003ab8    00003ab8    00000040   00000040    r-- .cinit
20000000    20000000    000012e1   00000000    rw-
  20000000    20000000    0000026c   00000000    rw- .vtable
  20000270    20000270    00001000   00000000    rw- .stack
  20001270    20001270    00000069   00000000    rw- .bss
  200012dc    200012dc    00000005   00000000    rw- .data


SECTION ALLOCATION MAP

 output                                  attributes/
section   page    origin      length       input sections
--------  ----  ----------  ----------   ----------------
.intvecs   0    00000000    0000026c     
                  00000000    0000026c     tm4c123gh6pm_startup_ccs.obj (.intvecs)

.text      0    0000026c    00003708     
                  0000026c    00000a4e     rtsv7M4_T_le_v4SPD16_eabi.lib : _printfi.c.obj (.text:__TI_printfi)
                  00000cba    00000002                                   : div0.asm.obj (.text)
                  00000cbc    000009c0                                   : e_pow.c.obj (.text:pow)
                  0000167c    00000328     lcd.obj (.text)
                  000019a4    00000270     rtsv7M4_T_le_v4SPD16_eabi.lib : _printfi.c.obj (.text:_pconv_a)
                  00001c14    00000248     Timer.obj (.text)
                  00001e5c    000001d0     rtsv7M4_T_le_v4SPD16_eabi.lib : _printfi.c.obj (.text:_pconv_g)
                  0000202c    000001bc     libcybotScan.lib : ping.obj (.text)
                  000021e8    000001b6     rtsv7M4_T_le_v4SPD16_eabi.lib : fd_add_t2.asm.obj (.text)
                  0000239e    00000002     --HOLE-- [fill = 0]
                  000023a0    00000160     uart.obj (.text)
                  00002500    00000158     rtsv7M4_T_le_v4SPD16_eabi.lib : e_sqrt.c.obj (.text:sqrt)
                  00002658    0000013c                                   : _printfi.c.obj (.text:_pconv_e)
                  00002794    00000136                                   : fd_div_t2.asm.obj (.text)
                  000028ca    00000002     --HOLE-- [fill = 0]
                  000028cc    00000124                                   : _printfi.c.obj (.text:fcvt)
                  000029f0    00000110                                   : s_scalbn.c.obj (.text:scalbn)
                  00002b00    000000fc     adc.obj (.text)
                  00002bfc    000000fc     rtsv7M4_T_le_v4SPD16_eabi.lib : fd_mul_t2.asm.obj (.text)
                  00002cf8    000000dc     libcybotScan.lib : ir.obj (.text)
                  00002dd4    000000c4                      : servo.obj (.text)
                  00002e98    000000b1     rtsv7M4_T_le_v4SPD16_eabi.lib : _printfi.c.obj (.text:_ltostr)
                  00002f49    00000003     --HOLE-- [fill = 0]
                  00002f4c    000000a4     main.obj (.text)
                  00002ff0    0000009c     rtsv7M4_T_le_v4SPD16_eabi.lib : memcpy_t2.asm.obj (.text)
                  0000308c    00000096                                   : ull_div_t2.asm.obj (.text)
                  00003122    00000086                                   : fd_cmp_t2.asm.obj (.text:__aeabi_cdcmple)
                  000031a8    00000086                                   : fd_cmp_t2.asm.obj (.text:__aeabi_cdrcmple)
                  0000322e    0000007a                                   : memset_t2.asm.obj (.text)
                  000032a8    0000006e                                   : _printfi.c.obj (.text:_mcpy)
                  00003316    0000006e                                   : fd_tos_t2.asm.obj (.text)
                  00003384    00000068                                   : copy_decompress_lzss.c.obj (.text:decompress:lzss:__TI_decompress_lzss)
                  000033ec    00000064                                   : s_frexp.c.obj (.text:frexp)
                  00003450    00000056                                   : _printfi.c.obj (.text:_pconv_f)
                  000034a6    00000054                                   : ltoa.c.obj (.text:ltoa)
                  000034fa    00000052                                   : _printfi.c.obj (.text:_ecpy)
                  0000354c    0000004c                                   : atoi.c.obj (.text:atoi)
                  00003598    00000048     libcybotScan.lib : cyBot_Scan.obj (.text)
                  000035e0    00000048     rtsv7M4_T_le_v4SPD16_eabi.lib : fd_toi_t2.asm.obj (.text)
                  00003628    00000044                                   : autoinit.c.obj (.text:__TI_auto_init_nobinit_nopinit:__TI_auto_init_nobinit_nopinit)
                  0000366c    00000040                                   : sprintf.c.obj (.text:sprintf)
                  000036ac    00000040                                   : vsnprintf.c.obj (.text:vsnprintf)
                  000036ec    0000003e                                   : _printfi.c.obj (.text:_fcpy)
                  0000372a    00000038                                   : fs_tod_t2.asm.obj (.text)
                  00003762    00000002     --HOLE-- [fill = 0]
                  00003764    00000034     driverlib.lib : interrupt.obj (.text:IntRegister)
                  00003798    00000034     rtsv7M4_T_le_v4SPD16_eabi.lib : boot_cortex_m.c.obj (.text:_c_int00_noargs:_c_int00_noargs)
                  000037cc    00000030                                   : vsnprintf.c.obj (.text:_outs)
                  000037fc    0000002e                                   : i_tofd_t2.asm.obj (.text)
                  0000382a    0000001c                                   : copy_zero_init.c.obj (.text:decompress:ZI:__TI_zero_init_nomemset:__TI_zero_init_nomemset)
                  00003846    0000001c                                   : memccpy.c.obj (.text:memccpy)
                  00003862    0000001a                                   : s_copysign.c.obj (.text:copysign)
                  0000387c    00000018                                   : vsnprintf.c.obj (.text:_outc)
                  00003894    00000018                                   : sprintf.c.obj (.text:_outs)
                  000038ac    00000018                                   : strcmp.c.obj (.text:strcmp)
                  000038c4    00000016                                   : strchr.c.obj (.text:strchr)
                  000038da    00000014                                   : strcpy.c.obj (.text:strcpy)
                  000038ee    00000014                                   : strlen.c.obj (.text:strlen)
                  00003902    00000012                                   : wcslen.c.obj (.text:wcslen)
                  00003914    00000010     driverlib.lib : interrupt.obj (.text:IntMasterEnable)
                  00003924    00000010     lcd.obj (.text:lcd_clear)
                  00003934    0000000e     rtsv7M4_T_le_v4SPD16_eabi.lib : copy_decompress_none.c.obj (.text:decompress:none:__TI_decompress_none)
                  00003942    0000000c     driverlib.lib : cpu.obj (.text:CPUcpsie)
                  0000394e    0000000c     tm4c123gh6pm_startup_ccs.obj (.text)
                  0000395a    0000000a     rtsv7M4_T_le_v4SPD16_eabi.lib : sprintf.c.obj (.text:_outc)
                  00003964    00000008                                   : errno.c.obj (.text:__aeabi_errno_addr)
                  0000396c    00000004                                   : pre_init.c.obj (.text:_system_pre_init)
                  00003970    00000004                                   : exit.c.obj (.text:abort:abort)

.const     0    00003978    0000013c     
                  00003978    00000101     rtsv7M4_T_le_v4SPD16_eabi.lib : ctype.c.obj (.const:.string:_ctypes_)
                  00003a79    00000004     lcd.obj (.const:.string:lineAddress$1)
                  00003a7d    00000003     --HOLE-- [fill = 0]
                  00003a80    00000030     rtsv7M4_T_le_v4SPD16_eabi.lib : e_pow.c.obj (.const:$O1$$)
                  00003ab0    00000004     lcd.obj (.const:.string:lineAddresses$2)

.cinit     0    00003ab8    00000040     
                  00003ab8    0000000c     (__TI_handler_table)
                  00003ac4    00000004     --HOLE-- [fill = 0]
                  00003ac8    00000008     (.cinit..bss.load) [load image, compression = zero_init]
                  00003ad0    00000008     (.cinit..vtable.load) [load image, compression = zero_init]
                  00003ad8    00000007     (.cinit..data.load) [load image, compression = lzss]
                  00003adf    00000001     --HOLE-- [fill = 0]
                  00003ae0    00000018     (__TI_cinit_table)

.init_array 
*          0    00000000    00000000     UNINITIALIZED

.vtable    0    20000000    0000026c     UNINITIALIZED
                  20000000    0000026c     driverlib.lib : interrupt.obj (.vtable)

.bss       0    20001270    00000069     UNINITIALIZED
                  20001270    00000054     lcd.obj (.bss:lastbuffer$3)
                  200012c4    00000004     (.common:_timeout_ticks)
                  200012c8    00000004     (.common:fallingEdge)
                  200012cc    00000004     (.common:isr_int_value)
                  200012d0    00000004     (.common:pulseLength)
                  200012d4    00000004     (.common:risingEdge)
                  200012d8    00000001     (.common:isRisingEdge)

.data      0    200012dc    00000005     UNINITIALIZED
                  200012dc    00000004     rtsv7M4_T_le_v4SPD16_eabi.lib : errno.c.obj (.data)
                  200012e0    00000001     Timer.obj (.data)

.stack     0    20000270    00001000     UNINITIALIZED
                  20000270    00000004     rtsv7M4_T_le_v4SPD16_eabi.lib : boot_cortex_m.c.obj (.stack)
                  20000274    00000ffc     --HOLE--

MODULE SUMMARY

       Module                         code    ro data   rw data
       ------                         ----    -------   -------
    .\
       lcd.obj                        824     8         84     
       tm4c123gh6pm_startup_ccs.obj   12      620       0      
       Timer.obj                      584     0         5      
       uart.obj                       352     0         0      
       adc.obj                        252     0         0      
       main.obj                       164     0         0      
    +--+------------------------------+-------+---------+---------+
       Total:                         2188    628       89     
                                                               
    ../libcybotScan.lib
       ping.obj                       444     0         13     
       ir.obj                         220     0         4      
       servo.obj                      196     0         0      
       cyBot_Scan.obj                 72      0         0      
    +--+------------------------------+-------+---------+---------+
       Total:                         932     0         17     
                                                               
    C:/ti/TivaWare_C_Series-2.1.4.178/driverlib/ccs/Debug/driverlib.lib
       interrupt.obj                  68      0         620    
       cpu.obj                        12      0         0      
    +--+------------------------------+-------+---------+---------+
       Total:                         80      0         620    
                                                               
    C:\ti\ccs910\ccs\tools\compiler\ti-cgt-arm_18.12.2.LTS\lib\rtsv7M4_T_le_v4SPD16_eabi.lib
       _printfi.c.obj                 4851    0         0      
       e_pow.c.obj                    2496    48        0      
       fd_add_t2.asm.obj              438     0         0      
       e_sqrt.c.obj                   344     0         0      
       fd_div_t2.asm.obj              310     0         0      
       s_scalbn.c.obj                 272     0         0      
       fd_cmp_t2.asm.obj              268     0         0      
       ctype.c.obj                    0       257       0      
       fd_mul_t2.asm.obj              252     0         0      
       memcpy_t2.asm.obj              156     0         0      
       ull_div_t2.asm.obj             150     0         0      
       vsnprintf.c.obj                136     0         0      
       memset_t2.asm.obj              122     0         0      
       fd_tos_t2.asm.obj              110     0         0      
       copy_decompress_lzss.c.obj     104     0         0      
       s_frexp.c.obj                  100     0         0      
       sprintf.c.obj                  98      0         0      
       ltoa.c.obj                     84      0         0      
       atoi.c.obj                     76      0         0      
       fd_toi_t2.asm.obj              72      0         0      
       autoinit.c.obj                 68      0         0      
       fs_tod_t2.asm.obj              56      0         0      
       boot_cortex_m.c.obj            52      0         0      
       i_tofd_t2.asm.obj              46      0         0      
       copy_zero_init.c.obj           28      0         0      
       memccpy.c.obj                  28      0         0      
       s_copysign.c.obj               26      0         0      
       strcmp.c.obj                   24      0         0      
       strchr.c.obj                   22      0         0      
       strcpy.c.obj                   20      0         0      
       strlen.c.obj                   20      0         0      
       wcslen.c.obj                   18      0         0      
       copy_decompress_none.c.obj     14      0         0      
       errno.c.obj                    8       0         4      
       exit.c.obj                     4       0         0      
       pre_init.c.obj                 4       0         0      
       div0.asm.obj                   2       0         0      
    +--+------------------------------+-------+---------+---------+
       Total:                         10879   305       4      
                                                               
       Stack:                         0       0         4096   
       Linker Generated:              0       59        0      
    +--+------------------------------+-------+---------+---------+
       Grand Total:                   14079   992       4826   


LINKER GENERATED COPY TABLES

__TI_cinit_table @ 00003ae0 records: 3, size/record: 8, table size: 24
	.bss: load addr=00003ac8, load size=00000008 bytes, run addr=20001270, run size=00000069 bytes, compression=zero_init
	.vtable: load addr=00003ad0, load size=00000008 bytes, run addr=20000000, run size=0000026c bytes, compression=zero_init
	.data: load addr=00003ad8, load size=00000007 bytes, run addr=200012dc, run size=00000005 bytes, compression=lzss


LINKER GENERATED HANDLER TABLE

__TI_handler_table @ 00003ab8 records: 3, size/record: 4, table size: 12
	index: 0, handler: __TI_zero_init
	index: 1, handler: __TI_decompress_lzss
	index: 2, handler: __TI_decompress_none


GLOBAL SYMBOLS: SORTED ALPHABETICALLY BY Name 

address   name                          
-------   ----                          
00002da5  ADC0SS0_Handler               
00003971  C$$EXIT                       
00003943  CPUcpsie                      
00003915  IntMasterEnable               
00003765  IntRegister                   
0000394f  ResetISR                      
00002169  TIMER3B_Handler               
20001270  __STACK_END                   
00001000  __STACK_SIZE                  
20000470  __STACK_TOP                   
00003ae0  __TI_CINIT_Base               
00003af8  __TI_CINIT_Limit              
00003ab8  __TI_Handler_Table_Base       
00003ac4  __TI_Handler_Table_Limit      
00003629  __TI_auto_init_nobinit_nopinit
00003385  __TI_decompress_lzss          
00003935  __TI_decompress_none          
ffffffff  __TI_pprof_out_hndl           
0000026d  __TI_printfi                  
ffffffff  __TI_prof_data_size           
ffffffff  __TI_prof_data_start          
00000000  __TI_static_base__            
0000382b  __TI_zero_init_nomemset       
00003123  __aeabi_cdcmpeq               
00003123  __aeabi_cdcmple               
000031a9  __aeabi_cdrcmple              
00003317  __aeabi_d2f                   
000035e1  __aeabi_d2iz                  
000021f3  __aeabi_dadd                  
00002795  __aeabi_ddiv                  
00002bfd  __aeabi_dmul                  
000021e9  __aeabi_dsub                  
00003965  __aeabi_errno_addr            
0000372b  __aeabi_f2d                   
000037fd  __aeabi_i2d                   
00000cbb  __aeabi_idiv0                 
00000cbb  __aeabi_ldiv0                 
0000322f  __aeabi_memclr                
0000322f  __aeabi_memclr4               
0000322f  __aeabi_memclr8               
00002ff1  __aeabi_memcpy                
00002ff1  __aeabi_memcpy4               
00002ff1  __aeabi_memcpy8               
00003231  __aeabi_memset                
00003231  __aeabi_memset4               
00003231  __aeabi_memset8               
0000308d  __aeabi_uldivmod              
ffffffff  __binit__                     
ffffffff  __c_args__                    
UNDEFED   __mpu_init                    
20000270  __stack                       
00003799  _c_int00_noargs               
00003978  _ctypes_                      
200012e0  _running                      
UNDEFED   _system_post_cinit            
0000396d  _system_pre_init              
200012c4  _timeout_ticks                
00003971  abort                         
00002b01  adc_init                      
00002b8f  adc_read                      
0000354d  atoi                          
ffffffff  binit                         
00003863  copysign                      
00003863  copysignl                     
000035a9  cyBOT_Scan                    
00003599  cyBOT_init_Scan               
200012dc  errno                         
200012c8  fallingEdge                   
000033ed  frexp                         
000033ed  frexpl                        
20000000  g_pfnRAMVectors               
00000000  g_pfnVectors                  
00002d75  ir_enableInterrupt            
00002d6d  ir_getDistance                
00002d59  ir_getValue                   
00002cf9  ir_init                       
200012d8  isRisingEdge                  
200012cc  isr_int_value                 
00003925  lcd_clear                     
00001851  lcd_gotoLine                  
000016b9  lcd_init                      
000018b7  lcd_printf                    
00001779  lcd_putc                      
000017b1  lcd_puts                      
0000167d  lcd_reverseNibble             
000017cf  lcd_sendCommand               
0000180d  lcd_sendNibble                
00001879  lcd_setCursorPos              
000029f1  ldexp                         
000029f1  ldexpl                        
000034a7  ltoa                          
00002f4d  main                          
00003847  memccpy                       
00002ff1  memcpy                        
00003237  memset                        
00002133  ping_getDistance              
00002091  ping_init                     
0000202d  ping_trigger                  
00000cbd  pow                           
00000cbd  powl                          
200012d0  pulseLength                   
200012d4  risingEdge                    
000029f1  scalbn                        
000029f1  scalbnl                       
00002e13  servo_init                    
00002df3  servo_move                    
00002de1  servo_setPWM                  
00002dd5  servo_stop                    
0000366d  sprintf                       
00002501  sqrt                          
00002501  sqrtl                         
000038c5  strchr                        
000038ad  strcmp                        
000038db  strcpy                        
000038ef  strlen                        
00001d33  timer_getMicros               
00001cdb  timer_getMillis               
00001c15  timer_init                    
00001cb7  timer_pause                   
00001cc9  timer_resume                  
00001c8d  timer_stop                    
00001d8d  timer_waitMicros              
00001dc1  timer_waitMillis              
000023a1  uart_init                     
0000247b  uart_receive                  
0000245f  uart_sendChar                 
0000249b  uart_sendStr                  
000036ad  vsnprintf                     
00003903  wcslen                        


GLOBAL SYMBOLS: SORTED BY Symbol Address 

address   name                          
-------   ----                          
00000000  __TI_static_base__            
00000000  g_pfnVectors                  
0000026d  __TI_printfi                  
00000cbb  __aeabi_idiv0                 
00000cbb  __aeabi_ldiv0                 
00000cbd  pow                           
00000cbd  powl                          
00001000  __STACK_SIZE                  
0000167d  lcd_reverseNibble             
000016b9  lcd_init                      
00001779  lcd_putc                      
000017b1  lcd_puts                      
000017cf  lcd_sendCommand               
0000180d  lcd_sendNibble                
00001851  lcd_gotoLine                  
00001879  lcd_setCursorPos              
000018b7  lcd_printf                    
00001c15  timer_init                    
00001c8d  timer_stop                    
00001cb7  timer_pause                   
00001cc9  timer_resume                  
00001cdb  timer_getMillis               
00001d33  timer_getMicros               
00001d8d  timer_waitMicros              
00001dc1  timer_waitMillis              
0000202d  ping_trigger                  
00002091  ping_init                     
00002133  ping_getDistance              
00002169  TIMER3B_Handler               
000021e9  __aeabi_dsub                  
000021f3  __aeabi_dadd                  
000023a1  uart_init                     
0000245f  uart_sendChar                 
0000247b  uart_receive                  
0000249b  uart_sendStr                  
00002501  sqrt                          
00002501  sqrtl                         
00002795  __aeabi_ddiv                  
000029f1  ldexp                         
000029f1  ldexpl                        
000029f1  scalbn                        
000029f1  scalbnl                       
00002b01  adc_init                      
00002b8f  adc_read                      
00002bfd  __aeabi_dmul                  
00002cf9  ir_init                       
00002d59  ir_getValue                   
00002d6d  ir_getDistance                
00002d75  ir_enableInterrupt            
00002da5  ADC0SS0_Handler               
00002dd5  servo_stop                    
00002de1  servo_setPWM                  
00002df3  servo_move                    
00002e13  servo_init                    
00002f4d  main                          
00002ff1  __aeabi_memcpy                
00002ff1  __aeabi_memcpy4               
00002ff1  __aeabi_memcpy8               
00002ff1  memcpy                        
0000308d  __aeabi_uldivmod              
00003123  __aeabi_cdcmpeq               
00003123  __aeabi_cdcmple               
000031a9  __aeabi_cdrcmple              
0000322f  __aeabi_memclr                
0000322f  __aeabi_memclr4               
0000322f  __aeabi_memclr8               
00003231  __aeabi_memset                
00003231  __aeabi_memset4               
00003231  __aeabi_memset8               
00003237  memset                        
00003317  __aeabi_d2f                   
00003385  __TI_decompress_lzss          
000033ed  frexp                         
000033ed  frexpl                        
000034a7  ltoa                          
0000354d  atoi                          
00003599  cyBOT_init_Scan               
000035a9  cyBOT_Scan                    
000035e1  __aeabi_d2iz                  
00003629  __TI_auto_init_nobinit_nopinit
0000366d  sprintf                       
000036ad  vsnprintf                     
0000372b  __aeabi_f2d                   
00003765  IntRegister                   
00003799  _c_int00_noargs               
000037fd  __aeabi_i2d                   
0000382b  __TI_zero_init_nomemset       
00003847  memccpy                       
00003863  copysign                      
00003863  copysignl                     
000038ad  strcmp                        
000038c5  strchr                        
000038db  strcpy                        
000038ef  strlen                        
00003903  wcslen                        
00003915  IntMasterEnable               
00003925  lcd_clear                     
00003935  __TI_decompress_none          
00003943  CPUcpsie                      
0000394f  ResetISR                      
00003965  __aeabi_errno_addr            
0000396d  _system_pre_init              
00003971  C$$EXIT                       
00003971  abort                         
00003978  _ctypes_                      
00003ab8  __TI_Handler_Table_Base       
00003ac4  __TI_Handler_Table_Limit      
00003ae0  __TI_CINIT_Base               
00003af8  __TI_CINIT_Limit              
20000000  g_pfnRAMVectors               
20000270  __stack                       
20000470  __STACK_TOP                   
20001270  __STACK_END                   
200012c4  _timeout_ticks                
200012c8  fallingEdge                   
200012cc  isr_int_value                 
200012d0  pulseLength                   
200012d4  risingEdge                    
200012d8  isRisingEdge                  
200012dc  errno                         
200012e0  _running                      
ffffffff  __TI_pprof_out_hndl           
ffffffff  __TI_prof_data_size           
ffffffff  __TI_prof_data_start          
ffffffff  __binit__                     
ffffffff  __c_args__                    
ffffffff  binit                         
UNDEFED   __mpu_init                    
UNDEFED   _system_post_cinit            

[129 symbols]
