******************************************************************************
                  TI ARM Linker PC v18.12.2                    
******************************************************************************
>> Linked Tue Mar 10 20:42:34 2020

OUTPUT FILE NAME:   <Lab7.out>
ENTRY POINT SYMBOL: "_c_int00_noargs"  address: 00002695


MEMORY CONFIGURATION

         name            origin    length      used     unused   attr    fill
----------------------  --------  ---------  --------  --------  ----  --------
  FLASH                 00000000   00040000  0000297d  0003d683  R  X
  SRAM                  20000000   00008000  000012d5  00006d2b  RW X


SEGMENT ALLOCATION MAP

run origin  load origin   length   init length attrs members
----------  ----------- ---------- ----------- ----- -------
00000000    00000000    00002980   00002980    r-x
  00000000    00000000    0000026c   0000026c    r-- .intvecs
  0000026c    0000026c    000025c8   000025c8    r-x .text
  00002834    00002834    00000109   00000109    r-- .const
  00002940    00002940    00000040   00000040    r-- .cinit
20000000    20000000    000012d9   00000000    rw-
  20000000    20000000    0000026c   00000000    rw- .vtable
  20000270    20000270    00001000   00000000    rw- .stack
  20001270    20001270    00000058   00000000    rw- .bss
  200012c8    200012c8    00000011   00000000    rw- .data


SECTION ALLOCATION MAP

 output                                  attributes/
section   page    origin      length       input sections
--------  ----  ----------  ----------   ----------------
.intvecs   0    00000000    0000026c     
                  00000000    0000026c     tm4c123gh6pm_startup_ccs.obj (.intvecs)

.text      0    0000026c    000025c8     
                  0000026c    00000a4e     rtsv7M4_T_le_v4SPD16_eabi.lib : _printfi.c.obj (.text:__TI_printfi)
                  00000cba    00000002                                   : div0.asm.obj (.text)
                  00000cbc    00000328     lcd.obj (.text)
                  00000fe4    00000270     rtsv7M4_T_le_v4SPD16_eabi.lib : _printfi.c.obj (.text:_pconv_a)
                  00001254    00000248     Timer.obj (.text)
                  0000149c    000001d0     rtsv7M4_T_le_v4SPD16_eabi.lib : _printfi.c.obj (.text:_pconv_g)
                  0000166c    000001b6                                   : fd_add_t2.asm.obj (.text)
                  00001822    00000002     --HOLE-- [fill = 0]
                  00001824    000001a0     ping.obj (.text)
                  000019c4    0000013c     rtsv7M4_T_le_v4SPD16_eabi.lib : _printfi.c.obj (.text:_pconv_e)
                  00001b00    00000136                                   : fd_div_t2.asm.obj (.text)
                  00001c36    00000002     --HOLE-- [fill = 0]
                  00001c38    00000124                                   : _printfi.c.obj (.text:fcvt)
                  00001d5c    00000110                                   : s_scalbn.c.obj (.text:scalbn)
                  00001e6c    000000fc                                   : fd_mul_t2.asm.obj (.text)
                  00001f68    000000b1                                   : _printfi.c.obj (.text:_ltostr)
                  00002019    00000001     --HOLE-- [fill = 0]
                  0000201a    0000009c                                   : memcpy_t2.asm.obj (.text)
                  000020b6    00000096                                   : ull_div_t2.asm.obj (.text)
                  0000214c    00000086                                   : fd_cmp_t2.asm.obj (.text:__aeabi_cdcmple)
                  000021d2    00000086                                   : fd_cmp_t2.asm.obj (.text:__aeabi_cdrcmple)
                  00002258    0000007a                                   : memset_t2.asm.obj (.text)
                  000022d2    0000006e                                   : _printfi.c.obj (.text:_mcpy)
                  00002340    00000068                                   : copy_decompress_lzss.c.obj (.text:decompress:lzss:__TI_decompress_lzss)
                  000023a8    00000064                                   : s_frexp.c.obj (.text:frexp)
                  0000240c    00000056                                   : _printfi.c.obj (.text:_pconv_f)
                  00002462    00000054                                   : ltoa.c.obj (.text:ltoa)
                  000024b6    00000052                                   : _printfi.c.obj (.text:_ecpy)
                  00002508    0000004c                                   : atoi.c.obj (.text:atoi)
                  00002554    00000048                                   : fd_toi_t2.asm.obj (.text)
                  0000259c    00000044                                   : autoinit.c.obj (.text:__TI_auto_init_nobinit_nopinit:__TI_auto_init_nobinit_nopinit)
                  000025e0    00000040                                   : vsnprintf.c.obj (.text:vsnprintf)
                  00002620    0000003e                                   : _printfi.c.obj (.text:_fcpy)
                  0000265e    00000002     --HOLE-- [fill = 0]
                  00002660    00000034     driverlib.lib : interrupt.obj (.text:IntRegister)
                  00002694    00000034     rtsv7M4_T_le_v4SPD16_eabi.lib : boot_cortex_m.c.obj (.text:_c_int00_noargs:_c_int00_noargs)
                  000026c8    00000030                                   : vsnprintf.c.obj (.text:_outs)
                  000026f8    0000002e                                   : i_tofd_t2.asm.obj (.text)
                  00002726    0000001c                                   : copy_zero_init.c.obj (.text:decompress:ZI:__TI_zero_init_nomemset:__TI_zero_init_nomemset)
                  00002742    0000001c                                   : memccpy.c.obj (.text:memccpy)
                  0000275e    0000001a                                   : s_copysign.c.obj (.text:copysign)
                  00002778    00000018                                   : vsnprintf.c.obj (.text:_outc)
                  00002790    00000018                                   : strcmp.c.obj (.text:strcmp)
                  000027a8    00000016                                   : strchr.c.obj (.text:strchr)
                  000027be    00000014                                   : strcpy.c.obj (.text:strcpy)
                  000027d2    00000014                                   : strlen.c.obj (.text:strlen)
                  000027e6    00000012                                   : wcslen.c.obj (.text:wcslen)
                  000027f8    00000010     lcd.obj (.text:lcd_clear)
                  00002808    0000000e     rtsv7M4_T_le_v4SPD16_eabi.lib : copy_decompress_none.c.obj (.text:decompress:none:__TI_decompress_none)
                  00002816    0000000c     tm4c123gh6pm_startup_ccs.obj (.text)
                  00002822    00000002     --HOLE-- [fill = 0]
                  00002824    00000008     rtsv7M4_T_le_v4SPD16_eabi.lib : errno.c.obj (.text:__aeabi_errno_addr)
                  0000282c    00000004                                   : pre_init.c.obj (.text:_system_pre_init)
                  00002830    00000004                                   : exit.c.obj (.text:abort:abort)

.const     0    00002834    00000109     
                  00002834    00000101     rtsv7M4_T_le_v4SPD16_eabi.lib : ctype.c.obj (.const:.string:_ctypes_)
                  00002935    00000004     lcd.obj (.const:.string:lineAddress$1)
                  00002939    00000004     lcd.obj (.const:.string:lineAddresses$2)

.cinit     0    00002940    00000040     
                  00002940    0000000c     (__TI_handler_table)
                  0000294c    00000004     --HOLE-- [fill = 0]
                  00002950    00000008     (.cinit..bss.load) [load image, compression = zero_init]
                  00002958    00000008     (.cinit..vtable.load) [load image, compression = zero_init]
                  00002960    00000007     (.cinit..data.load) [load image, compression = lzss]
                  00002967    00000001     --HOLE-- [fill = 0]
                  00002968    00000018     (__TI_cinit_table)

.init_array 
*          0    00000000    00000000     UNINITIALIZED

.vtable    0    20000000    0000026c     UNINITIALIZED
                  20000000    0000026c     driverlib.lib : interrupt.obj (.vtable)

.bss       0    20001270    00000058     UNINITIALIZED
                  20001270    00000054     lcd.obj (.bss:lastbuffer$3)
                  200012c4    00000004     (.common:_timeout_ticks)

.data      0    200012c8    00000011     UNINITIALIZED
                  200012c8    0000000c     ping.obj (.data)
                  200012d4    00000004     rtsv7M4_T_le_v4SPD16_eabi.lib : errno.c.obj (.data)
                  200012d8    00000001     Timer.obj (.data)

.stack     0    20000270    00001000     UNINITIALIZED
                  20000270    00000004     rtsv7M4_T_le_v4SPD16_eabi.lib : boot_cortex_m.c.obj (.stack)
                  20000274    00000ffc     --HOLE--

MODULE SUMMARY

       Module                         code   ro data   rw data
       ------                         ----   -------   -------
    .\
       lcd.obj                        824    8         84     
       tm4c123gh6pm_startup_ccs.obj   12     620       0      
       Timer.obj                      584    0         5      
       ping.obj                       416    0         12     
    +--+------------------------------+------+---------+---------+
       Total:                         1836   628       101    
                                                              
    C:/ti/TivaWare_C_Series-2.1.4.178/driverlib/ccs/Debug/driverlib.lib
       interrupt.obj                  52     0         620    
    +--+------------------------------+------+---------+---------+
       Total:                         52     0         620    
                                                              
    C:\ti\ccs910\ccs\tools\compiler\ti-cgt-arm_18.12.2.LTS\lib\rtsv7M4_T_le_v4SPD16_eabi.lib
       _printfi.c.obj                 4851   0         0      
       fd_add_t2.asm.obj              438    0         0      
       fd_div_t2.asm.obj              310    0         0      
       s_scalbn.c.obj                 272    0         0      
       fd_cmp_t2.asm.obj              268    0         0      
       ctype.c.obj                    0      257       0      
       fd_mul_t2.asm.obj              252    0         0      
       memcpy_t2.asm.obj              156    0         0      
       ull_div_t2.asm.obj             150    0         0      
       vsnprintf.c.obj                136    0         0      
       memset_t2.asm.obj              122    0         0      
       copy_decompress_lzss.c.obj     104    0         0      
       s_frexp.c.obj                  100    0         0      
       ltoa.c.obj                     84     0         0      
       atoi.c.obj                     76     0         0      
       fd_toi_t2.asm.obj              72     0         0      
       autoinit.c.obj                 68     0         0      
       boot_cortex_m.c.obj            52     0         0      
       i_tofd_t2.asm.obj              46     0         0      
       copy_zero_init.c.obj           28     0         0      
       memccpy.c.obj                  28     0         0      
       s_copysign.c.obj               26     0         0      
       strcmp.c.obj                   24     0         0      
       strchr.c.obj                   22     0         0      
       strcpy.c.obj                   20     0         0      
       strlen.c.obj                   20     0         0      
       wcslen.c.obj                   18     0         0      
       copy_decompress_none.c.obj     14     0         0      
       errno.c.obj                    8      0         4      
       exit.c.obj                     4      0         0      
       pre_init.c.obj                 4      0         0      
       div0.asm.obj                   2      0         0      
    +--+------------------------------+------+---------+---------+
       Total:                         7775   257       4      
                                                              
       Stack:                         0      0         4096   
       Linker Generated:              0      59        0      
    +--+------------------------------+------+---------+---------+
       Grand Total:                   9663   944       4821   


LINKER GENERATED COPY TABLES

__TI_cinit_table @ 00002968 records: 3, size/record: 8, table size: 24
	.bss: load addr=00002950, load size=00000008 bytes, run addr=20001270, run size=00000058 bytes, compression=zero_init
	.vtable: load addr=00002958, load size=00000008 bytes, run addr=20000000, run size=0000026c bytes, compression=zero_init
	.data: load addr=00002960, load size=00000007 bytes, run addr=200012c8, run size=00000011 bytes, compression=lzss


LINKER GENERATED HANDLER TABLE

__TI_handler_table @ 00002940 records: 3, size/record: 4, table size: 12
	index: 0, handler: __TI_zero_init
	index: 1, handler: __TI_decompress_lzss
	index: 2, handler: __TI_decompress_none


GLOBAL SYMBOLS: SORTED ALPHABETICALLY BY Name 

address   name                          
-------   ----                          
00002831  C$$EXIT                       
00002661  IntRegister                   
00002817  ResetISR                      
20001270  __STACK_END                   
00001000  __STACK_SIZE                  
20000470  __STACK_TOP                   
00002968  __TI_CINIT_Base               
00002980  __TI_CINIT_Limit              
00002940  __TI_Handler_Table_Base       
0000294c  __TI_Handler_Table_Limit      
0000259d  __TI_auto_init_nobinit_nopinit
00002341  __TI_decompress_lzss          
00002809  __TI_decompress_none          
ffffffff  __TI_pprof_out_hndl           
0000026d  __TI_printfi                  
ffffffff  __TI_prof_data_size           
ffffffff  __TI_prof_data_start          
00000000  __TI_static_base__            
00002727  __TI_zero_init_nomemset       
0000214d  __aeabi_cdcmpeq               
0000214d  __aeabi_cdcmple               
000021d3  __aeabi_cdrcmple              
00002555  __aeabi_d2iz                  
00001677  __aeabi_dadd                  
00001b01  __aeabi_ddiv                  
00001e6d  __aeabi_dmul                  
0000166d  __aeabi_dsub                  
00002825  __aeabi_errno_addr            
000026f9  __aeabi_i2d                   
00000cbb  __aeabi_idiv0                 
00000cbb  __aeabi_ldiv0                 
00002259  __aeabi_memclr                
00002259  __aeabi_memclr4               
00002259  __aeabi_memclr8               
0000201b  __aeabi_memcpy                
0000201b  __aeabi_memcpy4               
0000201b  __aeabi_memcpy8               
0000225b  __aeabi_memset                
0000225b  __aeabi_memset4               
0000225b  __aeabi_memset8               
000020b7  __aeabi_uldivmod              
ffffffff  __binit__                     
ffffffff  __c_args__                    
UNDEFED   __mpu_init                    
20000270  __stack                       
00002695  _c_int00_noargs               
00002834  _ctypes_                      
200012d8  _running                      
UNDEFED   _system_post_cinit            
0000282d  _system_pre_init              
200012c4  _timeout_ticks                
00002831  abort                         
00002509  atoi                          
ffffffff  binit                         
0000275f  copysign                      
0000275f  copysignl                     
200012cc  current_time                  
200012d4  errno                         
000023a9  frexp                         
000023a9  frexpl                        
20000000  g_pfnRAMVectors               
00000000  g_pfnVectors                  
200012c8  last_time                     
000027f9  lcd_clear                     
00000e91  lcd_gotoLine                  
00000cf9  lcd_init                      
00000ef7  lcd_printf                    
00000db9  lcd_putc                      
00000df1  lcd_puts                      
00000cbd  lcd_reverseNibble             
00000e0f  lcd_sendCommand               
00000e4d  lcd_sendNibble                
00000eb9  lcd_setCursorPos              
00001d5d  ldexp                         
00001d5d  ldexpl                        
00002463  ltoa                          
00001825  main                          
00002743  memccpy                       
0000201b  memcpy                        
00002261  memset                        
00001943  ping_getDistance              
0000185b  ping_init                     
000018f3  ping_trigger                  
00001d5d  scalbn                        
00001d5d  scalbnl                       
000027a9  strchr                        
00002791  strcmp                        
000027bf  strcpy                        
000027d3  strlen                        
00001373  timer_getMicros               
0000131b  timer_getMillis               
00001255  timer_init                    
000012f7  timer_pause                   
00001309  timer_resume                  
000012cd  timer_stop                    
000013cd  timer_waitMicros              
00001401  timer_waitMillis              
200012d0  update_flag                   
000025e1  vsnprintf                     
000027e7  wcslen                        


GLOBAL SYMBOLS: SORTED BY Symbol Address 

address   name                          
-------   ----                          
00000000  __TI_static_base__            
00000000  g_pfnVectors                  
0000026d  __TI_printfi                  
00000cbb  __aeabi_idiv0                 
00000cbb  __aeabi_ldiv0                 
00000cbd  lcd_reverseNibble             
00000cf9  lcd_init                      
00000db9  lcd_putc                      
00000df1  lcd_puts                      
00000e0f  lcd_sendCommand               
00000e4d  lcd_sendNibble                
00000e91  lcd_gotoLine                  
00000eb9  lcd_setCursorPos              
00000ef7  lcd_printf                    
00001000  __STACK_SIZE                  
00001255  timer_init                    
000012cd  timer_stop                    
000012f7  timer_pause                   
00001309  timer_resume                  
0000131b  timer_getMillis               
00001373  timer_getMicros               
000013cd  timer_waitMicros              
00001401  timer_waitMillis              
0000166d  __aeabi_dsub                  
00001677  __aeabi_dadd                  
00001825  main                          
0000185b  ping_init                     
000018f3  ping_trigger                  
00001943  ping_getDistance              
00001b01  __aeabi_ddiv                  
00001d5d  ldexp                         
00001d5d  ldexpl                        
00001d5d  scalbn                        
00001d5d  scalbnl                       
00001e6d  __aeabi_dmul                  
0000201b  __aeabi_memcpy                
0000201b  __aeabi_memcpy4               
0000201b  __aeabi_memcpy8               
0000201b  memcpy                        
000020b7  __aeabi_uldivmod              
0000214d  __aeabi_cdcmpeq               
0000214d  __aeabi_cdcmple               
000021d3  __aeabi_cdrcmple              
00002259  __aeabi_memclr                
00002259  __aeabi_memclr4               
00002259  __aeabi_memclr8               
0000225b  __aeabi_memset                
0000225b  __aeabi_memset4               
0000225b  __aeabi_memset8               
00002261  memset                        
00002341  __TI_decompress_lzss          
000023a9  frexp                         
000023a9  frexpl                        
00002463  ltoa                          
00002509  atoi                          
00002555  __aeabi_d2iz                  
0000259d  __TI_auto_init_nobinit_nopinit
000025e1  vsnprintf                     
00002661  IntRegister                   
00002695  _c_int00_noargs               
000026f9  __aeabi_i2d                   
00002727  __TI_zero_init_nomemset       
00002743  memccpy                       
0000275f  copysign                      
0000275f  copysignl                     
00002791  strcmp                        
000027a9  strchr                        
000027bf  strcpy                        
000027d3  strlen                        
000027e7  wcslen                        
000027f9  lcd_clear                     
00002809  __TI_decompress_none          
00002817  ResetISR                      
00002825  __aeabi_errno_addr            
0000282d  _system_pre_init              
00002831  C$$EXIT                       
00002831  abort                         
00002834  _ctypes_                      
00002940  __TI_Handler_Table_Base       
0000294c  __TI_Handler_Table_Limit      
00002968  __TI_CINIT_Base               
00002980  __TI_CINIT_Limit              
20000000  g_pfnRAMVectors               
20000270  __stack                       
20000470  __STACK_TOP                   
20001270  __STACK_END                   
200012c4  _timeout_ticks                
200012c8  last_time                     
200012cc  current_time                  
200012d0  update_flag                   
200012d4  errno                         
200012d8  _running                      
ffffffff  __TI_pprof_out_hndl           
ffffffff  __TI_prof_data_size           
ffffffff  __TI_prof_data_start          
ffffffff  __binit__                     
ffffffff  __c_args__                    
ffffffff  binit                         
UNDEFED   __mpu_init                    
UNDEFED   _system_post_cinit            

[100 symbols]
