******************************************************************************
                  TI ARM Linker PC v18.12.2                    
******************************************************************************
>> Linked Tue Feb 11 20:16:18 2020

OUTPUT FILE NAME:   <Lab4.out>
ENTRY POINT SYMBOL: "_c_int00_noargs"  address: 00003915


MEMORY CONFIGURATION

         name            origin    length      used     unused   attr    fill
----------------------  --------  ---------  --------  --------  ----  --------
  FLASH                 00000000   00040000  00003dce  0003c232  R  X
  SRAM                  20000000   00008000  000026bf  00005941  RW X


SEGMENT ALLOCATION MAP

run origin  load origin   length   init length attrs members
----------  ----------- ---------- ----------- ----- -------
00000000    00000000    00003dd0   00003dd0    r-x
  00000000    00000000    0000026c   0000026c    r-- .intvecs
  0000026c    0000026c    00003998   00003998    r-x .text
  00003c04    00003c04    0000012a   0000012a    r-- .const
  00003d30    00003d30    000000a0   000000a0    r-- .cinit
20000000    20000000    000026c6   00000000    rw-
  20000000    20000000    0000026c   00000000    rw- .vtable
  20000270    20000270    00001000   00000000    rw- .stack
  20001270    20001270    00001000   00000000    rw- .sysmem
  20002270    20002270    00000265   00000000    rw- .bss
  200024d8    200024d8    000001ee   00000000    rw- .data


SECTION ALLOCATION MAP

 output                                  attributes/
section   page    origin      length       input sections
--------  ----  ----------  ----------   ----------------
.intvecs   0    00000000    0000026c     
                  00000000    0000026c     tm4c123gh6pm_startup_ccs.obj (.intvecs)

.text      0    0000026c    00003998     
                  0000026c    00000a4e     rtsv7M4_T_le_v4SPD16_eabi.lib : _printfi.c.obj (.text:__TI_printfi)
                  00000cba    00000002                                   : _lock.c.obj (.text:_nop)
                  00000cbc    00000328     lcd.obj (.text)
                  00000fe4    000002a8     libcybotUART.lib : uart.obj (.text)
                  0000128c    00000270     rtsv7M4_T_le_v4SPD16_eabi.lib : _printfi.c.obj (.text:_pconv_a)
                  000014fc    00000248     Timer.obj (.text)
                  00001744    000001d0     rtsv7M4_T_le_v4SPD16_eabi.lib : _printfi.c.obj (.text:_pconv_g)
                  00001914    000001bc     libcybotScan.lib : ping.obj (.text)
                  00001ad0    000001b6     rtsv7M4_T_le_v4SPD16_eabi.lib : fd_add_t2.asm.obj (.text)
                  00001c86    00000002                                   : div0.asm.obj (.text)
                  00001c88    000001b0     lab4_template.obj (.text)
                  00001e38    0000013c     rtsv7M4_T_le_v4SPD16_eabi.lib : _printfi.c.obj (.text:_pconv_e)
                  00001f74    00000136                                   : fd_div_t2.asm.obj (.text)
                  000020aa    00000002     --HOLE-- [fill = 0]
                  000020ac    00000124                                   : _printfi.c.obj (.text:fcvt)
                  000021d0    00000114                                   : fputs.c.obj (.text:fputs)
                  000022e4    00000110                                   : s_scalbn.c.obj (.text:scalbn)
                  000023f4    000000fc                                   : fd_mul_t2.asm.obj (.text)
                  000024f0    000000f4                                   : memory.c.obj (.text:aligned_alloc)
                  000025e4    000000e8                                   : memory.c.obj (.text:free)
                  000026cc    000000dc     libcybotScan.lib : ir.obj (.text)
                  000027a8    000000dc     rtsv7M4_T_le_v4SPD16_eabi.lib : setvbuf.c.obj (.text:setvbuf)
                  00002884    000000c4     libcybotScan.lib : servo.obj (.text)
                  00002948    000000bc     button.obj (.text)
                  00002a04    000000b1     rtsv7M4_T_le_v4SPD16_eabi.lib : _printfi.c.obj (.text:_ltostr)
                  00002ab5    00000001     --HOLE-- [fill = 0]
                  00002ab6    0000009c                                   : memcpy_t2.asm.obj (.text)
                  00002b52    00000096                                   : ull_div_t2.asm.obj (.text)
                  00002be8    0000008c                                   : fputc.c.obj (.text:fputc)
                  00002c74    00000086                                   : fd_cmp_t2.asm.obj (.text:__aeabi_cdcmple)
                  00002cfa    00000086                                   : fd_cmp_t2.asm.obj (.text:__aeabi_cdrcmple)
                  00002d80    0000007c                                   : memory.c.obj (.text:split)
                  00002dfc    0000007a                                   : memset_t2.asm.obj (.text)
                  00002e76    00000002     --HOLE-- [fill = 0]
                  00002e78    00000074                                   : fclose.c.obj (.text:__TI_closefile)
                  00002eec    0000006e                                   : _printfi.c.obj (.text:_mcpy)
                  00002f5a    00000002     --HOLE-- [fill = 0]
                  00002f5c    00000068                                   : hostlseek.c.obj (.text:HOSTlseek)
                  00002fc4    00000068                                   : hostrename.c.obj (.text:HOSTrename)
                  0000302c    00000068                                   : copy_decompress_lzss.c.obj (.text:decompress:lzss:__TI_decompress_lzss)
                  00003094    00000068                                   : printf.c.obj (.text:printf)
                  000030fc    00000064                                   : s_frexp.c.obj (.text:frexp)
                  00003160    00000064                                   : fseek.c.obj (.text:fseek)
                  000031c4    00000062                                   : _io_perm.c.obj (.text:__TI_wrt_ok)
                  00003226    00000002     --HOLE-- [fill = 0]
                  00003228    00000060                                   : hostopen.c.obj (.text:HOSTopen)
                  00003288    0000005c                                   : close.c.obj (.text:close)
                  000032e4    00000058                                   : hostread.c.obj (.text:HOSTread)
                  0000333c    00000058                                   : hostwrite.c.obj (.text:HOSTwrite)
                  00003394    00000056                                   : _printfi.c.obj (.text:_pconv_f)
                  000033ea    00000054                                   : ltoa.c.obj (.text:ltoa)
                  0000343e    00000052                                   : _printfi.c.obj (.text:_ecpy)
                  00003490    0000004c                                   : fflush.c.obj (.text:__TI_doflush)
                  000034dc    0000004c                                   : atoi.c.obj (.text:atoi)
                  00003528    00000048                                   : exit.c.obj (.text:exit)
                  00003570    00000048     libcybotScan.lib : cyBot_Scan.obj (.text)
                  000035b8    00000048     rtsv7M4_T_le_v4SPD16_eabi.lib : fd_toi_t2.asm.obj (.text)
                  00003600    00000044                                   : hostclose.c.obj (.text:HOSTclose)
                  00003644    00000044                                   : hostunlink.c.obj (.text:HOSTunlink)
                  00003688    00000044                                   : autoinit.c.obj (.text:__TI_auto_init_nobinit_nopinit:__TI_auto_init_nobinit_nopinit)
                  000036cc    00000044                                   : getdevice.c.obj (.text:getdevice)
                  00003710    00000040                                   : sprintf.c.obj (.text:sprintf)
                  00003750    00000040                                   : vsnprintf.c.obj (.text:vsnprintf)
                  00003790    0000003e                                   : _printfi.c.obj (.text:_fcpy)
                  000037ce    00000002     --HOLE-- [fill = 0]
                  000037d0    00000038                                   : trgmsg.c.obj (.text:__TI_writemsg)
                  00003808    00000038                                   : fs_tod_t2.asm.obj (.text)
                  00003840    00000036                                   : strncpy.c.obj (.text:strncpy)
                  00003876    00000002     --HOLE-- [fill = 0]
                  00003878    00000034     driverlib.lib : interrupt.obj (.text:IntRegister)
                  000038ac    00000034     rtsv7M4_T_le_v4SPD16_eabi.lib : fopen.c.obj (.text:__TI_cleanup)
                  000038e0    00000034                                   : trgmsg.c.obj (.text:__TI_readmsg)
                  00003914    00000034                                   : boot_cortex_m.c.obj (.text:_c_int00_noargs:_c_int00_noargs)
                  00003948    00000030                                   : vsnprintf.c.obj (.text:_outs)
                  00003978    00000030                                   : getdevice.c.obj (.text:finddevice)
                  000039a8    0000002e                                   : i_tofd_t2.asm.obj (.text)
                  000039d6    00000002     --HOLE-- [fill = 0]
                  000039d8    0000002c                                   : unlink.c.obj (.text:unlink)
                  00003a04    00000028                                   : memory.c.obj (.text:free_list_insert)
                  00003a2c    00000028                                   : lseek.c.obj (.text:lseek)
                  00003a54    00000028                                   : write.c.obj (.text:write)
                  00003a7c    00000020                                   : memchr.c.obj (.text:memchr)
                  00003a9c    0000001c                                   : memory.c.obj (.text:free_list_remove)
                  00003ab8    0000001c                                   : memccpy.c.obj (.text:memccpy)
                  00003ad4    0000001a                                   : s_copysign.c.obj (.text:copysign)
                  00003aee    00000018                                   : vsnprintf.c.obj (.text:_outc)
                  00003b06    00000018                                   : sprintf.c.obj (.text:_outs)
                  00003b1e    00000018                                   : strcmp.c.obj (.text:strcmp)
                  00003b36    00000016                                   : strchr.c.obj (.text:strchr)
                  00003b4c    00000014                                   : strcpy.c.obj (.text:strcpy)
                  00003b60    00000014                                   : strlen.c.obj (.text:strlen)
                  00003b74    00000012                                   : wcslen.c.obj (.text:wcslen)
                  00003b86    00000010     driverlib.lib : interrupt.obj (.text:IntMasterEnable)
                  00003b96    00000010     lcd.obj (.text:lcd_clear)
                  00003ba6    0000000e     rtsv7M4_T_le_v4SPD16_eabi.lib : copy_decompress_none.c.obj (.text:decompress:none:__TI_decompress_none)
                  00003bb4    0000000c     driverlib.lib : cpu.obj (.text:CPUcpsie)
                  00003bc0    0000000c     rtsv7M4_T_le_v4SPD16_eabi.lib : copy_zero_init.c.obj (.text:decompress:ZI:__TI_zero_init)
                  00003bcc    0000000c     tm4c123gh6pm_startup_ccs.obj (.text)
                  00003bd8    0000000a     rtsv7M4_T_le_v4SPD16_eabi.lib : sprintf.c.obj (.text:_outc)
                  00003be2    00000002     --HOLE-- [fill = 0]
                  00003be4    00000008                                   : errno.c.obj (.text:__aeabi_errno_addr)
                  00003bec    00000008                                   : memory.c.obj (.text:malloc)
                  00003bf4    00000004                                   : printf.c.obj (.text:_outc)
                  00003bf8    00000004                                   : printf.c.obj (.text:_outs)
                  00003bfc    00000004                                   : pre_init.c.obj (.text:_system_pre_init)
                  00003c00    00000004                                   : exit.c.obj (.text:abort:abort)

.const     0    00003c04    0000012a     
                  00003c04    00000101     rtsv7M4_T_le_v4SPD16_eabi.lib : ctype.c.obj (.const:.string:_ctypes_)
                  00003d05    0000000e     lab4_template.obj (.const:.string:$P$T1$2)
                  00003d13    0000000d     lab4_template.obj (.const:.string:$P$T2$3)
                  00003d20    00000006     lab4_template.obj (.const:.string:$P$T0$1)
                  00003d26    00000004     lcd.obj (.const:.string:lineAddress$1)
                  00003d2a    00000004     lcd.obj (.const:.string:lineAddresses$2)

.cinit     0    00003d30    000000a0     
                  00003d30    0000006a     (.cinit..data.load) [load image, compression = lzss]
                  00003d9a    00000002     --HOLE-- [fill = 0]
                  00003d9c    0000000c     (__TI_handler_table)
                  00003da8    00000008     (.cinit..bss.load) [load image, compression = zero_init]
                  00003db0    00000008     (.cinit..vtable.load) [load image, compression = zero_init]
                  00003db8    00000018     (__TI_cinit_table)

.init_array 
*          0    00000000    00000000     UNINITIALIZED

.vtable    0    20000000    0000026c     UNINITIALIZED
                  20000000    0000026c     driverlib.lib : interrupt.obj (.vtable)

.stack     0    20000270    00001000     UNINITIALIZED
                  20000270    00000004     rtsv7M4_T_le_v4SPD16_eabi.lib : boot_cortex_m.c.obj (.stack)
                  20000274    00000ffc     --HOLE--

.sysmem    0    20001270    00001000     UNINITIALIZED
                  20001270    00000010     rtsv7M4_T_le_v4SPD16_eabi.lib : memory.c.obj (.sysmem)
                  20001280    00000ff0     --HOLE--

.bss       0    20002270    00000265     UNINITIALIZED
                  20002270    00000120     rtsv7M4_T_le_v4SPD16_eabi.lib : trgmsg.c.obj (.bss:_CIOBUF_)
                  20002390    000000a0     (.common:__TI_tmpnams)
                  20002430    00000054     lcd.obj (.bss:lastbuffer$3)
                  20002484    00000034     (.common:isr_char_buffer)
                  200024b8    00000008     (.common:parmbuf)
                  200024c0    00000004     (.common:_timeout_ticks)
                  200024c4    00000004     (.common:fallingEdge)
                  200024c8    00000004     (.common:isr_int_value)
                  200024cc    00000004     (.common:pulseLength)
                  200024d0    00000004     (.common:risingEdge)
                  200024d4    00000001     (.common:isRisingEdge)

.data      0    200024d8    000001ee     UNINITIALIZED
                  200024d8    000000f0     rtsv7M4_T_le_v4SPD16_eabi.lib : defs.c.obj (.data:_ftable)
                  200025c8    00000078                                   : host_device.c.obj (.data:_device)
                  20002640    00000050                                   : host_device.c.obj (.data:_stream)
                  20002690    00000010                                   : defs.c.obj (.data)
                  200026a0    0000000c                                   : exit.c.obj (.data:$O1$$)
                  200026ac    00000008                                   : _lock.c.obj (.data:$O1$$)
                  200026b4    00000008                                   : memory.c.obj (.data:$O1$$)
                  200026bc    00000004     libcybotUART.lib : uart.obj (.data)
                  200026c0    00000004     rtsv7M4_T_le_v4SPD16_eabi.lib : errno.c.obj (.data)
                  200026c4    00000001     Timer.obj (.data)
                  200026c5    00000001     button.obj (.data)

MODULE SUMMARY

       Module                         code    ro data   rw data
       ------                         ----    -------   -------
    .\
       lcd.obj                        824     8         84     
       tm4c123gh6pm_startup_ccs.obj   12      620       0      
       Timer.obj                      584     0         5      
       lab4_template.obj              432     33        0      
       button.obj                     188     0         1      
    +--+------------------------------+-------+---------+---------+
       Total:                         2040    661       90     
                                                               
    ../libcybotScan.lib
       ping.obj                       444     0         13     
       ir.obj                         220     0         4      
       servo.obj                      196     0         0      
       cyBot_Scan.obj                 72      0         0      
    +--+------------------------------+-------+---------+---------+
       Total:                         932     0         17     
                                                               
    ../libcybotUART.lib
       uart.obj                       680     0         56     
    +--+------------------------------+-------+---------+---------+
       Total:                         680     0         56     
                                                               
    C:/ti/TivaWare_C_Series-2.1.4.178/driverlib/ccs/Debug/driverlib.lib
       interrupt.obj                  68      0         620    
       cpu.obj                        12      0         0      
    +--+------------------------------+-------+---------+---------+
       Total:                         80      0         620    
                                                               
    C:\ti\ccs910\ccs\tools\compiler\ti-cgt-arm_18.12.2.LTS\lib\rtsv7M4_T_le_v4SPD16_eabi.lib
       _printfi.c.obj                 4851    0         0      
       memory.c.obj                   676     0         8      
       fd_add_t2.asm.obj              438     0         0      
       defs.c.obj                     0       0         416    
       trgmsg.c.obj                   108     0         288    
       fd_div_t2.asm.obj              310     0         0      
       fputs.c.obj                    276     0         0      
       s_scalbn.c.obj                 272     0         0      
       fd_cmp_t2.asm.obj              268     0         0      
       ctype.c.obj                    0       257       0      
       fd_mul_t2.asm.obj              252     0         0      
       setvbuf.c.obj                  220     0         0      
       host_device.c.obj              0       0         200    
       memcpy_t2.asm.obj              156     0         0      
       ull_div_t2.asm.obj             150     0         0      
       fputc.c.obj                    140     0         0      
       vsnprintf.c.obj                136     0         0      
       memset_t2.asm.obj              122     0         0      
       fclose.c.obj                   116     0         0      
       getdevice.c.obj                116     0         0      
       printf.c.obj                   112     0         0      
       copy_decompress_lzss.c.obj     104     0         0      
       hostlseek.c.obj                104     0         0      
       hostopen.c.obj                 96      0         8      
       hostrename.c.obj               104     0         0      
       fseek.c.obj                    100     0         0      
       s_frexp.c.obj                  100     0         0      
       _io_perm.c.obj                 98      0         0      
       sprintf.c.obj                  98      0         0      
       close.c.obj                    92      0         0      
       exit.c.obj                     76      0         12     
       hostread.c.obj                 88      0         0      
       hostwrite.c.obj                88      0         0      
       ltoa.c.obj                     84      0         0      
       atoi.c.obj                     76      0         0      
       fflush.c.obj                   76      0         0      
       fd_toi_t2.asm.obj              72      0         0      
       autoinit.c.obj                 68      0         0      
       hostclose.c.obj                68      0         0      
       hostunlink.c.obj               68      0         0      
       fs_tod_t2.asm.obj              56      0         0      
       strncpy.c.obj                  54      0         0      
       boot_cortex_m.c.obj            52      0         0      
       fopen.c.obj                    52      0         0      
       i_tofd_t2.asm.obj              46      0         0      
       unlink.c.obj                   44      0         0      
       lseek.c.obj                    40      0         0      
       write.c.obj                    40      0         0      
       memchr.c.obj                   32      0         0      
       memccpy.c.obj                  28      0         0      
       s_copysign.c.obj               26      0         0      
       strcmp.c.obj                   24      0         0      
       strchr.c.obj                   22      0         0      
       strcpy.c.obj                   20      0         0      
       strlen.c.obj                   20      0         0      
       wcslen.c.obj                   18      0         0      
       copy_decompress_none.c.obj     14      0         0      
       copy_zero_init.c.obj           12      0         0      
       errno.c.obj                    8       0         4      
       _lock.c.obj                    2       0         8      
       pre_init.c.obj                 4       0         0      
       div0.asm.obj                   2       0         0      
    +--+------------------------------+-------+---------+---------+
       Total:                         10995   257       944    
                                                               
       Heap:                          0       0         4096   
       Stack:                         0       0         4096   
       Linker Generated:              0       158       0      
    +--+------------------------------+-------+---------+---------+
       Grand Total:                   14727   1076      9919   


LINKER GENERATED COPY TABLES

__TI_cinit_table @ 00003db8 records: 3, size/record: 8, table size: 24
	.data: load addr=00003d30, load size=0000006a bytes, run addr=200024d8, run size=000001ee bytes, compression=lzss
	.bss: load addr=00003da8, load size=00000008 bytes, run addr=20002270, run size=00000265 bytes, compression=zero_init
	.vtable: load addr=00003db0, load size=00000008 bytes, run addr=20000000, run size=0000026c bytes, compression=zero_init


LINKER GENERATED HANDLER TABLE

__TI_handler_table @ 00003d9c records: 3, size/record: 4, table size: 12
	index: 0, handler: __TI_zero_init
	index: 1, handler: __TI_decompress_lzss
	index: 2, handler: __TI_decompress_none


GLOBAL SYMBOLS: SORTED ALPHABETICALLY BY Name 

address   name                           
-------   ----                           
00002779  ADC0SS0_Handler                
00003c01  C$$EXIT                        
000037ff  C$$IO$$                        
00003bb5  CPUcpsie                       
00003601  HOSTclose                      
00002f5d  HOSTlseek                      
00003229  HOSTopen                       
000032e5  HOSTread                       
00002fc5  HOSTrename                     
00003645  HOSTunlink                     
0000333d  HOSTwrite                      
00003b87  IntMasterEnable                
00003879  IntRegister                    
00003bcd  ResetISR                       
00001a51  TIMER3B_Handler                
20002270  __CIOBUF_                      
20001270  __STACK_END                    
00001000  __STACK_SIZE                   
20000470  __STACK_TOP                    
00001000  __SYSMEM_SIZE                  
00003db8  __TI_CINIT_Base                
00003dd0  __TI_CINIT_Limit               
00003d9c  __TI_Handler_Table_Base        
00003da8  __TI_Handler_Table_Limit       
00003689  __TI_auto_init_nobinit_nopinit 
000038ad  __TI_cleanup                   
200026a0  __TI_cleanup_ptr               
00002e79  __TI_closefile                 
0000302d  __TI_decompress_lzss           
00003ba7  __TI_decompress_none           
00003491  __TI_doflush                   
200026a4  __TI_dtors_ptr                 
200026a8  __TI_enable_exit_profile_output
20002690  __TI_ft_end                    
ffffffff  __TI_pprof_out_hndl            
0000026d  __TI_printfi                   
ffffffff  __TI_prof_data_size            
ffffffff  __TI_prof_data_start           
000038e1  __TI_readmsg                   
00000000  __TI_static_base__             
20002390  __TI_tmpnams                   
000037d1  __TI_writemsg                  
000031c5  __TI_wrt_ok                    
00003bc1  __TI_zero_init                 
00002c75  __aeabi_cdcmpeq                
00002c75  __aeabi_cdcmple                
00002cfb  __aeabi_cdrcmple               
000035b9  __aeabi_d2iz                   
00001adb  __aeabi_dadd                   
00001f75  __aeabi_ddiv                   
000023f5  __aeabi_dmul                   
00001ad1  __aeabi_dsub                   
00003be5  __aeabi_errno_addr             
00003809  __aeabi_f2d                    
000039a9  __aeabi_i2d                    
00001c87  __aeabi_idiv0                  
00001c87  __aeabi_ldiv0                  
00002dfd  __aeabi_memclr                 
00002dfd  __aeabi_memclr4                
00002dfd  __aeabi_memclr8                
00002ab7  __aeabi_memcpy                 
00002ab7  __aeabi_memcpy4                
00002ab7  __aeabi_memcpy8                
00002dff  __aeabi_memset                 
00002dff  __aeabi_memset4                
00002dff  __aeabi_memset8                
2000269c  __aeabi_stderr                 
20002694  __aeabi_stdin                  
20002698  __aeabi_stdout                 
00002b53  __aeabi_uldivmod               
ffffffff  __binit__                      
ffffffff  __c_args__                     
UNDEFED   __mpu_init                     
20000270  __stack                        
00003915  _c_int00_noargs                
00003c04  _ctypes_                       
200025c8  _device                        
200024d8  _ftable                        
200026ac  _lock                          
00000cbb  _nop                           
200026c4  _running                       
20002640  _stream                        
20001270  _sys_memory                    
UNDEFED   _system_post_cinit             
00003bfd  _system_pre_init               
200024c0  _timeout_ticks                 
200026b0  _unlock                        
00003c01  abort                          
000024f1  aligned_alloc                  
000034dd  atoi                           
ffffffff  binit                          
00002975  button_getButton               
00002949  button_init                    
00003289  close                          
00003ad5  copysign                       
00003ad5  copysignl                      
00003581  cyBOT_Scan                     
00003571  cyBOT_init_Scan                
00001231  cyBot_UART1_Handler            
00001223  cyBot_getByte_blocking         
00001203  cyBot_getByte_nonblocking      
00000fe5  cyBot_sendByte                 
000011e9  cyBot_uart_flush               
00001153  cyBot_uart_init                
000010f3  cyBot_uart_init_PHJ_first_half 
0000109b  cyBot_uart_init_clean          
00001023  cyBot_uart_init_last_half      
0000100b  cyBot_uart_sendBuffer          
00000ff1  cyBot_uart_sendStr             
200026c0  errno                          
00003529  exit                           
200024c4  fallingEdge                    
00003979  finddevice                     
00002be9  fputc                          
000021d1  fputs                          
000025e5  free                           
000030fd  frexp                          
000030fd  frexpl                         
00003161  fseek                          
20000000  g_pfnRAMVectors                
00000000  g_pfnVectors                   
000036cd  getdevice                      
00002749  ir_enableInterrupt             
00002741  ir_getDistance                 
0000272d  ir_getValue                    
000026cd  ir_init                        
200024d4  isRisingEdge                   
20002484  isr_char_buffer                
200026bc  isr_counter                    
200024c8  isr_int_value                  
00003b97  lcd_clear                      
00000e91  lcd_gotoLine                   
00000cf9  lcd_init                       
00000ef7  lcd_printf                     
00000db9  lcd_putc                       
00000df1  lcd_puts                       
00000cbd  lcd_reverseNibble              
00000e0f  lcd_sendCommand                
00000e4d  lcd_sendNibble                 
00000eb9  lcd_setCursorPos               
000022e5  ldexp                          
000022e5  ldexpl                         
00003a2d  lseek                          
000033eb  ltoa                           
00001c89  main                           
00003bed  malloc                         
000024f1  memalign                       
00003ab9  memccpy                        
00003a7d  memchr                         
00002ab7  memcpy                         
00002e05  memset                         
200024b8  parmbuf                        
00001a1b  ping_getDistance               
00001979  ping_init                      
00001915  ping_trigger                   
00001de1  printToConsole                 
00003095  printf                         
200024cc  pulseLength                    
00002be9  putc                           
000039d9  remove                         
200024d0  risingEdge                     
000022e5  scalbn                         
000022e5  scalbnl                        
000028c3  servo_init                     
000028a3  servo_move                     
00002891  servo_setPWM                   
00002885  servo_stop                     
000027a9  setvbuf                        
00003711  sprintf                        
00003b37  strchr                         
00003b1f  strcmp                         
00003b4d  strcpy                         
00003b61  strlen                         
00003841  strncpy                        
0000161b  timer_getMicros                
000015c3  timer_getMillis                
000014fd  timer_init                     
0000159f  timer_pause                    
000015b1  timer_resume                   
00001575  timer_stop                     
00001675  timer_waitMicros               
000016a9  timer_waitMillis               
000039d9  unlink                         
00003751  vsnprintf                      
00003b75  wcslen                         
00003a55  write                          


GLOBAL SYMBOLS: SORTED BY Symbol Address 

address   name                           
-------   ----                           
00000000  __TI_static_base__             
00000000  g_pfnVectors                   
0000026d  __TI_printfi                   
00000cbb  _nop                           
00000cbd  lcd_reverseNibble              
00000cf9  lcd_init                       
00000db9  lcd_putc                       
00000df1  lcd_puts                       
00000e0f  lcd_sendCommand                
00000e4d  lcd_sendNibble                 
00000e91  lcd_gotoLine                   
00000eb9  lcd_setCursorPos               
00000ef7  lcd_printf                     
00000fe5  cyBot_sendByte                 
00000ff1  cyBot_uart_sendStr             
00001000  __STACK_SIZE                   
00001000  __SYSMEM_SIZE                  
0000100b  cyBot_uart_sendBuffer          
00001023  cyBot_uart_init_last_half      
0000109b  cyBot_uart_init_clean          
000010f3  cyBot_uart_init_PHJ_first_half 
00001153  cyBot_uart_init                
000011e9  cyBot_uart_flush               
00001203  cyBot_getByte_nonblocking      
00001223  cyBot_getByte_blocking         
00001231  cyBot_UART1_Handler            
000014fd  timer_init                     
00001575  timer_stop                     
0000159f  timer_pause                    
000015b1  timer_resume                   
000015c3  timer_getMillis                
0000161b  timer_getMicros                
00001675  timer_waitMicros               
000016a9  timer_waitMillis               
00001915  ping_trigger                   
00001979  ping_init                      
00001a1b  ping_getDistance               
00001a51  TIMER3B_Handler                
00001ad1  __aeabi_dsub                   
00001adb  __aeabi_dadd                   
00001c87  __aeabi_idiv0                  
00001c87  __aeabi_ldiv0                  
00001c89  main                           
00001de1  printToConsole                 
00001f75  __aeabi_ddiv                   
000021d1  fputs                          
000022e5  ldexp                          
000022e5  ldexpl                         
000022e5  scalbn                         
000022e5  scalbnl                        
000023f5  __aeabi_dmul                   
000024f1  aligned_alloc                  
000024f1  memalign                       
000025e5  free                           
000026cd  ir_init                        
0000272d  ir_getValue                    
00002741  ir_getDistance                 
00002749  ir_enableInterrupt             
00002779  ADC0SS0_Handler                
000027a9  setvbuf                        
00002885  servo_stop                     
00002891  servo_setPWM                   
000028a3  servo_move                     
000028c3  servo_init                     
00002949  button_init                    
00002975  button_getButton               
00002ab7  __aeabi_memcpy                 
00002ab7  __aeabi_memcpy4                
00002ab7  __aeabi_memcpy8                
00002ab7  memcpy                         
00002b53  __aeabi_uldivmod               
00002be9  fputc                          
00002be9  putc                           
00002c75  __aeabi_cdcmpeq                
00002c75  __aeabi_cdcmple                
00002cfb  __aeabi_cdrcmple               
00002dfd  __aeabi_memclr                 
00002dfd  __aeabi_memclr4                
00002dfd  __aeabi_memclr8                
00002dff  __aeabi_memset                 
00002dff  __aeabi_memset4                
00002dff  __aeabi_memset8                
00002e05  memset                         
00002e79  __TI_closefile                 
00002f5d  HOSTlseek                      
00002fc5  HOSTrename                     
0000302d  __TI_decompress_lzss           
00003095  printf                         
000030fd  frexp                          
000030fd  frexpl                         
00003161  fseek                          
000031c5  __TI_wrt_ok                    
00003229  HOSTopen                       
00003289  close                          
000032e5  HOSTread                       
0000333d  HOSTwrite                      
000033eb  ltoa                           
00003491  __TI_doflush                   
000034dd  atoi                           
00003529  exit                           
00003571  cyBOT_init_Scan                
00003581  cyBOT_Scan                     
000035b9  __aeabi_d2iz                   
00003601  HOSTclose                      
00003645  HOSTunlink                     
00003689  __TI_auto_init_nobinit_nopinit 
000036cd  getdevice                      
00003711  sprintf                        
00003751  vsnprintf                      
000037d1  __TI_writemsg                  
000037ff  C$$IO$$                        
00003809  __aeabi_f2d                    
00003841  strncpy                        
00003879  IntRegister                    
000038ad  __TI_cleanup                   
000038e1  __TI_readmsg                   
00003915  _c_int00_noargs                
00003979  finddevice                     
000039a9  __aeabi_i2d                    
000039d9  remove                         
000039d9  unlink                         
00003a2d  lseek                          
00003a55  write                          
00003a7d  memchr                         
00003ab9  memccpy                        
00003ad5  copysign                       
00003ad5  copysignl                      
00003b1f  strcmp                         
00003b37  strchr                         
00003b4d  strcpy                         
00003b61  strlen                         
00003b75  wcslen                         
00003b87  IntMasterEnable                
00003b97  lcd_clear                      
00003ba7  __TI_decompress_none           
00003bb5  CPUcpsie                       
00003bc1  __TI_zero_init                 
00003bcd  ResetISR                       
00003be5  __aeabi_errno_addr             
00003bed  malloc                         
00003bfd  _system_pre_init               
00003c01  C$$EXIT                        
00003c01  abort                          
00003c04  _ctypes_                       
00003d9c  __TI_Handler_Table_Base        
00003da8  __TI_Handler_Table_Limit       
00003db8  __TI_CINIT_Base                
00003dd0  __TI_CINIT_Limit               
20000000  g_pfnRAMVectors                
20000270  __stack                        
20000470  __STACK_TOP                    
20001270  __STACK_END                    
20001270  _sys_memory                    
20002270  __CIOBUF_                      
20002390  __TI_tmpnams                   
20002484  isr_char_buffer                
200024b8  parmbuf                        
200024c0  _timeout_ticks                 
200024c4  fallingEdge                    
200024c8  isr_int_value                  
200024cc  pulseLength                    
200024d0  risingEdge                     
200024d4  isRisingEdge                   
200024d8  _ftable                        
200025c8  _device                        
20002640  _stream                        
20002690  __TI_ft_end                    
20002694  __aeabi_stdin                  
20002698  __aeabi_stdout                 
2000269c  __aeabi_stderr                 
200026a0  __TI_cleanup_ptr               
200026a4  __TI_dtors_ptr                 
200026a8  __TI_enable_exit_profile_output
200026ac  _lock                          
200026b0  _unlock                        
200026bc  isr_counter                    
200026c0  errno                          
200026c4  _running                       
ffffffff  __TI_pprof_out_hndl            
ffffffff  __TI_prof_data_size            
ffffffff  __TI_prof_data_start           
ffffffff  __binit__                      
ffffffff  __c_args__                     
ffffffff  binit                          
UNDEFED   __mpu_init                     
UNDEFED   _system_post_cinit             

[186 symbols]
