******************************************************************************
                  TI ARM Linker PC v18.12.2                    
******************************************************************************
>> Linked Tue Feb 18 19:47:52 2020

OUTPUT FILE NAME:   <Lab5.out>
ENTRY POINT SYMBOL: "_c_int00_noargs"  address: 000034c5


MEMORY CONFIGURATION

         name            origin    length      used     unused   attr    fill
----------------------  --------  ---------  --------  --------  ----  --------
  FLASH                 00000000   00040000  00003939  0003c6c7  R  X
  SRAM                  20000000   00008000  00002686  0000597a  RW X


SEGMENT ALLOCATION MAP

run origin  load origin   length   init length attrs members
----------  ----------- ---------- ----------- ----- -------
00000000    00000000    00003940   00003940    r-x
  00000000    00000000    0000026c   0000026c    r-- .intvecs
  0000026c    0000026c    00003524   00003524    r-x .text
  00003790    00003790    00000109   00000109    r-- .const
  000038a0    000038a0    000000a0   000000a0    r-- .cinit
20000000    20000000    0000268d   00000000    rw-
  20000000    20000000    0000026c   00000000    rw- .vtable
  20000270    20000270    00001000   00000000    rw- .stack
  20001270    20001270    00001000   00000000    rw- .sysmem
  20002270    20002270    00000231   00000000    rw- .bss
  200024a4    200024a4    000001e9   00000000    rw- .data


SECTION ALLOCATION MAP

 output                                  attributes/
section   page    origin      length       input sections
--------  ----  ----------  ----------   ----------------
.intvecs   0    00000000    0000026c     
                  00000000    0000026c     tm4c123gh6pm_startup_ccs.obj (.intvecs)

.text      0    0000026c    00003524     
                  0000026c    00000a4e     rtsv7M4_T_le_v4SPD16_eabi.lib : _printfi.c.obj (.text:__TI_printfi)
                  00000cba    00000002                                   : _lock.c.obj (.text:_nop)
                  00000cbc    00000328     lcd.obj (.text)
                  00000fe4    00000270     rtsv7M4_T_le_v4SPD16_eabi.lib : _printfi.c.obj (.text:_pconv_a)
                  00001254    00000248     Timer.obj (.text)
                  0000149c    000001d0     rtsv7M4_T_le_v4SPD16_eabi.lib : _printfi.c.obj (.text:_pconv_g)
                  0000166c    000001bc     libcybotScan.lib : ping.obj (.text)
                  00001828    000001b6     rtsv7M4_T_le_v4SPD16_eabi.lib : fd_add_t2.asm.obj (.text)
                  000019de    00000002                                   : div0.asm.obj (.text)
                  000019e0    0000013c                                   : _printfi.c.obj (.text:_pconv_e)
                  00001b1c    00000136                                   : fd_div_t2.asm.obj (.text)
                  00001c52    00000002     --HOLE-- [fill = 0]
                  00001c54    00000124                                   : _printfi.c.obj (.text:fcvt)
                  00001d78    00000114                                   : fputs.c.obj (.text:fputs)
                  00001e8c    00000110                                   : s_scalbn.c.obj (.text:scalbn)
                  00001f9c    000000fc                                   : fd_mul_t2.asm.obj (.text)
                  00002098    000000fc     uart.obj (.text)
                  00002194    000000f4     rtsv7M4_T_le_v4SPD16_eabi.lib : memory.c.obj (.text:aligned_alloc)
                  00002288    000000e8                                   : memory.c.obj (.text:free)
                  00002370    000000dc     libcybotScan.lib : ir.obj (.text)
                  0000244c    000000dc     rtsv7M4_T_le_v4SPD16_eabi.lib : setvbuf.c.obj (.text:setvbuf)
                  00002528    000000c4     libcybotScan.lib : servo.obj (.text)
                  000025ec    000000b1     rtsv7M4_T_le_v4SPD16_eabi.lib : _printfi.c.obj (.text:_ltostr)
                  0000269d    00000001     --HOLE-- [fill = 0]
                  0000269e    0000009c                                   : memcpy_t2.asm.obj (.text)
                  0000273a    00000096                                   : ull_div_t2.asm.obj (.text)
                  000027d0    0000008c                                   : fputc.c.obj (.text:fputc)
                  0000285c    00000086                                   : fd_cmp_t2.asm.obj (.text:__aeabi_cdcmple)
                  000028e2    00000086                                   : fd_cmp_t2.asm.obj (.text:__aeabi_cdrcmple)
                  00002968    0000007c                                   : memory.c.obj (.text:split)
                  000029e4    0000007a                                   : memset_t2.asm.obj (.text)
                  00002a5e    00000002     --HOLE-- [fill = 0]
                  00002a60    00000074                                   : fclose.c.obj (.text:__TI_closefile)
                  00002ad4    0000006e                                   : _printfi.c.obj (.text:_mcpy)
                  00002b42    00000002     --HOLE-- [fill = 0]
                  00002b44    00000068                                   : hostlseek.c.obj (.text:HOSTlseek)
                  00002bac    00000068                                   : hostrename.c.obj (.text:HOSTrename)
                  00002c14    00000068                                   : copy_decompress_lzss.c.obj (.text:decompress:lzss:__TI_decompress_lzss)
                  00002c7c    00000068                                   : printf.c.obj (.text:printf)
                  00002ce4    00000064                                   : s_frexp.c.obj (.text:frexp)
                  00002d48    00000064                                   : fseek.c.obj (.text:fseek)
                  00002dac    00000062                                   : _io_perm.c.obj (.text:__TI_wrt_ok)
                  00002e0e    00000002     --HOLE-- [fill = 0]
                  00002e10    00000060                                   : hostopen.c.obj (.text:HOSTopen)
                  00002e70    0000005c                                   : close.c.obj (.text:close)
                  00002ecc    00000058                                   : hostread.c.obj (.text:HOSTread)
                  00002f24    00000058                                   : hostwrite.c.obj (.text:HOSTwrite)
                  00002f7c    00000056                                   : _printfi.c.obj (.text:_pconv_f)
                  00002fd2    00000054                                   : ltoa.c.obj (.text:ltoa)
                  00003026    00000052                                   : _printfi.c.obj (.text:_ecpy)
                  00003078    0000004c                                   : fflush.c.obj (.text:__TI_doflush)
                  000030c4    0000004c                                   : atoi.c.obj (.text:atoi)
                  00003110    00000048                                   : exit.c.obj (.text:exit)
                  00003158    00000048     libcybotScan.lib : cyBot_Scan.obj (.text)
                  000031a0    00000048     rtsv7M4_T_le_v4SPD16_eabi.lib : fd_toi_t2.asm.obj (.text)
                  000031e8    00000044                                   : hostclose.c.obj (.text:HOSTclose)
                  0000322c    00000044                                   : hostunlink.c.obj (.text:HOSTunlink)
                  00003270    00000044                                   : autoinit.c.obj (.text:__TI_auto_init_nobinit_nopinit:__TI_auto_init_nobinit_nopinit)
                  000032b4    00000044                                   : getdevice.c.obj (.text:getdevice)
                  000032f8    00000040                                   : vsnprintf.c.obj (.text:vsnprintf)
                  00003338    0000003e                                   : _printfi.c.obj (.text:_fcpy)
                  00003376    00000002     --HOLE-- [fill = 0]
                  00003378    0000003e     lab5_template.obj (.text)
                  000033b6    00000002     --HOLE-- [fill = 0]
                  000033b8    00000038     rtsv7M4_T_le_v4SPD16_eabi.lib : trgmsg.c.obj (.text:__TI_writemsg)
                  000033f0    00000036                                   : strncpy.c.obj (.text:strncpy)
                  00003426    00000002     --HOLE-- [fill = 0]
                  00003428    00000034     driverlib.lib : interrupt.obj (.text:IntRegister)
                  0000345c    00000034     rtsv7M4_T_le_v4SPD16_eabi.lib : fopen.c.obj (.text:__TI_cleanup)
                  00003490    00000034                                   : trgmsg.c.obj (.text:__TI_readmsg)
                  000034c4    00000034                                   : boot_cortex_m.c.obj (.text:_c_int00_noargs:_c_int00_noargs)
                  000034f8    00000030                                   : vsnprintf.c.obj (.text:_outs)
                  00003528    00000030                                   : getdevice.c.obj (.text:finddevice)
                  00003558    0000002e                                   : i_tofd_t2.asm.obj (.text)
                  00003586    00000002     --HOLE-- [fill = 0]
                  00003588    0000002c                                   : unlink.c.obj (.text:unlink)
                  000035b4    00000028                                   : memory.c.obj (.text:free_list_insert)
                  000035dc    00000028                                   : lseek.c.obj (.text:lseek)
                  00003604    00000028                                   : write.c.obj (.text:write)
                  0000362c    00000020                                   : memchr.c.obj (.text:memchr)
                  0000364c    0000001c                                   : memory.c.obj (.text:free_list_remove)
                  00003668    0000001c                                   : memccpy.c.obj (.text:memccpy)
                  00003684    0000001a                                   : s_copysign.c.obj (.text:copysign)
                  0000369e    00000018                                   : vsnprintf.c.obj (.text:_outc)
                  000036b6    00000018                                   : strcmp.c.obj (.text:strcmp)
                  000036ce    00000016                                   : strchr.c.obj (.text:strchr)
                  000036e4    00000014                                   : strcpy.c.obj (.text:strcpy)
                  000036f8    00000014                                   : strlen.c.obj (.text:strlen)
                  0000370c    00000012                                   : wcslen.c.obj (.text:wcslen)
                  0000371e    00000010     driverlib.lib : interrupt.obj (.text:IntMasterEnable)
                  0000372e    00000010     lcd.obj (.text:lcd_clear)
                  0000373e    0000000e     rtsv7M4_T_le_v4SPD16_eabi.lib : copy_decompress_none.c.obj (.text:decompress:none:__TI_decompress_none)
                  0000374c    0000000c     driverlib.lib : cpu.obj (.text:CPUcpsie)
                  00003758    0000000c     rtsv7M4_T_le_v4SPD16_eabi.lib : copy_zero_init.c.obj (.text:decompress:ZI:__TI_zero_init)
                  00003764    0000000c     tm4c123gh6pm_startup_ccs.obj (.text)
                  00003770    00000008     rtsv7M4_T_le_v4SPD16_eabi.lib : errno.c.obj (.text:__aeabi_errno_addr)
                  00003778    00000008                                   : memory.c.obj (.text:malloc)
                  00003780    00000004                                   : printf.c.obj (.text:_outc)
                  00003784    00000004                                   : printf.c.obj (.text:_outs)
                  00003788    00000004                                   : pre_init.c.obj (.text:_system_pre_init)
                  0000378c    00000004                                   : exit.c.obj (.text:abort:abort)

.const     0    00003790    00000109     
                  00003790    00000101     rtsv7M4_T_le_v4SPD16_eabi.lib : ctype.c.obj (.const:.string:_ctypes_)
                  00003891    00000004     lcd.obj (.const:.string:lineAddress$1)
                  00003895    00000004     lcd.obj (.const:.string:lineAddresses$2)

.cinit     0    000038a0    000000a0     
                  000038a0    0000006c     (.cinit..data.load) [load image, compression = lzss]
                  0000390c    0000000c     (__TI_handler_table)
                  00003918    00000008     (.cinit..bss.load) [load image, compression = zero_init]
                  00003920    00000008     (.cinit..vtable.load) [load image, compression = zero_init]
                  00003928    00000018     (__TI_cinit_table)

.init_array 
*          0    00000000    00000000     UNINITIALIZED

.vtable    0    20000000    0000026c     UNINITIALIZED
                  20000000    0000026c     driverlib.lib : interrupt.obj (.vtable)

.stack     0    20000270    00001000     UNINITIALIZED
                  20000270    00000004     rtsv7M4_T_le_v4SPD16_eabi.lib : boot_cortex_m.c.obj (.stack)
                  20000274    00000ffc     --HOLE--

.sysmem    0    20001270    00001000     UNINITIALIZED
                  20001270    00000010     rtsv7M4_T_le_v4SPD16_eabi.lib : memory.c.obj (.sysmem)
                  20001280    00000ff0     --HOLE--

.bss       0    20002270    00000231     UNINITIALIZED
                  20002270    00000120     rtsv7M4_T_le_v4SPD16_eabi.lib : trgmsg.c.obj (.bss:_CIOBUF_)
                  20002390    000000a0     (.common:__TI_tmpnams)
                  20002430    00000054     lcd.obj (.bss:lastbuffer$3)
                  20002484    00000008     (.common:parmbuf)
                  2000248c    00000004     (.common:_timeout_ticks)
                  20002490    00000004     (.common:fallingEdge)
                  20002494    00000004     (.common:isr_int_value)
                  20002498    00000004     (.common:pulseLength)
                  2000249c    00000004     (.common:risingEdge)
                  200024a0    00000001     (.common:isRisingEdge)

.data      0    200024a4    000001e9     UNINITIALIZED
                  200024a4    000000f0     rtsv7M4_T_le_v4SPD16_eabi.lib : defs.c.obj (.data:_ftable)
                  20002594    00000078                                   : host_device.c.obj (.data:_device)
                  2000260c    00000050                                   : host_device.c.obj (.data:_stream)
                  2000265c    00000010                                   : defs.c.obj (.data)
                  2000266c    0000000c                                   : exit.c.obj (.data:$O1$$)
                  20002678    00000008                                   : _lock.c.obj (.data:$O1$$)
                  20002680    00000008                                   : memory.c.obj (.data:$O1$$)
                  20002688    00000004                                   : errno.c.obj (.data)
                  2000268c    00000001     Timer.obj (.data)

MODULE SUMMARY

       Module                         code    ro data   rw data
       ------                         ----    -------   -------
    .\
       lcd.obj                        824     8         84     
       tm4c123gh6pm_startup_ccs.obj   12      620       0      
       Timer.obj                      584     0         5      
       uart.obj                       252     0         0      
       lab5_template.obj              62      0         0      
    +--+------------------------------+-------+---------+---------+
       Total:                         1734    628       89     
                                                               
    ../libcybotScan.lib
       ping.obj                       444     0         13     
       ir.obj                         220     0         4      
       servo.obj                      196     0         0      
       cyBot_Scan.obj                 72      0         0      
    +--+------------------------------+-------+---------+---------+
       Total:                         932     0         17     
                                                               
    C:/ti/TivaWare_C_Series-2.1.4.178/driverlib/ccs/Debug/driverlib.lib
       interrupt.obj                  68      0         620    
       cpu.obj                        12      0         0      
    +--+------------------------------+-------+---------+---------+
       Total:                         80      0         620    
                                                               
    C:\ti\ccs910\ccs\tools\compiler\ti-cgt-arm_18.12.2.LTS\lib\rtsv7M4_T_le_v4SPD16_eabi.lib
       _printfi.c.obj                 4851    0         0      
       memory.c.obj                   676     0         8      
       fd_add_t2.asm.obj              438     0         0      
       defs.c.obj                     0       0         416    
       trgmsg.c.obj                   108     0         288    
       fd_div_t2.asm.obj              310     0         0      
       fputs.c.obj                    276     0         0      
       s_scalbn.c.obj                 272     0         0      
       fd_cmp_t2.asm.obj              268     0         0      
       ctype.c.obj                    0       257       0      
       fd_mul_t2.asm.obj              252     0         0      
       setvbuf.c.obj                  220     0         0      
       host_device.c.obj              0       0         200    
       memcpy_t2.asm.obj              156     0         0      
       ull_div_t2.asm.obj             150     0         0      
       fputc.c.obj                    140     0         0      
       vsnprintf.c.obj                136     0         0      
       memset_t2.asm.obj              122     0         0      
       fclose.c.obj                   116     0         0      
       getdevice.c.obj                116     0         0      
       printf.c.obj                   112     0         0      
       copy_decompress_lzss.c.obj     104     0         0      
       hostlseek.c.obj                104     0         0      
       hostopen.c.obj                 96      0         8      
       hostrename.c.obj               104     0         0      
       fseek.c.obj                    100     0         0      
       s_frexp.c.obj                  100     0         0      
       _io_perm.c.obj                 98      0         0      
       close.c.obj                    92      0         0      
       exit.c.obj                     76      0         12     
       hostread.c.obj                 88      0         0      
       hostwrite.c.obj                88      0         0      
       ltoa.c.obj                     84      0         0      
       atoi.c.obj                     76      0         0      
       fflush.c.obj                   76      0         0      
       fd_toi_t2.asm.obj              72      0         0      
       autoinit.c.obj                 68      0         0      
       hostclose.c.obj                68      0         0      
       hostunlink.c.obj               68      0         0      
       strncpy.c.obj                  54      0         0      
       boot_cortex_m.c.obj            52      0         0      
       fopen.c.obj                    52      0         0      
       i_tofd_t2.asm.obj              46      0         0      
       unlink.c.obj                   44      0         0      
       lseek.c.obj                    40      0         0      
       write.c.obj                    40      0         0      
       memchr.c.obj                   32      0         0      
       memccpy.c.obj                  28      0         0      
       s_copysign.c.obj               26      0         0      
       strcmp.c.obj                   24      0         0      
       strchr.c.obj                   22      0         0      
       strcpy.c.obj                   20      0         0      
       strlen.c.obj                   20      0         0      
       wcslen.c.obj                   18      0         0      
       copy_decompress_none.c.obj     14      0         0      
       copy_zero_init.c.obj           12      0         0      
       errno.c.obj                    8       0         4      
       _lock.c.obj                    2       0         8      
       pre_init.c.obj                 4       0         0      
       div0.asm.obj                   2       0         0      
    +--+------------------------------+-------+---------+---------+
       Total:                         10841   257       944    
                                                               
       Heap:                          0       0         4096   
       Stack:                         0       0         4096   
       Linker Generated:              0       160       0      
    +--+------------------------------+-------+---------+---------+
       Grand Total:                   13587   1045      9862   


LINKER GENERATED COPY TABLES

__TI_cinit_table @ 00003928 records: 3, size/record: 8, table size: 24
	.data: load addr=000038a0, load size=0000006c bytes, run addr=200024a4, run size=000001e9 bytes, compression=lzss
	.bss: load addr=00003918, load size=00000008 bytes, run addr=20002270, run size=00000231 bytes, compression=zero_init
	.vtable: load addr=00003920, load size=00000008 bytes, run addr=20000000, run size=0000026c bytes, compression=zero_init


LINKER GENERATED HANDLER TABLE

__TI_handler_table @ 0000390c records: 3, size/record: 4, table size: 12
	index: 0, handler: __TI_zero_init
	index: 1, handler: __TI_decompress_lzss
	index: 2, handler: __TI_decompress_none


GLOBAL SYMBOLS: SORTED ALPHABETICALLY BY Name 

address   name                           
-------   ----                           
0000241d  ADC0SS0_Handler                
0000378d  C$$EXIT                        
000033e7  C$$IO$$                        
0000374d  CPUcpsie                       
000031e9  HOSTclose                      
00002b45  HOSTlseek                      
00002e11  HOSTopen                       
00002ecd  HOSTread                       
00002bad  HOSTrename                     
0000322d  HOSTunlink                     
00002f25  HOSTwrite                      
0000371f  IntMasterEnable                
00003429  IntRegister                    
00003765  ResetISR                       
000017a9  TIMER3B_Handler                
20002270  __CIOBUF_                      
20001270  __STACK_END                    
00001000  __STACK_SIZE                   
20000470  __STACK_TOP                    
00001000  __SYSMEM_SIZE                  
00003928  __TI_CINIT_Base                
00003940  __TI_CINIT_Limit               
0000390c  __TI_Handler_Table_Base        
00003918  __TI_Handler_Table_Limit       
00003271  __TI_auto_init_nobinit_nopinit 
0000345d  __TI_cleanup                   
2000266c  __TI_cleanup_ptr               
00002a61  __TI_closefile                 
00002c15  __TI_decompress_lzss           
0000373f  __TI_decompress_none           
00003079  __TI_doflush                   
20002670  __TI_dtors_ptr                 
20002674  __TI_enable_exit_profile_output
2000265c  __TI_ft_end                    
ffffffff  __TI_pprof_out_hndl            
0000026d  __TI_printfi                   
ffffffff  __TI_prof_data_size            
ffffffff  __TI_prof_data_start           
00003491  __TI_readmsg                   
00000000  __TI_static_base__             
20002390  __TI_tmpnams                   
000033b9  __TI_writemsg                  
00002dad  __TI_wrt_ok                    
00003759  __TI_zero_init                 
0000285d  __aeabi_cdcmpeq                
0000285d  __aeabi_cdcmple                
000028e3  __aeabi_cdrcmple               
000031a1  __aeabi_d2iz                   
00001833  __aeabi_dadd                   
00001b1d  __aeabi_ddiv                   
00001f9d  __aeabi_dmul                   
00001829  __aeabi_dsub                   
00003771  __aeabi_errno_addr             
00003559  __aeabi_i2d                    
000019df  __aeabi_idiv0                  
000019df  __aeabi_ldiv0                  
000029e5  __aeabi_memclr                 
000029e5  __aeabi_memclr4                
000029e5  __aeabi_memclr8                
0000269f  __aeabi_memcpy                 
0000269f  __aeabi_memcpy4                
0000269f  __aeabi_memcpy8                
000029e7  __aeabi_memset                 
000029e7  __aeabi_memset4                
000029e7  __aeabi_memset8                
20002668  __aeabi_stderr                 
20002660  __aeabi_stdin                  
20002664  __aeabi_stdout                 
0000273b  __aeabi_uldivmod               
ffffffff  __binit__                      
ffffffff  __c_args__                     
UNDEFED   __mpu_init                     
20000270  __stack                        
000034c5  _c_int00_noargs                
00003790  _ctypes_                       
20002594  _device                        
200024a4  _ftable                        
20002678  _lock                          
00000cbb  _nop                           
2000268c  _running                       
2000260c  _stream                        
20001270  _sys_memory                    
UNDEFED   _system_post_cinit             
00003789  _system_pre_init               
2000248c  _timeout_ticks                 
2000267c  _unlock                        
0000378d  abort                          
00002195  aligned_alloc                  
000030c5  atoi                           
ffffffff  binit                          
00002e71  close                          
00003685  copysign                       
00003685  copysignl                      
00003169  cyBOT_Scan                     
00003159  cyBOT_init_Scan                
20002688  errno                          
00003111  exit                           
20002490  fallingEdge                    
00003529  finddevice                     
000027d1  fputc                          
00001d79  fputs                          
00002289  free                           
00002ce5  frexp                          
00002ce5  frexpl                         
00002d49  fseek                          
20000000  g_pfnRAMVectors                
00000000  g_pfnVectors                   
000032b5  getdevice                      
000023ed  ir_enableInterrupt             
000023e5  ir_getDistance                 
000023d1  ir_getValue                    
00002371  ir_init                        
200024a0  isRisingEdge                   
20002494  isr_int_value                  
0000372f  lcd_clear                      
00000e91  lcd_gotoLine                   
00000cf9  lcd_init                       
00000ef7  lcd_printf                     
00000db9  lcd_putc                       
00000df1  lcd_puts                       
00000cbd  lcd_reverseNibble              
00000e0f  lcd_sendCommand                
00000e4d  lcd_sendNibble                 
00000eb9  lcd_setCursorPos               
00001e8d  ldexp                          
00001e8d  ldexpl                         
000035dd  lseek                          
00002fd3  ltoa                           
00003379  main                           
00003779  malloc                         
00002195  memalign                       
00003669  memccpy                        
0000362d  memchr                         
0000269f  memcpy                         
000029ed  memset                         
20002484  parmbuf                        
00001773  ping_getDistance               
000016d1  ping_init                      
0000166d  ping_trigger                   
00002c7d  printf                         
20002498  pulseLength                    
000027d1  putc                           
00003589  remove                         
2000249c  risingEdge                     
00001e8d  scalbn                         
00001e8d  scalbnl                        
00002567  servo_init                     
00002547  servo_move                     
00002535  servo_setPWM                   
00002529  servo_stop                     
0000244d  setvbuf                        
000036cf  strchr                         
000036b7  strcmp                         
000036e5  strcpy                         
000036f9  strlen                         
000033f1  strncpy                        
00001373  timer_getMicros                
0000131b  timer_getMillis                
00001255  timer_init                     
000012f7  timer_pause                    
00001309  timer_resume                   
000012cd  timer_stop                     
000013cd  timer_waitMicros               
00001401  timer_waitMillis               
00002099  uart_init                      
00002137  uart_receive                   
0000211b  uart_sendChar                  
00002153  uart_sendStr                   
00003589  unlink                         
000032f9  vsnprintf                      
0000370d  wcslen                         
00003605  write                          


GLOBAL SYMBOLS: SORTED BY Symbol Address 

address   name                           
-------   ----                           
00000000  __TI_static_base__             
00000000  g_pfnVectors                   
0000026d  __TI_printfi                   
00000cbb  _nop                           
00000cbd  lcd_reverseNibble              
00000cf9  lcd_init                       
00000db9  lcd_putc                       
00000df1  lcd_puts                       
00000e0f  lcd_sendCommand                
00000e4d  lcd_sendNibble                 
00000e91  lcd_gotoLine                   
00000eb9  lcd_setCursorPos               
00000ef7  lcd_printf                     
00001000  __STACK_SIZE                   
00001000  __SYSMEM_SIZE                  
00001255  timer_init                     
000012cd  timer_stop                     
000012f7  timer_pause                    
00001309  timer_resume                   
0000131b  timer_getMillis                
00001373  timer_getMicros                
000013cd  timer_waitMicros               
00001401  timer_waitMillis               
0000166d  ping_trigger                   
000016d1  ping_init                      
00001773  ping_getDistance               
000017a9  TIMER3B_Handler                
00001829  __aeabi_dsub                   
00001833  __aeabi_dadd                   
000019df  __aeabi_idiv0                  
000019df  __aeabi_ldiv0                  
00001b1d  __aeabi_ddiv                   
00001d79  fputs                          
00001e8d  ldexp                          
00001e8d  ldexpl                         
00001e8d  scalbn                         
00001e8d  scalbnl                        
00001f9d  __aeabi_dmul                   
00002099  uart_init                      
0000211b  uart_sendChar                  
00002137  uart_receive                   
00002153  uart_sendStr                   
00002195  aligned_alloc                  
00002195  memalign                       
00002289  free                           
00002371  ir_init                        
000023d1  ir_getValue                    
000023e5  ir_getDistance                 
000023ed  ir_enableInterrupt             
0000241d  ADC0SS0_Handler                
0000244d  setvbuf                        
00002529  servo_stop                     
00002535  servo_setPWM                   
00002547  servo_move                     
00002567  servo_init                     
0000269f  __aeabi_memcpy                 
0000269f  __aeabi_memcpy4                
0000269f  __aeabi_memcpy8                
0000269f  memcpy                         
0000273b  __aeabi_uldivmod               
000027d1  fputc                          
000027d1  putc                           
0000285d  __aeabi_cdcmpeq                
0000285d  __aeabi_cdcmple                
000028e3  __aeabi_cdrcmple               
000029e5  __aeabi_memclr                 
000029e5  __aeabi_memclr4                
000029e5  __aeabi_memclr8                
000029e7  __aeabi_memset                 
000029e7  __aeabi_memset4                
000029e7  __aeabi_memset8                
000029ed  memset                         
00002a61  __TI_closefile                 
00002b45  HOSTlseek                      
00002bad  HOSTrename                     
00002c15  __TI_decompress_lzss           
00002c7d  printf                         
00002ce5  frexp                          
00002ce5  frexpl                         
00002d49  fseek                          
00002dad  __TI_wrt_ok                    
00002e11  HOSTopen                       
00002e71  close                          
00002ecd  HOSTread                       
00002f25  HOSTwrite                      
00002fd3  ltoa                           
00003079  __TI_doflush                   
000030c5  atoi                           
00003111  exit                           
00003159  cyBOT_init_Scan                
00003169  cyBOT_Scan                     
000031a1  __aeabi_d2iz                   
000031e9  HOSTclose                      
0000322d  HOSTunlink                     
00003271  __TI_auto_init_nobinit_nopinit 
000032b5  getdevice                      
000032f9  vsnprintf                      
00003379  main                           
000033b9  __TI_writemsg                  
000033e7  C$$IO$$                        
000033f1  strncpy                        
00003429  IntRegister                    
0000345d  __TI_cleanup                   
00003491  __TI_readmsg                   
000034c5  _c_int00_noargs                
00003529  finddevice                     
00003559  __aeabi_i2d                    
00003589  remove                         
00003589  unlink                         
000035dd  lseek                          
00003605  write                          
0000362d  memchr                         
00003669  memccpy                        
00003685  copysign                       
00003685  copysignl                      
000036b7  strcmp                         
000036cf  strchr                         
000036e5  strcpy                         
000036f9  strlen                         
0000370d  wcslen                         
0000371f  IntMasterEnable                
0000372f  lcd_clear                      
0000373f  __TI_decompress_none           
0000374d  CPUcpsie                       
00003759  __TI_zero_init                 
00003765  ResetISR                       
00003771  __aeabi_errno_addr             
00003779  malloc                         
00003789  _system_pre_init               
0000378d  C$$EXIT                        
0000378d  abort                          
00003790  _ctypes_                       
0000390c  __TI_Handler_Table_Base        
00003918  __TI_Handler_Table_Limit       
00003928  __TI_CINIT_Base                
00003940  __TI_CINIT_Limit               
20000000  g_pfnRAMVectors                
20000270  __stack                        
20000470  __STACK_TOP                    
20001270  __STACK_END                    
20001270  _sys_memory                    
20002270  __CIOBUF_                      
20002390  __TI_tmpnams                   
20002484  parmbuf                        
2000248c  _timeout_ticks                 
20002490  fallingEdge                    
20002494  isr_int_value                  
20002498  pulseLength                    
2000249c  risingEdge                     
200024a0  isRisingEdge                   
200024a4  _ftable                        
20002594  _device                        
2000260c  _stream                        
2000265c  __TI_ft_end                    
20002660  __aeabi_stdin                  
20002664  __aeabi_stdout                 
20002668  __aeabi_stderr                 
2000266c  __TI_cleanup_ptr               
20002670  __TI_dtors_ptr                 
20002674  __TI_enable_exit_profile_output
20002678  _lock                          
2000267c  _unlock                        
20002688  errno                          
2000268c  _running                       
ffffffff  __TI_pprof_out_hndl            
ffffffff  __TI_prof_data_size            
ffffffff  __TI_prof_data_start           
ffffffff  __binit__                      
ffffffff  __c_args__                     
ffffffff  binit                          
UNDEFED   __mpu_init                     
UNDEFED   _system_post_cinit             

[172 symbols]
