<?xml version="1.0" encoding="ISO-8859-1" ?>
<link_info>
   <banner>TI ARM Linker PC v18.12.2.LTS</banner>
   <copyright>Copyright (c) 1996-2018 Texas Instruments Incorporated</copyright>
   <link_time>0x5e4c93c8</link_time>
   <link_errors>0x0</link_errors>
   <output_file>Lab5.out</output_file>
   <entry_point>
      <name>_c_int00_noargs</name>
      <address>0x34c5</address>
   </entry_point>
   <input_file_list>
      <input_file id="fl-2">
         <path>.\</path>
         <kind>object</kind>
         <file>Timer.obj</file>
         <name>Timer.obj</name>
      </input_file>
      <input_file id="fl-3">
         <path>.\</path>
         <kind>object</kind>
         <file>button.obj</file>
         <name>button.obj</name>
      </input_file>
      <input_file id="fl-4">
         <path>.\</path>
         <kind>object</kind>
         <file>lab5_template.obj</file>
         <name>lab5_template.obj</name>
      </input_file>
      <input_file id="fl-5">
         <path>.\</path>
         <kind>object</kind>
         <file>lcd.obj</file>
         <name>lcd.obj</name>
      </input_file>
      <input_file id="fl-6">
         <path>.\</path>
         <kind>object</kind>
         <file>open_interface.obj</file>
         <name>open_interface.obj</name>
      </input_file>
      <input_file id="fl-7">
         <path>.\</path>
         <kind>object</kind>
         <file>tm4c123gh6pm_startup_ccs.obj</file>
         <name>tm4c123gh6pm_startup_ccs.obj</name>
      </input_file>
      <input_file id="fl-8">
         <path>.\</path>
         <kind>object</kind>
         <file>uart.obj</file>
         <name>uart.obj</name>
      </input_file>
      <input_file id="fl-f">
         <kind>object</kind>
         <file>&lt;internal&gt;</file>
         <name>&lt;internal&gt;</name>
      </input_file>
      <input_file id="fl-10">
         <path>..\</path>
         <kind>archive</kind>
         <file>libcybotScan.lib</file>
         <name>cyBot_Scan.obj</name>
      </input_file>
      <input_file id="fl-11">
         <path>..\</path>
         <kind>archive</kind>
         <file>libcybotScan.lib</file>
         <name>ir.obj</name>
      </input_file>
      <input_file id="fl-12">
         <path>..\</path>
         <kind>archive</kind>
         <file>libcybotScan.lib</file>
         <name>ping.obj</name>
      </input_file>
      <input_file id="fl-13">
         <path>..\</path>
         <kind>archive</kind>
         <file>libcybotScan.lib</file>
         <name>servo.obj</name>
      </input_file>
      <input_file id="fl-c9">
         <path>C:\ti\ccs910\ccs\tools\compiler\ti-cgt-arm_18.12.2.LTS\lib\</path>
         <kind>archive</kind>
         <file>rtsv7M4_T_le_v4SPD16_eabi.lib</file>
         <name>printf.c.obj</name>
      </input_file>
      <input_file id="fl-ca">
         <path>C:\ti\ccs910\ccs\tools\compiler\ti-cgt-arm_18.12.2.LTS\lib\</path>
         <kind>archive</kind>
         <file>rtsv7M4_T_le_v4SPD16_eabi.lib</file>
         <name>_printfi.c.obj</name>
      </input_file>
      <input_file id="fl-cb">
         <path>C:\ti\ccs910\ccs\tools\compiler\ti-cgt-arm_18.12.2.LTS\lib\</path>
         <kind>archive</kind>
         <file>rtsv7M4_T_le_v4SPD16_eabi.lib</file>
         <name>vsnprintf.c.obj</name>
      </input_file>
      <input_file id="fl-cc">
         <path>C:\ti\ccs910\ccs\tools\compiler\ti-cgt-arm_18.12.2.LTS\lib\</path>
         <kind>archive</kind>
         <file>rtsv7M4_T_le_v4SPD16_eabi.lib</file>
         <name>fputc.c.obj</name>
      </input_file>
      <input_file id="fl-cd">
         <path>C:\ti\ccs910\ccs\tools\compiler\ti-cgt-arm_18.12.2.LTS\lib\</path>
         <kind>archive</kind>
         <file>rtsv7M4_T_le_v4SPD16_eabi.lib</file>
         <name>fputs.c.obj</name>
      </input_file>
      <input_file id="fl-ce">
         <path>C:\ti\ccs910\ccs\tools\compiler\ti-cgt-arm_18.12.2.LTS\lib\</path>
         <kind>archive</kind>
         <file>rtsv7M4_T_le_v4SPD16_eabi.lib</file>
         <name>_io_perm.c.obj</name>
      </input_file>
      <input_file id="fl-cf">
         <path>C:\ti\ccs910\ccs\tools\compiler\ti-cgt-arm_18.12.2.LTS\lib\</path>
         <kind>archive</kind>
         <file>rtsv7M4_T_le_v4SPD16_eabi.lib</file>
         <name>setvbuf.c.obj</name>
      </input_file>
      <input_file id="fl-d0">
         <path>C:\ti\ccs910\ccs\tools\compiler\ti-cgt-arm_18.12.2.LTS\lib\</path>
         <kind>archive</kind>
         <file>rtsv7M4_T_le_v4SPD16_eabi.lib</file>
         <name>s_frexp.c.obj</name>
      </input_file>
      <input_file id="fl-d1">
         <path>C:\ti\ccs910\ccs\tools\compiler\ti-cgt-arm_18.12.2.LTS\lib\</path>
         <kind>archive</kind>
         <file>rtsv7M4_T_le_v4SPD16_eabi.lib</file>
         <name>s_scalbn.c.obj</name>
      </input_file>
      <input_file id="fl-d2">
         <path>C:\ti\ccs910\ccs\tools\compiler\ti-cgt-arm_18.12.2.LTS\lib\</path>
         <kind>archive</kind>
         <file>rtsv7M4_T_le_v4SPD16_eabi.lib</file>
         <name>ull_div_t2.asm.obj</name>
      </input_file>
      <input_file id="fl-d3">
         <path>C:\ti\ccs910\ccs\tools\compiler\ti-cgt-arm_18.12.2.LTS\lib\</path>
         <kind>archive</kind>
         <file>rtsv7M4_T_le_v4SPD16_eabi.lib</file>
         <name>memset_t2.asm.obj</name>
      </input_file>
      <input_file id="fl-d4">
         <path>C:\ti\ccs910\ccs\tools\compiler\ti-cgt-arm_18.12.2.LTS\lib\</path>
         <kind>archive</kind>
         <file>rtsv7M4_T_le_v4SPD16_eabi.lib</file>
         <name>fd_add_t2.asm.obj</name>
      </input_file>
      <input_file id="fl-d5">
         <path>C:\ti\ccs910\ccs\tools\compiler\ti-cgt-arm_18.12.2.LTS\lib\</path>
         <kind>archive</kind>
         <file>rtsv7M4_T_le_v4SPD16_eabi.lib</file>
         <name>fd_cmp_t2.asm.obj</name>
      </input_file>
      <input_file id="fl-d6">
         <path>C:\ti\ccs910\ccs\tools\compiler\ti-cgt-arm_18.12.2.LTS\lib\</path>
         <kind>archive</kind>
         <file>rtsv7M4_T_le_v4SPD16_eabi.lib</file>
         <name>fd_div_t2.asm.obj</name>
      </input_file>
      <input_file id="fl-d7">
         <path>C:\ti\ccs910\ccs\tools\compiler\ti-cgt-arm_18.12.2.LTS\lib\</path>
         <kind>archive</kind>
         <file>rtsv7M4_T_le_v4SPD16_eabi.lib</file>
         <name>fd_mul_t2.asm.obj</name>
      </input_file>
      <input_file id="fl-d8">
         <path>C:\ti\ccs910\ccs\tools\compiler\ti-cgt-arm_18.12.2.LTS\lib\</path>
         <kind>archive</kind>
         <file>rtsv7M4_T_le_v4SPD16_eabi.lib</file>
         <name>fd_toi_t2.asm.obj</name>
      </input_file>
      <input_file id="fl-d9">
         <path>C:\ti\ccs910\ccs\tools\compiler\ti-cgt-arm_18.12.2.LTS\lib\</path>
         <kind>archive</kind>
         <file>rtsv7M4_T_le_v4SPD16_eabi.lib</file>
         <name>fd_tos_t2.asm.obj</name>
      </input_file>
      <input_file id="fl-da">
         <path>C:\ti\ccs910\ccs\tools\compiler\ti-cgt-arm_18.12.2.LTS\lib\</path>
         <kind>archive</kind>
         <file>rtsv7M4_T_le_v4SPD16_eabi.lib</file>
         <name>fs_tod_t2.asm.obj</name>
      </input_file>
      <input_file id="fl-db">
         <path>C:\ti\ccs910\ccs\tools\compiler\ti-cgt-arm_18.12.2.LTS\lib\</path>
         <kind>archive</kind>
         <file>rtsv7M4_T_le_v4SPD16_eabi.lib</file>
         <name>i_tofd_t2.asm.obj</name>
      </input_file>
      <input_file id="fl-dc">
         <path>C:\ti\ccs910\ccs\tools\compiler\ti-cgt-arm_18.12.2.LTS\lib\</path>
         <kind>archive</kind>
         <file>rtsv7M4_T_le_v4SPD16_eabi.lib</file>
         <name>memcpy_t2.asm.obj</name>
      </input_file>
      <input_file id="fl-dd">
         <path>C:\ti\ccs910\ccs\tools\compiler\ti-cgt-arm_18.12.2.LTS\lib\</path>
         <kind>archive</kind>
         <file>rtsv7M4_T_le_v4SPD16_eabi.lib</file>
         <name>copy_zero_init.c.obj</name>
      </input_file>
      <input_file id="fl-de">
         <path>C:\ti\ccs910\ccs\tools\compiler\ti-cgt-arm_18.12.2.LTS\lib\</path>
         <kind>archive</kind>
         <file>rtsv7M4_T_le_v4SPD16_eabi.lib</file>
         <name>copy_decompress_none.c.obj</name>
      </input_file>
      <input_file id="fl-df">
         <path>C:\ti\ccs910\ccs\tools\compiler\ti-cgt-arm_18.12.2.LTS\lib\</path>
         <kind>archive</kind>
         <file>rtsv7M4_T_le_v4SPD16_eabi.lib</file>
         <name>copy_decompress_lzss.c.obj</name>
      </input_file>
      <input_file id="fl-e0">
         <path>C:\ti\ccs910\ccs\tools\compiler\ti-cgt-arm_18.12.2.LTS\lib\</path>
         <kind>archive</kind>
         <file>rtsv7M4_T_le_v4SPD16_eabi.lib</file>
         <name>exit.c.obj</name>
      </input_file>
      <input_file id="fl-e1">
         <path>C:\ti\ccs910\ccs\tools\compiler\ti-cgt-arm_18.12.2.LTS\lib\</path>
         <kind>archive</kind>
         <file>rtsv7M4_T_le_v4SPD16_eabi.lib</file>
         <name>_lock.c.obj</name>
      </input_file>
      <input_file id="fl-e2">
         <path>C:\ti\ccs910\ccs\tools\compiler\ti-cgt-arm_18.12.2.LTS\lib\</path>
         <kind>archive</kind>
         <file>rtsv7M4_T_le_v4SPD16_eabi.lib</file>
         <name>atoi.c.obj</name>
      </input_file>
      <input_file id="fl-e3">
         <path>C:\ti\ccs910\ccs\tools\compiler\ti-cgt-arm_18.12.2.LTS\lib\</path>
         <kind>archive</kind>
         <file>rtsv7M4_T_le_v4SPD16_eabi.lib</file>
         <name>ctype.c.obj</name>
      </input_file>
      <input_file id="fl-e4">
         <path>C:\ti\ccs910\ccs\tools\compiler\ti-cgt-arm_18.12.2.LTS\lib\</path>
         <kind>archive</kind>
         <file>rtsv7M4_T_le_v4SPD16_eabi.lib</file>
         <name>defs.c.obj</name>
      </input_file>
      <input_file id="fl-e5">
         <path>C:\ti\ccs910\ccs\tools\compiler\ti-cgt-arm_18.12.2.LTS\lib\</path>
         <kind>archive</kind>
         <file>rtsv7M4_T_le_v4SPD16_eabi.lib</file>
         <name>ltoa.c.obj</name>
      </input_file>
      <input_file id="fl-e6">
         <path>C:\ti\ccs910\ccs\tools\compiler\ti-cgt-arm_18.12.2.LTS\lib\</path>
         <kind>archive</kind>
         <file>rtsv7M4_T_le_v4SPD16_eabi.lib</file>
         <name>memccpy.c.obj</name>
      </input_file>
      <input_file id="fl-e7">
         <path>C:\ti\ccs910\ccs\tools\compiler\ti-cgt-arm_18.12.2.LTS\lib\</path>
         <kind>archive</kind>
         <file>rtsv7M4_T_le_v4SPD16_eabi.lib</file>
         <name>memchr.c.obj</name>
      </input_file>
      <input_file id="fl-e8">
         <path>C:\ti\ccs910\ccs\tools\compiler\ti-cgt-arm_18.12.2.LTS\lib\</path>
         <kind>archive</kind>
         <file>rtsv7M4_T_le_v4SPD16_eabi.lib</file>
         <name>memory.c.obj</name>
      </input_file>
      <input_file id="fl-e9">
         <path>C:\ti\ccs910\ccs\tools\compiler\ti-cgt-arm_18.12.2.LTS\lib\</path>
         <kind>archive</kind>
         <file>rtsv7M4_T_le_v4SPD16_eabi.lib</file>
         <name>strchr.c.obj</name>
      </input_file>
      <input_file id="fl-ea">
         <path>C:\ti\ccs910\ccs\tools\compiler\ti-cgt-arm_18.12.2.LTS\lib\</path>
         <kind>archive</kind>
         <file>rtsv7M4_T_le_v4SPD16_eabi.lib</file>
         <name>strcmp.c.obj</name>
      </input_file>
      <input_file id="fl-eb">
         <path>C:\ti\ccs910\ccs\tools\compiler\ti-cgt-arm_18.12.2.LTS\lib\</path>
         <kind>archive</kind>
         <file>rtsv7M4_T_le_v4SPD16_eabi.lib</file>
         <name>strcpy.c.obj</name>
      </input_file>
      <input_file id="fl-ec">
         <path>C:\ti\ccs910\ccs\tools\compiler\ti-cgt-arm_18.12.2.LTS\lib\</path>
         <kind>archive</kind>
         <file>rtsv7M4_T_le_v4SPD16_eabi.lib</file>
         <name>strlen.c.obj</name>
      </input_file>
      <input_file id="fl-ed">
         <path>C:\ti\ccs910\ccs\tools\compiler\ti-cgt-arm_18.12.2.LTS\lib\</path>
         <kind>archive</kind>
         <file>rtsv7M4_T_le_v4SPD16_eabi.lib</file>
         <name>write.c.obj</name>
      </input_file>
      <input_file id="fl-ee">
         <path>C:\ti\ccs910\ccs\tools\compiler\ti-cgt-arm_18.12.2.LTS\lib\</path>
         <kind>archive</kind>
         <file>rtsv7M4_T_le_v4SPD16_eabi.lib</file>
         <name>host_device.c.obj</name>
      </input_file>
      <input_file id="fl-ef">
         <path>C:\ti\ccs910\ccs\tools\compiler\ti-cgt-arm_18.12.2.LTS\lib\</path>
         <kind>archive</kind>
         <file>rtsv7M4_T_le_v4SPD16_eabi.lib</file>
         <name>boot_cortex_m.c.obj</name>
      </input_file>
      <input_file id="fl-f0">
         <path>C:\ti\ccs910\ccs\tools\compiler\ti-cgt-arm_18.12.2.LTS\lib\</path>
         <kind>archive</kind>
         <file>rtsv7M4_T_le_v4SPD16_eabi.lib</file>
         <name>errno.c.obj</name>
      </input_file>
      <input_file id="fl-f1">
         <path>C:\ti\ccs910\ccs\tools\compiler\ti-cgt-arm_18.12.2.LTS\lib\</path>
         <kind>archive</kind>
         <file>rtsv7M4_T_le_v4SPD16_eabi.lib</file>
         <name>wcslen.c.obj</name>
      </input_file>
      <input_file id="fl-f2">
         <path>C:\ti\ccs910\ccs\tools\compiler\ti-cgt-arm_18.12.2.LTS\lib\</path>
         <kind>archive</kind>
         <file>rtsv7M4_T_le_v4SPD16_eabi.lib</file>
         <name>s_copysign.c.obj</name>
      </input_file>
      <input_file id="fl-f3">
         <path>C:\ti\ccs910\ccs\tools\compiler\ti-cgt-arm_18.12.2.LTS\lib\</path>
         <kind>archive</kind>
         <file>rtsv7M4_T_le_v4SPD16_eabi.lib</file>
         <name>fflush.c.obj</name>
      </input_file>
      <input_file id="fl-f4">
         <path>C:\ti\ccs910\ccs\tools\compiler\ti-cgt-arm_18.12.2.LTS\lib\</path>
         <kind>archive</kind>
         <file>rtsv7M4_T_le_v4SPD16_eabi.lib</file>
         <name>fopen.c.obj</name>
      </input_file>
      <input_file id="fl-f5">
         <path>C:\ti\ccs910\ccs\tools\compiler\ti-cgt-arm_18.12.2.LTS\lib\</path>
         <kind>archive</kind>
         <file>rtsv7M4_T_le_v4SPD16_eabi.lib</file>
         <name>fseek.c.obj</name>
      </input_file>
      <input_file id="fl-f6">
         <path>C:\ti\ccs910\ccs\tools\compiler\ti-cgt-arm_18.12.2.LTS\lib\</path>
         <kind>archive</kind>
         <file>rtsv7M4_T_le_v4SPD16_eabi.lib</file>
         <name>div0.asm.obj</name>
      </input_file>
      <input_file id="fl-f7">
         <path>C:\ti\ccs910\ccs\tools\compiler\ti-cgt-arm_18.12.2.LTS\lib\</path>
         <kind>archive</kind>
         <file>rtsv7M4_T_le_v4SPD16_eabi.lib</file>
         <name>autoinit.c.obj</name>
      </input_file>
      <input_file id="fl-f8">
         <path>C:\ti\ccs910\ccs\tools\compiler\ti-cgt-arm_18.12.2.LTS\lib\</path>
         <kind>archive</kind>
         <file>rtsv7M4_T_le_v4SPD16_eabi.lib</file>
         <name>pre_init.c.obj</name>
      </input_file>
      <input_file id="fl-f9">
         <path>C:\ti\ccs910\ccs\tools\compiler\ti-cgt-arm_18.12.2.LTS\lib\</path>
         <kind>archive</kind>
         <file>rtsv7M4_T_le_v4SPD16_eabi.lib</file>
         <name>cpy_tbl.c.obj</name>
      </input_file>
      <input_file id="fl-fa">
         <path>C:\ti\ccs910\ccs\tools\compiler\ti-cgt-arm_18.12.2.LTS\lib\</path>
         <kind>archive</kind>
         <file>rtsv7M4_T_le_v4SPD16_eabi.lib</file>
         <name>args_main.c.obj</name>
      </input_file>
      <input_file id="fl-fb">
         <path>C:\ti\ccs910\ccs\tools\compiler\ti-cgt-arm_18.12.2.LTS\lib\</path>
         <kind>archive</kind>
         <file>rtsv7M4_T_le_v4SPD16_eabi.lib</file>
         <name>hostclose.c.obj</name>
      </input_file>
      <input_file id="fl-fc">
         <path>C:\ti\ccs910\ccs\tools\compiler\ti-cgt-arm_18.12.2.LTS\lib\</path>
         <kind>archive</kind>
         <file>rtsv7M4_T_le_v4SPD16_eabi.lib</file>
         <name>hostlseek.c.obj</name>
      </input_file>
      <input_file id="fl-fd">
         <path>C:\ti\ccs910\ccs\tools\compiler\ti-cgt-arm_18.12.2.LTS\lib\</path>
         <kind>archive</kind>
         <file>rtsv7M4_T_le_v4SPD16_eabi.lib</file>
         <name>hostopen.c.obj</name>
      </input_file>
      <input_file id="fl-fe">
         <path>C:\ti\ccs910\ccs\tools\compiler\ti-cgt-arm_18.12.2.LTS\lib\</path>
         <kind>archive</kind>
         <file>rtsv7M4_T_le_v4SPD16_eabi.lib</file>
         <name>hostread.c.obj</name>
      </input_file>
      <input_file id="fl-ff">
         <path>C:\ti\ccs910\ccs\tools\compiler\ti-cgt-arm_18.12.2.LTS\lib\</path>
         <kind>archive</kind>
         <file>rtsv7M4_T_le_v4SPD16_eabi.lib</file>
         <name>hostrename.c.obj</name>
      </input_file>
      <input_file id="fl-100">
         <path>C:\ti\ccs910\ccs\tools\compiler\ti-cgt-arm_18.12.2.LTS\lib\</path>
         <kind>archive</kind>
         <file>rtsv7M4_T_le_v4SPD16_eabi.lib</file>
         <name>hostunlink.c.obj</name>
      </input_file>
      <input_file id="fl-101">
         <path>C:\ti\ccs910\ccs\tools\compiler\ti-cgt-arm_18.12.2.LTS\lib\</path>
         <kind>archive</kind>
         <file>rtsv7M4_T_le_v4SPD16_eabi.lib</file>
         <name>hostwrite.c.obj</name>
      </input_file>
      <input_file id="fl-102">
         <path>C:\ti\ccs910\ccs\tools\compiler\ti-cgt-arm_18.12.2.LTS\lib\</path>
         <kind>archive</kind>
         <file>rtsv7M4_T_le_v4SPD16_eabi.lib</file>
         <name>trgmsg.c.obj</name>
      </input_file>
      <input_file id="fl-103">
         <path>C:\ti\ccs910\ccs\tools\compiler\ti-cgt-arm_18.12.2.LTS\lib\</path>
         <kind>archive</kind>
         <file>rtsv7M4_T_le_v4SPD16_eabi.lib</file>
         <name>open.c.obj</name>
      </input_file>
      <input_file id="fl-104">
         <path>C:\ti\ccs910\ccs\tools\compiler\ti-cgt-arm_18.12.2.LTS\lib\</path>
         <kind>archive</kind>
         <file>rtsv7M4_T_le_v4SPD16_eabi.lib</file>
         <name>lseek.c.obj</name>
      </input_file>
      <input_file id="fl-105">
         <path>C:\ti\ccs910\ccs\tools\compiler\ti-cgt-arm_18.12.2.LTS\lib\</path>
         <kind>archive</kind>
         <file>rtsv7M4_T_le_v4SPD16_eabi.lib</file>
         <name>fclose.c.obj</name>
      </input_file>
      <input_file id="fl-106">
         <path>C:\ti\ccs910\ccs\tools\compiler\ti-cgt-arm_18.12.2.LTS\lib\</path>
         <kind>archive</kind>
         <file>rtsv7M4_T_le_v4SPD16_eabi.lib</file>
         <name>getdevice.c.obj</name>
      </input_file>
      <input_file id="fl-107">
         <path>C:\ti\ccs910\ccs\tools\compiler\ti-cgt-arm_18.12.2.LTS\lib\</path>
         <kind>archive</kind>
         <file>rtsv7M4_T_le_v4SPD16_eabi.lib</file>
         <name>strncpy.c.obj</name>
      </input_file>
      <input_file id="fl-108">
         <path>C:\ti\ccs910\ccs\tools\compiler\ti-cgt-arm_18.12.2.LTS\lib\</path>
         <kind>archive</kind>
         <file>rtsv7M4_T_le_v4SPD16_eabi.lib</file>
         <name>remove.c.obj</name>
      </input_file>
      <input_file id="fl-109">
         <path>C:\ti\ccs910\ccs\tools\compiler\ti-cgt-arm_18.12.2.LTS\lib\</path>
         <kind>archive</kind>
         <file>rtsv7M4_T_le_v4SPD16_eabi.lib</file>
         <name>close.c.obj</name>
      </input_file>
      <input_file id="fl-10a">
         <path>C:\ti\ccs910\ccs\tools\compiler\ti-cgt-arm_18.12.2.LTS\lib\</path>
         <kind>archive</kind>
         <file>rtsv7M4_T_le_v4SPD16_eabi.lib</file>
         <name>unlink.c.obj</name>
      </input_file>
      <input_file id="fl-10b">
         <path>C:\ti\TivaWare_C_Series-2.1.4.178\driverlib\ccs\Debug\</path>
         <kind>archive</kind>
         <file>driverlib.lib</file>
         <name>interrupt.obj</name>
      </input_file>
      <input_file id="fl-10c">
         <path>C:\ti\TivaWare_C_Series-2.1.4.178\driverlib\ccs\Debug\</path>
         <kind>archive</kind>
         <file>driverlib.lib</file>
         <name>cpu.obj</name>
      </input_file>
   </input_file_list>
   <object_component_list>
      <object_component id="oc-f">
         <name>.intvecs</name>
         <load_address>0x0</load_address>
         <run_address>0x0</run_address>
         <size>0x26c</size>
         <input_file_ref idref="fl-7"/>
      </object_component>
      <object_component id="oc-177">
         <name>.text:__TI_printfi</name>
         <load_address>0x26c</load_address>
         <run_address>0x26c</run_address>
         <size>0xa4e</size>
         <input_file_ref idref="fl-ca"/>
      </object_component>
      <object_component id="oc-255">
         <name>.text:_nop</name>
         <load_address>0xcba</load_address>
         <run_address>0xcba</run_address>
         <size>0x2</size>
         <input_file_ref idref="fl-e1"/>
      </object_component>
      <object_component id="oc-da">
         <name>.text</name>
         <load_address>0xcbc</load_address>
         <run_address>0xcbc</run_address>
         <size>0x328</size>
         <input_file_ref idref="fl-5"/>
      </object_component>
      <object_component id="oc-231">
         <name>.text:_pconv_a</name>
         <load_address>0xfe4</load_address>
         <run_address>0xfe4</run_address>
         <size>0x270</size>
         <input_file_ref idref="fl-ca"/>
      </object_component>
      <object_component id="oc-d4">
         <name>.text</name>
         <load_address>0x1254</load_address>
         <run_address>0x1254</run_address>
         <size>0x248</size>
         <input_file_ref idref="fl-2"/>
      </object_component>
      <object_component id="oc-21f">
         <name>.text:_pconv_g</name>
         <load_address>0x149c</load_address>
         <run_address>0x149c</run_address>
         <size>0x1d0</size>
         <input_file_ref idref="fl-ca"/>
      </object_component>
      <object_component id="oc-169">
         <name>.text</name>
         <load_address>0x166c</load_address>
         <run_address>0x166c</run_address>
         <size>0x1bc</size>
         <input_file_ref idref="fl-12"/>
      </object_component>
      <object_component id="oc-2db">
         <name>.text</name>
         <load_address>0x1828</load_address>
         <run_address>0x1828</run_address>
         <size>0x1b6</size>
         <input_file_ref idref="fl-d4"/>
      </object_component>
      <object_component id="oc-35f">
         <name>.text</name>
         <load_address>0x19de</load_address>
         <run_address>0x19de</run_address>
         <size>0x2</size>
         <input_file_ref idref="fl-f6"/>
      </object_component>
      <object_component id="oc-22b">
         <name>.text:_pconv_e</name>
         <load_address>0x19e0</load_address>
         <run_address>0x19e0</run_address>
         <size>0x13c</size>
         <input_file_ref idref="fl-ca"/>
      </object_component>
      <object_component id="oc-2c1">
         <name>.text</name>
         <load_address>0x1b1c</load_address>
         <run_address>0x1b1c</run_address>
         <size>0x136</size>
         <input_file_ref idref="fl-d6"/>
      </object_component>
      <object_component id="oc-2ed">
         <name>.text:fcvt</name>
         <load_address>0x1c54</load_address>
         <run_address>0x1c54</run_address>
         <size>0x124</size>
         <input_file_ref idref="fl-ca"/>
      </object_component>
      <object_component id="oc-263">
         <name>.text:fputs</name>
         <load_address>0x1d78</load_address>
         <run_address>0x1d78</run_address>
         <size>0x114</size>
         <input_file_ref idref="fl-cd"/>
      </object_component>
      <object_component id="oc-301">
         <name>.text:scalbn</name>
         <load_address>0x1e8c</load_address>
         <run_address>0x1e8c</run_address>
         <size>0x110</size>
         <input_file_ref idref="fl-d1"/>
      </object_component>
      <object_component id="oc-2bc">
         <name>.text</name>
         <load_address>0x1f9c</load_address>
         <run_address>0x1f9c</run_address>
         <size>0xfc</size>
         <input_file_ref idref="fl-d7"/>
      </object_component>
      <object_component id="oc-e0">
         <name>.text</name>
         <load_address>0x2098</load_address>
         <run_address>0x2098</run_address>
         <size>0xfc</size>
         <input_file_ref idref="fl-8"/>
      </object_component>
      <object_component id="oc-40a">
         <name>.text:aligned_alloc</name>
         <load_address>0x2194</load_address>
         <run_address>0x2194</run_address>
         <size>0xf4</size>
         <input_file_ref idref="fl-e8"/>
      </object_component>
      <object_component id="oc-3c8">
         <name>.text:free</name>
         <load_address>0x2288</load_address>
         <run_address>0x2288</run_address>
         <size>0xe8</size>
         <input_file_ref idref="fl-e8"/>
      </object_component>
      <object_component id="oc-163">
         <name>.text</name>
         <load_address>0x2370</load_address>
         <run_address>0x2370</run_address>
         <size>0xdc</size>
         <input_file_ref idref="fl-11"/>
      </object_component>
      <object_component id="oc-39a">
         <name>.text:setvbuf</name>
         <load_address>0x244c</load_address>
         <run_address>0x244c</run_address>
         <size>0xdc</size>
         <input_file_ref idref="fl-cf"/>
      </object_component>
      <object_component id="oc-16f">
         <name>.text</name>
         <load_address>0x2528</load_address>
         <run_address>0x2528</run_address>
         <size>0xc4</size>
         <input_file_ref idref="fl-13"/>
      </object_component>
      <object_component id="oc-214">
         <name>.text:_ltostr</name>
         <load_address>0x25ec</load_address>
         <run_address>0x25ec</run_address>
         <size>0xb1</size>
         <input_file_ref idref="fl-ca"/>
      </object_component>
      <object_component id="oc-3b">
         <name>.text</name>
         <load_address>0x269e</load_address>
         <run_address>0x269e</run_address>
         <size>0x9c</size>
         <input_file_ref idref="fl-dc"/>
      </object_component>
      <object_component id="oc-2b5">
         <name>.text</name>
         <load_address>0x273a</load_address>
         <run_address>0x273a</run_address>
         <size>0x96</size>
         <input_file_ref idref="fl-d2"/>
      </object_component>
      <object_component id="oc-26a">
         <name>.text:fputc</name>
         <load_address>0x27d0</load_address>
         <run_address>0x27d0</run_address>
         <size>0x8c</size>
         <input_file_ref idref="fl-cc"/>
      </object_component>
      <object_component id="oc-21a">
         <name>.text:__aeabi_cdcmple</name>
         <load_address>0x285c</load_address>
         <run_address>0x285c</run_address>
         <size>0x86</size>
         <input_file_ref idref="fl-d5"/>
      </object_component>
      <object_component id="oc-2c6">
         <name>.text:__aeabi_cdrcmple</name>
         <load_address>0x28e2</load_address>
         <run_address>0x28e2</run_address>
         <size>0x86</size>
         <input_file_ref idref="fl-d5"/>
      </object_component>
      <object_component id="oc-452">
         <name>.text:split</name>
         <load_address>0x2968</load_address>
         <run_address>0x2968</run_address>
         <size>0x7c</size>
         <input_file_ref idref="fl-e8"/>
      </object_component>
      <object_component id="oc-93">
         <name>.text</name>
         <load_address>0x29e4</load_address>
         <run_address>0x29e4</run_address>
         <size>0x7a</size>
         <input_file_ref idref="fl-d3"/>
      </object_component>
      <object_component id="oc-411">
         <name>.text:__TI_closefile</name>
         <load_address>0x2a60</load_address>
         <run_address>0x2a60</run_address>
         <size>0x74</size>
         <input_file_ref idref="fl-105"/>
      </object_component>
      <object_component id="oc-2e6">
         <name>.text:_mcpy</name>
         <load_address>0x2ad4</load_address>
         <run_address>0x2ad4</run_address>
         <size>0x6e</size>
         <input_file_ref idref="fl-ca"/>
      </object_component>
      <object_component id="oc-435">
         <name>.text:HOSTlseek</name>
         <load_address>0x2b44</load_address>
         <run_address>0x2b44</run_address>
         <size>0x68</size>
         <input_file_ref idref="fl-fc"/>
      </object_component>
      <object_component id="oc-441">
         <name>.text:HOSTrename</name>
         <load_address>0x2bac</load_address>
         <run_address>0x2bac</run_address>
         <size>0x68</size>
         <input_file_ref idref="fl-ff"/>
      </object_component>
      <object_component id="oc-12">
         <name>.text:decompress:lzss:__TI_decompress_lzss</name>
         <load_address>0x2c14</load_address>
         <run_address>0x2c14</run_address>
         <size>0x68</size>
         <input_file_ref idref="fl-df"/>
      </object_component>
      <object_component id="oc-ec">
         <name>.text:printf</name>
         <load_address>0x2c7c</load_address>
         <run_address>0x2c7c</run_address>
         <size>0x68</size>
         <input_file_ref idref="fl-c9"/>
      </object_component>
      <object_component id="oc-2fb">
         <name>.text:frexp</name>
         <load_address>0x2ce4</load_address>
         <run_address>0x2ce4</run_address>
         <size>0x64</size>
         <input_file_ref idref="fl-d0"/>
      </object_component>
      <object_component id="oc-394">
         <name>.text:fseek</name>
         <load_address>0x2d48</load_address>
         <run_address>0x2d48</run_address>
         <size>0x64</size>
         <input_file_ref idref="fl-f5"/>
      </object_component>
      <object_component id="oc-32d">
         <name>.text:__TI_wrt_ok</name>
         <load_address>0x2dac</load_address>
         <run_address>0x2dac</run_address>
         <size>0x62</size>
         <input_file_ref idref="fl-ce"/>
      </object_component>
      <object_component id="oc-41d">
         <name>.text:HOSTopen</name>
         <load_address>0x2e10</load_address>
         <run_address>0x2e10</run_address>
         <size>0x60</size>
         <input_file_ref idref="fl-fd"/>
      </object_component>
      <object_component id="oc-459">
         <name>.text:close</name>
         <load_address>0x2e70</load_address>
         <run_address>0x2e70</run_address>
         <size>0x5c</size>
         <input_file_ref idref="fl-109"/>
      </object_component>
      <object_component id="oc-429">
         <name>.text:HOSTread</name>
         <load_address>0x2ecc</load_address>
         <run_address>0x2ecc</run_address>
         <size>0x58</size>
         <input_file_ref idref="fl-fe"/>
      </object_component>
      <object_component id="oc-42f">
         <name>.text:HOSTwrite</name>
         <load_address>0x2f24</load_address>
         <run_address>0x2f24</run_address>
         <size>0x58</size>
         <input_file_ref idref="fl-101"/>
      </object_component>
      <object_component id="oc-225">
         <name>.text:_pconv_f</name>
         <load_address>0x2f7c</load_address>
         <run_address>0x2f7c</run_address>
         <size>0x56</size>
         <input_file_ref idref="fl-ca"/>
      </object_component>
      <object_component id="oc-2d0">
         <name>.text:ltoa</name>
         <load_address>0x2fd2</load_address>
         <run_address>0x2fd2</run_address>
         <size>0x54</size>
         <input_file_ref idref="fl-e5"/>
      </object_component>
      <object_component id="oc-2e0">
         <name>.text:_ecpy</name>
         <load_address>0x3026</load_address>
         <run_address>0x3026</run_address>
         <size>0x52</size>
         <input_file_ref idref="fl-ca"/>
      </object_component>
      <object_component id="oc-339">
         <name>.text:__TI_doflush</name>
         <load_address>0x3078</load_address>
         <run_address>0x3078</run_address>
         <size>0x4c</size>
         <input_file_ref idref="fl-f3"/>
      </object_component>
      <object_component id="oc-20e">
         <name>.text:atoi</name>
         <load_address>0x30c4</load_address>
         <run_address>0x30c4</run_address>
         <size>0x4c</size>
         <input_file_ref idref="fl-e2"/>
      </object_component>
      <object_component id="oc-f9">
         <name>.text:exit</name>
         <load_address>0x3110</load_address>
         <run_address>0x3110</run_address>
         <size>0x48</size>
         <input_file_ref idref="fl-e0"/>
      </object_component>
      <object_component id="oc-e6">
         <name>.text</name>
         <load_address>0x3158</load_address>
         <run_address>0x3158</run_address>
         <size>0x48</size>
         <input_file_ref idref="fl-10"/>
      </object_component>
      <object_component id="oc-2cb">
         <name>.text</name>
         <load_address>0x31a0</load_address>
         <run_address>0x31a0</run_address>
         <size>0x48</size>
         <input_file_ref idref="fl-d8"/>
      </object_component>
      <object_component id="oc-423">
         <name>.text:HOSTclose</name>
         <load_address>0x31e8</load_address>
         <run_address>0x31e8</run_address>
         <size>0x44</size>
         <input_file_ref idref="fl-fb"/>
      </object_component>
      <object_component id="oc-43b">
         <name>.text:HOSTunlink</name>
         <load_address>0x322c</load_address>
         <run_address>0x322c</run_address>
         <size>0x44</size>
         <input_file_ref idref="fl-100"/>
      </object_component>
      <object_component id="oc-ff">
         <name>.text:__TI_auto_init_nobinit_nopinit:__TI_auto_init_nobinit_nopinit</name>
         <load_address>0x3270</load_address>
         <run_address>0x3270</run_address>
         <size>0x44</size>
         <input_file_ref idref="fl-f7"/>
      </object_component>
      <object_component id="oc-48b">
         <name>.text:getdevice</name>
         <load_address>0x32b4</load_address>
         <run_address>0x32b4</run_address>
         <size>0x44</size>
         <input_file_ref idref="fl-106"/>
      </object_component>
      <object_component id="oc-145">
         <name>.text:vsnprintf</name>
         <load_address>0x32f8</load_address>
         <run_address>0x32f8</run_address>
         <size>0x40</size>
         <input_file_ref idref="fl-cb"/>
      </object_component>
      <object_component id="oc-2f3">
         <name>.text:_fcpy</name>
         <load_address>0x3338</load_address>
         <run_address>0x3338</run_address>
         <size>0x3e</size>
         <input_file_ref idref="fl-ca"/>
      </object_component>
      <object_component id="oc-9f">
         <name>.text</name>
         <load_address>0x3378</load_address>
         <run_address>0x3378</run_address>
         <size>0x3e</size>
         <input_file_ref idref="fl-4"/>
      </object_component>
      <object_component id="oc-46a">
         <name>.text:__TI_writemsg</name>
         <load_address>0x33b8</load_address>
         <run_address>0x33b8</run_address>
         <size>0x38</size>
         <input_file_ref idref="fl-102"/>
      </object_component>
      <object_component id="oc-4ab">
         <name>.text:strncpy</name>
         <load_address>0x33f0</load_address>
         <run_address>0x33f0</run_address>
         <size>0x36</size>
         <input_file_ref idref="fl-107"/>
      </object_component>
      <object_component id="oc-133">
         <name>.text:IntRegister</name>
         <load_address>0x3428</load_address>
         <run_address>0x3428</run_address>
         <size>0x34</size>
         <input_file_ref idref="fl-10b"/>
      </object_component>
      <object_component id="oc-3d4">
         <name>.text:__TI_cleanup</name>
         <load_address>0x345c</load_address>
         <run_address>0x345c</run_address>
         <size>0x34</size>
         <input_file_ref idref="fl-f4"/>
      </object_component>
      <object_component id="oc-470">
         <name>.text:__TI_readmsg</name>
         <load_address>0x3490</load_address>
         <run_address>0x3490</run_address>
         <size>0x34</size>
         <input_file_ref idref="fl-102"/>
      </object_component>
      <object_component id="oc-59">
         <name>.text:_c_int00_noargs:_c_int00_noargs</name>
         <load_address>0x34c4</load_address>
         <run_address>0x34c4</run_address>
         <size>0x34</size>
         <input_file_ref idref="fl-ef"/>
      </object_component>
      <object_component id="oc-1ba">
         <name>.text:_outs</name>
         <load_address>0x34f8</load_address>
         <run_address>0x34f8</run_address>
         <size>0x30</size>
         <input_file_ref idref="fl-cb"/>
      </object_component>
      <object_component id="oc-4b1">
         <name>.text:finddevice</name>
         <load_address>0x3528</load_address>
         <run_address>0x3528</run_address>
         <size>0x30</size>
         <input_file_ref idref="fl-106"/>
      </object_component>
      <object_component id="oc-2d6">
         <name>.text</name>
         <load_address>0x3558</load_address>
         <run_address>0x3558</run_address>
         <size>0x2e</size>
         <input_file_ref idref="fl-db"/>
      </object_component>
      <object_component id="oc-45f">
         <name>.text:unlink</name>
         <load_address>0x3588</load_address>
         <run_address>0x3588</run_address>
         <size>0x2c</size>
         <input_file_ref idref="fl-10a"/>
      </object_component>
      <object_component id="oc-403">
         <name>.text:free_list_insert</name>
         <load_address>0x35b4</load_address>
         <run_address>0x35b4</run_address>
         <size>0x28</size>
         <input_file_ref idref="fl-e8"/>
      </object_component>
      <object_component id="oc-3c0">
         <name>.text:lseek</name>
         <load_address>0x35dc</load_address>
         <run_address>0x35dc</run_address>
         <size>0x28</size>
         <input_file_ref idref="fl-104"/>
      </object_component>
      <object_component id="oc-33f">
         <name>.text:write</name>
         <load_address>0x3604</load_address>
         <run_address>0x3604</run_address>
         <size>0x28</size>
         <input_file_ref idref="fl-ed"/>
      </object_component>
      <object_component id="oc-333">
         <name>.text:memchr</name>
         <load_address>0x362c</load_address>
         <run_address>0x362c</run_address>
         <size>0x20</size>
         <input_file_ref idref="fl-e7"/>
      </object_component>
      <object_component id="oc-3fd">
         <name>.text:free_list_remove</name>
         <load_address>0x364c</load_address>
         <run_address>0x364c</run_address>
         <size>0x1c</size>
         <input_file_ref idref="fl-e8"/>
      </object_component>
      <object_component id="oc-237">
         <name>.text:memccpy</name>
         <load_address>0x3668</load_address>
         <run_address>0x3668</run_address>
         <size>0x1c</size>
         <input_file_ref idref="fl-e6"/>
      </object_component>
      <object_component id="oc-378">
         <name>.text:copysign</name>
         <load_address>0x3684</load_address>
         <run_address>0x3684</run_address>
         <size>0x1a</size>
         <input_file_ref idref="fl-f2"/>
      </object_component>
      <object_component id="oc-1c0">
         <name>.text:_outc</name>
         <load_address>0x369e</load_address>
         <run_address>0x369e</run_address>
         <size>0x18</size>
         <input_file_ref idref="fl-cb"/>
      </object_component>
      <object_component id="oc-14b">
         <name>.text:strcmp</name>
         <load_address>0x36b6</load_address>
         <run_address>0x36b6</run_address>
         <size>0x18</size>
         <input_file_ref idref="fl-ea"/>
      </object_component>
      <object_component id="oc-307">
         <name>.text:strchr</name>
         <load_address>0x36ce</load_address>
         <run_address>0x36ce</run_address>
         <size>0x16</size>
         <input_file_ref idref="fl-e9"/>
      </object_component>
      <object_component id="oc-151">
         <name>.text:strcpy</name>
         <load_address>0x36e4</load_address>
         <run_address>0x36e4</run_address>
         <size>0x14</size>
         <input_file_ref idref="fl-eb"/>
      </object_component>
      <object_component id="oc-208">
         <name>.text:strlen</name>
         <load_address>0x36f8</load_address>
         <run_address>0x36f8</run_address>
         <size>0x14</size>
         <input_file_ref idref="fl-ec"/>
      </object_component>
      <object_component id="oc-23d">
         <name>.text:wcslen</name>
         <load_address>0x370c</load_address>
         <run_address>0x370c</run_address>
         <size>0x12</size>
         <input_file_ref idref="fl-f1"/>
      </object_component>
      <object_component id="oc-1df">
         <name>.text:IntMasterEnable</name>
         <load_address>0x371e</load_address>
         <run_address>0x371e</run_address>
         <size>0x10</size>
         <input_file_ref idref="fl-10b"/>
      </object_component>
      <object_component id="oc-13e">
         <name>.text:lcd_clear</name>
         <load_address>0x372e</load_address>
         <run_address>0x372e</run_address>
         <size>0x10</size>
         <input_file_ref idref="fl-5"/>
      </object_component>
      <object_component id="oc-18">
         <name>.text:decompress:none:__TI_decompress_none</name>
         <load_address>0x373e</load_address>
         <run_address>0x373e</run_address>
         <size>0xe</size>
         <input_file_ref idref="fl-de"/>
      </object_component>
      <object_component id="oc-29c">
         <name>.text:CPUcpsie</name>
         <load_address>0x374c</load_address>
         <run_address>0x374c</run_address>
         <size>0xc</size>
         <input_file_ref idref="fl-10c"/>
      </object_component>
      <object_component id="oc-4d">
         <name>.text:decompress:ZI:__TI_zero_init</name>
         <load_address>0x3758</load_address>
         <run_address>0x3758</run_address>
         <size>0xc</size>
         <input_file_ref idref="fl-dd"/>
      </object_component>
      <object_component id="oc-27">
         <name>.text</name>
         <load_address>0x3764</load_address>
         <run_address>0x3764</run_address>
         <size>0xc</size>
         <input_file_ref idref="fl-7"/>
      </object_component>
      <object_component id="oc-243">
         <name>.text:__aeabi_errno_addr</name>
         <load_address>0x3770</load_address>
         <run_address>0x3770</run_address>
         <size>0x8</size>
         <input_file_ref idref="fl-f0"/>
      </object_component>
      <object_component id="oc-3ce">
         <name>.text:malloc</name>
         <load_address>0x3778</load_address>
         <run_address>0x3778</run_address>
         <size>0x8</size>
         <input_file_ref idref="fl-e8"/>
      </object_component>
      <object_component id="oc-189">
         <name>.text:_outc</name>
         <load_address>0x3780</load_address>
         <run_address>0x3780</run_address>
         <size>0x4</size>
         <input_file_ref idref="fl-c9"/>
      </object_component>
      <object_component id="oc-183">
         <name>.text:_outs</name>
         <load_address>0x3784</load_address>
         <run_address>0x3784</run_address>
         <size>0x4</size>
         <input_file_ref idref="fl-c9"/>
      </object_component>
      <object_component id="oc-99">
         <name>.text:_system_pre_init</name>
         <load_address>0x3788</load_address>
         <run_address>0x3788</run_address>
         <size>0x4</size>
         <input_file_ref idref="fl-f8"/>
      </object_component>
      <object_component id="oc-f3">
         <name>.text:abort:abort</name>
         <load_address>0x378c</load_address>
         <run_address>0x378c</run_address>
         <size>0x4</size>
         <input_file_ref idref="fl-e0"/>
      </object_component>
      <object_component id="oc-2b0">
         <name>.const:.string:_ctypes_</name>
         <load_address>0x3790</load_address>
         <run_address>0x3790</run_address>
         <size>0x101</size>
         <input_file_ref idref="fl-e3"/>
      </object_component>
      <object_component id="oc-157">
         <name>.const:.string:lineAddress$1</name>
         <load_address>0x3891</load_address>
         <run_address>0x3891</run_address>
         <size>0x4</size>
         <input_file_ref idref="fl-5"/>
      </object_component>
      <object_component id="oc-158">
         <name>.const:.string:lineAddresses$2</name>
         <load_address>0x3895</load_address>
         <run_address>0x3895</run_address>
         <size>0x4</size>
         <input_file_ref idref="fl-5"/>
      </object_component>
      <object_component id="oc-4f5">
         <name>.cinit..data.load</name>
         <load_address>0x38a0</load_address>
         <run_address>0x38a0</run_address>
         <size>0x6c</size>
      </object_component>
      <object_component id="oc-4f2">
         <name>__TI_handler_table</name>
         <load_address>0x390c</load_address>
         <run_address>0x390c</run_address>
         <size>0xc</size>
      </object_component>
      <object_component id="oc-4f6">
         <name>.cinit..bss.load</name>
         <load_address>0x3918</load_address>
         <run_address>0x3918</run_address>
         <size>0x8</size>
      </object_component>
      <object_component id="oc-4f4">
         <name>.cinit..vtable.load</name>
         <load_address>0x3920</load_address>
         <run_address>0x3920</run_address>
         <size>0x8</size>
      </object_component>
      <object_component id="oc-4f3">
         <name>__TI_cinit_table</name>
         <load_address>0x3928</load_address>
         <run_address>0x3928</run_address>
         <size>0x18</size>
      </object_component>
      <object_component id="oc-1ae">
         <name>.vtable</name>
         <uninitialized>true</uninitialized>
         <run_address>0x20000000</run_address>
         <size>0x26c</size>
         <input_file_ref idref="fl-10b"/>
      </object_component>
      <object_component id="oc-139">
         <name>.data</name>
         <load_address>0x2000268c</load_address>
         <run_address>0x2000268c</run_address>
         <size>0x1</size>
         <input_file_ref idref="fl-2"/>
      </object_component>
      <object_component id="oc-192">
         <name>.data:$O1$$</name>
         <load_address>0x2000266c</load_address>
         <run_address>0x2000266c</run_address>
         <size>0xc</size>
         <input_file_ref idref="fl-e0"/>
      </object_component>
      <object_component id="oc-17d">
         <name>.data:$O1$$</name>
         <load_address>0x20002678</load_address>
         <run_address>0x20002678</run_address>
         <size>0x8</size>
         <input_file_ref idref="fl-e1"/>
      </object_component>
      <object_component id="oc-180">
         <name>.data:_ftable</name>
         <load_address>0x200024a4</load_address>
         <run_address>0x200024a4</run_address>
         <size>0xf0</size>
         <input_file_ref idref="fl-e4"/>
      </object_component>
      <object_component id="oc-417">
         <name>.data</name>
         <load_address>0x2000265c</load_address>
         <run_address>0x2000265c</run_address>
         <size>0x10</size>
         <input_file_ref idref="fl-e4"/>
      </object_component>
      <object_component id="oc-44d">
         <name>.data:$O1$$</name>
         <load_address>0x20002680</load_address>
         <run_address>0x20002680</run_address>
         <size>0x8</size>
         <input_file_ref idref="fl-e8"/>
      </object_component>
      <object_component id="oc-3e7">
         <name>.data:_device</name>
         <load_address>0x20002594</load_address>
         <run_address>0x20002594</run_address>
         <size>0x78</size>
         <input_file_ref idref="fl-ee"/>
      </object_component>
      <object_component id="oc-3a6">
         <name>.data:_stream</name>
         <load_address>0x2000260c</load_address>
         <run_address>0x2000260c</run_address>
         <size>0x50</size>
         <input_file_ref idref="fl-ee"/>
      </object_component>
      <object_component id="oc-317">
         <name>.data</name>
         <load_address>0x20002688</load_address>
         <run_address>0x20002688</run_address>
         <size>0x4</size>
         <input_file_ref idref="fl-f0"/>
      </object_component>
      <object_component id="oc-159">
         <name>.bss:lastbuffer$3</name>
         <uninitialized>true</uninitialized>
         <run_address>0x20002430</run_address>
         <size>0x54</size>
         <input_file_ref idref="fl-5"/>
      </object_component>
      <object_component id="oc-495">
         <name>.bss:_CIOBUF_</name>
         <uninitialized>true</uninitialized>
         <run_address>0x20002270</run_address>
         <size>0x120</size>
         <input_file_ref idref="fl-102"/>
      </object_component>
      <object_component id="oc-13c">
         <name>.common:_timeout_ticks</name>
         <uninitialized>true</uninitialized>
         <run_address>0x2000248c</run_address>
         <size>0x4</size>
      </object_component>
      <object_component id="oc-1e5">
         <name>.common:isr_int_value</name>
         <uninitialized>true</uninitialized>
         <run_address>0x20002494</run_address>
         <size>0x4</size>
      </object_component>
      <object_component id="oc-1ed">
         <name>.common:risingEdge</name>
         <uninitialized>true</uninitialized>
         <run_address>0x2000249c</run_address>
         <size>0x4</size>
      </object_component>
      <object_component id="oc-1ec">
         <name>.common:fallingEdge</name>
         <uninitialized>true</uninitialized>
         <run_address>0x20002490</run_address>
         <size>0x4</size>
      </object_component>
      <object_component id="oc-1ee">
         <name>.common:pulseLength</name>
         <uninitialized>true</uninitialized>
         <run_address>0x20002498</run_address>
         <size>0x4</size>
      </object_component>
      <object_component id="oc-1e9">
         <name>.common:isRisingEdge</name>
         <uninitialized>true</uninitialized>
         <run_address>0x200024a0</run_address>
         <size>0x1</size>
      </object_component>
      <object_component id="oc-465">
         <name>.common:__TI_tmpnams</name>
         <uninitialized>true</uninitialized>
         <run_address>0x20002390</run_address>
         <size>0xa0</size>
      </object_component>
      <object_component id="oc-476">
         <name>.common:parmbuf</name>
         <uninitialized>true</uninitialized>
         <run_address>0x20002484</run_address>
         <size>0x8</size>
      </object_component>
      <object_component id="oc-21">
         <name>.sysmem</name>
         <uninitialized>true</uninitialized>
         <run_address>0x20001270</run_address>
         <size>0x10</size>
         <input_file_ref idref="fl-e8"/>
      </object_component>
      <object_component id="oc-4f8">
         <name>.sysmem</name>
         <uninitialized>true</uninitialized>
         <run_address>0x20001270</run_address>
         <size>0x0</size>
      </object_component>
      <object_component id="oc-24">
         <name>.stack</name>
         <uninitialized>true</uninitialized>
         <run_address>0x20000270</run_address>
         <size>0x4</size>
         <input_file_ref idref="fl-ef"/>
      </object_component>
      <object_component id="oc-4f7">
         <name>.stack</name>
         <uninitialized>true</uninitialized>
         <run_address>0x20000270</run_address>
         <size>0x0</size>
      </object_component>
      <object_component id="oc-c2">
         <name>.debug_info</name>
         <load_address>0x0</load_address>
         <run_address>0x0</run_address>
         <size>0x2b2</size>
         <input_file_ref idref="fl-2"/>
      </object_component>
      <object_component id="oc-13a">
         <name>.debug_info</name>
         <load_address>0x2b2</load_address>
         <run_address>0x2b2</run_address>
         <size>0xc0</size>
         <input_file_ref idref="fl-2"/>
      </object_component>
      <object_component id="oc-d8">
         <name>.debug_info</name>
         <load_address>0x372</load_address>
         <run_address>0x372</run_address>
         <size>0x508</size>
         <input_file_ref idref="fl-2"/>
      </object_component>
      <object_component id="oc-74">
         <name>.debug_info</name>
         <load_address>0x87a</load_address>
         <run_address>0x87a</run_address>
         <size>0x26b</size>
         <input_file_ref idref="fl-2"/>
      </object_component>
      <object_component id="oc-36">
         <name>.debug_info</name>
         <load_address>0xae5</load_address>
         <run_address>0xae5</run_address>
         <size>0x84</size>
         <input_file_ref idref="fl-2"/>
      </object_component>
      <object_component id="oc-bd">
         <name>.debug_info</name>
         <load_address>0xb69</load_address>
         <run_address>0xb69</run_address>
         <size>0x297</size>
         <input_file_ref idref="fl-2"/>
      </object_component>
      <object_component id="oc-79">
         <name>.debug_info</name>
         <load_address>0xe00</load_address>
         <run_address>0xe00</run_address>
         <size>0xbb</size>
         <input_file_ref idref="fl-2"/>
      </object_component>
      <object_component id="oc-29b">
         <name>.debug_info</name>
         <load_address>0xebb</load_address>
         <run_address>0xebb</run_address>
         <size>0x37e</size>
         <input_file_ref idref="fl-4"/>
      </object_component>
      <object_component id="oc-a0">
         <name>.debug_info</name>
         <load_address>0x1239</load_address>
         <run_address>0x1239</run_address>
         <size>0x180</size>
         <input_file_ref idref="fl-4"/>
      </object_component>
      <object_component id="oc-1d8">
         <name>.debug_info</name>
         <load_address>0x13b9</load_address>
         <run_address>0x13b9</run_address>
         <size>0xcc</size>
         <input_file_ref idref="fl-4"/>
      </object_component>
      <object_component id="oc-15c">
         <name>.debug_info</name>
         <load_address>0x1485</load_address>
         <run_address>0x1485</run_address>
         <size>0x2c</size>
         <input_file_ref idref="fl-4"/>
      </object_component>
      <object_component id="oc-15b">
         <name>.debug_info</name>
         <load_address>0x14b1</load_address>
         <run_address>0x14b1</run_address>
         <size>0x37a</size>
         <input_file_ref idref="fl-5"/>
      </object_component>
      <object_component id="oc-140">
         <name>.debug_info</name>
         <load_address>0x182b</load_address>
         <run_address>0x182b</run_address>
         <size>0x115</size>
         <input_file_ref idref="fl-5"/>
      </object_component>
      <object_component id="oc-de">
         <name>.debug_info</name>
         <load_address>0x1940</load_address>
         <run_address>0x1940</run_address>
         <size>0x8a1</size>
         <input_file_ref idref="fl-5"/>
      </object_component>
      <object_component id="oc-1f0">
         <name>.debug_info</name>
         <load_address>0x21e1</load_address>
         <run_address>0x21e1</run_address>
         <size>0x8b</size>
         <input_file_ref idref="fl-6"/>
      </object_component>
      <object_component id="oc-2f">
         <name>.debug_info</name>
         <load_address>0x226c</load_address>
         <run_address>0x226c</run_address>
         <size>0x29c</size>
         <input_file_ref idref="fl-7"/>
      </object_component>
      <object_component id="oc-10">
         <name>.debug_info</name>
         <load_address>0x2508</load_address>
         <run_address>0x2508</run_address>
         <size>0xdb</size>
         <input_file_ref idref="fl-7"/>
      </object_component>
      <object_component id="oc-2b">
         <name>.debug_info</name>
         <load_address>0x25e3</load_address>
         <run_address>0x25e3</run_address>
         <size>0x257</size>
         <input_file_ref idref="fl-7"/>
      </object_component>
      <object_component id="oc-162">
         <name>.debug_info</name>
         <load_address>0x283a</load_address>
         <run_address>0x283a</run_address>
         <size>0x255</size>
         <input_file_ref idref="fl-8"/>
      </object_component>
      <object_component id="oc-e3">
         <name>.debug_info</name>
         <load_address>0x2a8f</load_address>
         <run_address>0x2a8f</run_address>
         <size>0x250</size>
         <input_file_ref idref="fl-8"/>
      </object_component>
      <object_component id="oc-176">
         <name>.debug_info</name>
         <load_address>0x2cdf</load_address>
         <run_address>0x2cdf</run_address>
         <size>0x39a</size>
         <input_file_ref idref="fl-10"/>
      </object_component>
      <object_component id="oc-e7">
         <name>.debug_info</name>
         <load_address>0x3079</load_address>
         <run_address>0x3079</run_address>
         <size>0x281</size>
         <input_file_ref idref="fl-10"/>
      </object_component>
      <object_component id="oc-1fe">
         <name>.debug_info</name>
         <load_address>0x32fa</load_address>
         <run_address>0x32fa</run_address>
         <size>0x5e</size>
         <input_file_ref idref="fl-10"/>
      </object_component>
      <object_component id="oc-203">
         <name>.debug_info</name>
         <load_address>0x3358</load_address>
         <run_address>0x3358</run_address>
         <size>0x26b</size>
         <input_file_ref idref="fl-10"/>
      </object_component>
      <object_component id="oc-2a7">
         <name>.debug_info</name>
         <load_address>0x35c3</load_address>
         <run_address>0x35c3</run_address>
         <size>0x297</size>
         <input_file_ref idref="fl-10"/>
      </object_component>
      <object_component id="oc-1f6">
         <name>.debug_info</name>
         <load_address>0x385a</load_address>
         <run_address>0x385a</run_address>
         <size>0xbb</size>
         <input_file_ref idref="fl-10"/>
      </object_component>
      <object_component id="oc-1e6">
         <name>.debug_info</name>
         <load_address>0x3915</load_address>
         <run_address>0x3915</run_address>
         <size>0x2f1</size>
         <input_file_ref idref="fl-11"/>
      </object_component>
      <object_component id="oc-164">
         <name>.debug_info</name>
         <load_address>0x3c06</load_address>
         <run_address>0x3c06</run_address>
         <size>0x27b</size>
         <input_file_ref idref="fl-11"/>
      </object_component>
      <object_component id="oc-1ea">
         <name>.debug_info</name>
         <load_address>0x3e81</load_address>
         <run_address>0x3e81</run_address>
         <size>0x3a8</size>
         <input_file_ref idref="fl-12"/>
      </object_component>
      <object_component id="oc-16c">
         <name>.debug_info</name>
         <load_address>0x4229</load_address>
         <run_address>0x4229</run_address>
         <size>0x263</size>
         <input_file_ref idref="fl-12"/>
      </object_component>
      <object_component id="oc-1fb">
         <name>.debug_info</name>
         <load_address>0x448c</load_address>
         <run_address>0x448c</run_address>
         <size>0x277</size>
         <input_file_ref idref="fl-13"/>
      </object_component>
      <object_component id="oc-173">
         <name>.debug_info</name>
         <load_address>0x4703</load_address>
         <run_address>0x4703</run_address>
         <size>0x269</size>
         <input_file_ref idref="fl-13"/>
      </object_component>
      <object_component id="oc-190">
         <name>.debug_info</name>
         <load_address>0x496c</load_address>
         <run_address>0x496c</run_address>
         <size>0x3e6</size>
         <input_file_ref idref="fl-c9"/>
      </object_component>
      <object_component id="oc-18c">
         <name>.debug_info</name>
         <load_address>0x4d52</load_address>
         <run_address>0x4d52</run_address>
         <size>0x158</size>
         <input_file_ref idref="fl-c9"/>
      </object_component>
      <object_component id="oc-186">
         <name>.debug_info</name>
         <load_address>0x4eaa</load_address>
         <run_address>0x4eaa</run_address>
         <size>0x167</size>
         <input_file_ref idref="fl-c9"/>
      </object_component>
      <object_component id="oc-f0">
         <name>.debug_info</name>
         <load_address>0x5011</load_address>
         <run_address>0x5011</run_address>
         <size>0x1ad</size>
         <input_file_ref idref="fl-c9"/>
      </object_component>
      <object_component id="oc-273">
         <name>.debug_info</name>
         <load_address>0x51be</load_address>
         <run_address>0x51be</run_address>
         <size>0xb2</size>
         <input_file_ref idref="fl-c9"/>
      </object_component>
      <object_component id="oc-24a">
         <name>.debug_info</name>
         <load_address>0x5270</load_address>
         <run_address>0x5270</run_address>
         <size>0x57c</size>
         <input_file_ref idref="fl-ca"/>
      </object_component>
      <object_component id="oc-216">
         <name>.debug_info</name>
         <load_address>0x57ec</load_address>
         <run_address>0x57ec</run_address>
         <size>0x21f</size>
         <input_file_ref idref="fl-ca"/>
      </object_component>
      <object_component id="oc-2e2">
         <name>.debug_info</name>
         <load_address>0x5a0b</load_address>
         <run_address>0x5a0b</run_address>
         <size>0x1b4</size>
         <input_file_ref idref="fl-ca"/>
      </object_component>
      <object_component id="oc-2e8">
         <name>.debug_info</name>
         <load_address>0x5bbf</load_address>
         <run_address>0x5bbf</run_address>
         <size>0x21c</size>
         <input_file_ref idref="fl-ca"/>
      </object_component>
      <object_component id="oc-221">
         <name>.debug_info</name>
         <load_address>0x5ddb</load_address>
         <run_address>0x5ddb</run_address>
         <size>0x3bc</size>
         <input_file_ref idref="fl-ca"/>
      </object_component>
      <object_component id="oc-2ef">
         <name>.debug_info</name>
         <load_address>0x6197</load_address>
         <run_address>0x6197</run_address>
         <size>0x306</size>
         <input_file_ref idref="fl-ca"/>
      </object_component>
      <object_component id="oc-2f5">
         <name>.debug_info</name>
         <load_address>0x649d</load_address>
         <run_address>0x649d</run_address>
         <size>0x216</size>
         <input_file_ref idref="fl-ca"/>
      </object_component>
      <object_component id="oc-227">
         <name>.debug_info</name>
         <load_address>0x66b3</load_address>
         <run_address>0x66b3</run_address>
         <size>0x216</size>
         <input_file_ref idref="fl-ca"/>
      </object_component>
      <object_component id="oc-22d">
         <name>.debug_info</name>
         <load_address>0x68c9</load_address>
         <run_address>0x68c9</run_address>
         <size>0x305</size>
         <input_file_ref idref="fl-ca"/>
      </object_component>
      <object_component id="oc-233">
         <name>.debug_info</name>
         <load_address>0x6bce</load_address>
         <run_address>0x6bce</run_address>
         <size>0x4b1</size>
         <input_file_ref idref="fl-ca"/>
      </object_component>
      <object_component id="oc-179">
         <name>.debug_info</name>
         <load_address>0x707f</load_address>
         <run_address>0x707f</run_address>
         <size>0x5f5</size>
         <input_file_ref idref="fl-ca"/>
      </object_component>
      <object_component id="oc-24b">
         <name>.debug_info</name>
         <load_address>0x7674</load_address>
         <run_address>0x7674</run_address>
         <size>0x86</size>
         <input_file_ref idref="fl-ca"/>
      </object_component>
      <object_component id="oc-31e">
         <name>.debug_info</name>
         <load_address>0x76fa</load_address>
         <run_address>0x76fa</run_address>
         <size>0x39</size>
         <input_file_ref idref="fl-ca"/>
      </object_component>
      <object_component id="oc-38f">
         <name>.debug_info</name>
         <load_address>0x7733</load_address>
         <run_address>0x7733</run_address>
         <size>0xb6</size>
         <input_file_ref idref="fl-ca"/>
      </object_component>
      <object_component id="oc-323">
         <name>.debug_info</name>
         <load_address>0x77e9</load_address>
         <run_address>0x77e9</run_address>
         <size>0x46</size>
         <input_file_ref idref="fl-ca"/>
      </object_component>
      <object_component id="oc-250">
         <name>.debug_info</name>
         <load_address>0x782f</load_address>
         <run_address>0x782f</run_address>
         <size>0x46</size>
         <input_file_ref idref="fl-ca"/>
      </object_component>
      <object_component id="oc-1c8">
         <name>.debug_info</name>
         <load_address>0x7875</load_address>
         <run_address>0x7875</run_address>
         <size>0x2c</size>
         <input_file_ref idref="fl-ca"/>
      </object_component>
      <object_component id="oc-1c7">
         <name>.debug_info</name>
         <load_address>0x78a1</load_address>
         <run_address>0x78a1</run_address>
         <size>0x341</size>
         <input_file_ref idref="fl-cb"/>
      </object_component>
      <object_component id="oc-146">
         <name>.debug_info</name>
         <load_address>0x7be2</load_address>
         <run_address>0x7be2</run_address>
         <size>0x209</size>
         <input_file_ref idref="fl-cb"/>
      </object_component>
      <object_component id="oc-1bb">
         <name>.debug_info</name>
         <load_address>0x7deb</load_address>
         <run_address>0x7deb</run_address>
         <size>0x1c7</size>
         <input_file_ref idref="fl-cb"/>
      </object_component>
      <object_component id="oc-1c1">
         <name>.debug_info</name>
         <load_address>0x7fb2</load_address>
         <run_address>0x7fb2</run_address>
         <size>0x17a</size>
         <input_file_ref idref="fl-cb"/>
      </object_component>
      <object_component id="oc-1cd">
         <name>.debug_info</name>
         <load_address>0x812c</load_address>
         <run_address>0x812c</run_address>
         <size>0x69</size>
         <input_file_ref idref="fl-cb"/>
      </object_component>
      <object_component id="oc-348">
         <name>.debug_info</name>
         <load_address>0x8195</load_address>
         <run_address>0x8195</run_address>
         <size>0x384</size>
         <input_file_ref idref="fl-cc"/>
      </object_component>
      <object_component id="oc-26e">
         <name>.debug_info</name>
         <load_address>0x8519</load_address>
         <run_address>0x8519</run_address>
         <size>0x1eb</size>
         <input_file_ref idref="fl-cc"/>
      </object_component>
      <object_component id="oc-346">
         <name>.debug_info</name>
         <load_address>0x8704</load_address>
         <run_address>0x8704</run_address>
         <size>0x3fd</size>
         <input_file_ref idref="fl-cd"/>
      </object_component>
      <object_component id="oc-265">
         <name>.debug_info</name>
         <load_address>0x8b01</load_address>
         <run_address>0x8b01</run_address>
         <size>0x2e3</size>
         <input_file_ref idref="fl-cd"/>
      </object_component>
      <object_component id="oc-cb">
         <name>.debug_info</name>
         <load_address>0x8de4</load_address>
         <run_address>0x8de4</run_address>
         <size>0x2c</size>
         <input_file_ref idref="fl-cd"/>
      </object_component>
      <object_component id="oc-3a1">
         <name>.debug_info</name>
         <load_address>0x8e10</load_address>
         <run_address>0x8e10</run_address>
         <size>0x301</size>
         <input_file_ref idref="fl-ce"/>
      </object_component>
      <object_component id="oc-330">
         <name>.debug_info</name>
         <load_address>0x9111</load_address>
         <run_address>0x9111</run_address>
         <size>0x19d</size>
         <input_file_ref idref="fl-ce"/>
      </object_component>
      <object_component id="oc-3dc">
         <name>.debug_info</name>
         <load_address>0x92ae</load_address>
         <run_address>0x92ae</run_address>
         <size>0xbf</size>
         <input_file_ref idref="fl-ce"/>
      </object_component>
      <object_component id="oc-3db">
         <name>.debug_info</name>
         <load_address>0x936d</load_address>
         <run_address>0x936d</run_address>
         <size>0x375</size>
         <input_file_ref idref="fl-cf"/>
      </object_component>
      <object_component id="oc-39b">
         <name>.debug_info</name>
         <load_address>0x96e2</load_address>
         <run_address>0x96e2</run_address>
         <size>0x20c</size>
         <input_file_ref idref="fl-cf"/>
      </object_component>
      <object_component id="oc-372">
         <name>.debug_info</name>
         <load_address>0x98ee</load_address>
         <run_address>0x98ee</run_address>
         <size>0x29b</size>
         <input_file_ref idref="fl-d0"/>
      </object_component>
      <object_component id="oc-2fd">
         <name>.debug_info</name>
         <load_address>0x9b89</load_address>
         <run_address>0x9b89</run_address>
         <size>0x196</size>
         <input_file_ref idref="fl-d0"/>
      </object_component>
      <object_component id="oc-3b6">
         <name>.debug_info</name>
         <load_address>0x9d1f</load_address>
         <run_address>0x9d1f</run_address>
         <size>0x39</size>
         <input_file_ref idref="fl-d0"/>
      </object_component>
      <object_component id="oc-373">
         <name>.debug_info</name>
         <load_address>0x9d58</load_address>
         <run_address>0x9d58</run_address>
         <size>0x2c</size>
         <input_file_ref idref="fl-d0"/>
      </object_component>
      <object_component id="oc-37f">
         <name>.debug_info</name>
         <load_address>0x9d84</load_address>
         <run_address>0x9d84</run_address>
         <size>0x2fe</size>
         <input_file_ref idref="fl-d1"/>
      </object_component>
      <object_component id="oc-302">
         <name>.debug_info</name>
         <load_address>0xa082</load_address>
         <run_address>0xa082</run_address>
         <size>0x226</size>
         <input_file_ref idref="fl-d1"/>
      </object_component>
      <object_component id="oc-2b6">
         <name>.debug_info</name>
         <load_address>0xa2a8</load_address>
         <run_address>0xa2a8</run_address>
         <size>0x135</size>
         <input_file_ref idref="fl-d2"/>
      </object_component>
      <object_component id="oc-94">
         <name>.debug_info</name>
         <load_address>0xa3dd</load_address>
         <run_address>0xa3dd</run_address>
         <size>0x148</size>
         <input_file_ref idref="fl-d3"/>
      </object_component>
      <object_component id="oc-2dc">
         <name>.debug_info</name>
         <load_address>0xa525</load_address>
         <run_address>0xa525</run_address>
         <size>0x14d</size>
         <input_file_ref idref="fl-d4"/>
      </object_component>
      <object_component id="oc-21c">
         <name>.debug_info</name>
         <load_address>0xa672</load_address>
         <run_address>0xa672</run_address>
         <size>0x129</size>
         <input_file_ref idref="fl-d5"/>
      </object_component>
      <object_component id="oc-2c8">
         <name>.debug_info</name>
         <load_address>0xa79b</load_address>
         <run_address>0xa79b</run_address>
         <size>0x12b</size>
         <input_file_ref idref="fl-d5"/>
      </object_component>
      <object_component id="oc-2c3">
         <name>.debug_info</name>
         <load_address>0xa8c6</load_address>
         <run_address>0xa8c6</run_address>
         <size>0x13b</size>
         <input_file_ref idref="fl-d6"/>
      </object_component>
      <object_component id="oc-2bf">
         <name>.debug_info</name>
         <load_address>0xaa01</load_address>
         <run_address>0xaa01</run_address>
         <size>0x13b</size>
         <input_file_ref idref="fl-d7"/>
      </object_component>
      <object_component id="oc-2ce">
         <name>.debug_info</name>
         <load_address>0xab3c</load_address>
         <run_address>0xab3c</run_address>
         <size>0x12f</size>
         <input_file_ref idref="fl-d8"/>
      </object_component>
      <object_component id="oc-2d7">
         <name>.debug_info</name>
         <load_address>0xac6b</load_address>
         <run_address>0xac6b</run_address>
         <size>0x12d</size>
         <input_file_ref idref="fl-db"/>
      </object_component>
      <object_component id="oc-3d">
         <name>.debug_info</name>
         <load_address>0xad98</load_address>
         <run_address>0xad98</run_address>
         <size>0x11a</size>
         <input_file_ref idref="fl-dc"/>
      </object_component>
      <object_component id="oc-92">
         <name>.debug_info</name>
         <load_address>0xaeb2</load_address>
         <run_address>0xaeb2</run_address>
         <size>0x2d5</size>
         <input_file_ref idref="fl-dd"/>
      </object_component>
      <object_component id="oc-4e">
         <name>.debug_info</name>
         <load_address>0xb187</load_address>
         <run_address>0xb187</run_address>
         <size>0x1b6</size>
         <input_file_ref idref="fl-dd"/>
      </object_component>
      <object_component id="oc-8d">
         <name>.debug_info</name>
         <load_address>0xb33d</load_address>
         <run_address>0xb33d</run_address>
         <size>0x46</size>
         <input_file_ref idref="fl-dd"/>
      </object_component>
      <object_component id="oc-46">
         <name>.debug_info</name>
         <load_address>0xb383</load_address>
         <run_address>0xb383</run_address>
         <size>0x2a9</size>
         <input_file_ref idref="fl-de"/>
      </object_component>
      <object_component id="oc-19">
         <name>.debug_info</name>
         <load_address>0xb62c</load_address>
         <run_address>0xb62c</run_address>
         <size>0x1eb</size>
         <input_file_ref idref="fl-de"/>
      </object_component>
      <object_component id="oc-41">
         <name>.debug_info</name>
         <load_address>0xb817</load_address>
         <run_address>0xb817</run_address>
         <size>0x46</size>
         <input_file_ref idref="fl-de"/>
      </object_component>
      <object_component id="oc-85">
         <name>.debug_info</name>
         <load_address>0xb85d</load_address>
         <run_address>0xb85d</run_address>
         <size>0x2c</size>
         <input_file_ref idref="fl-de"/>
      </object_component>
      <object_component id="oc-83">
         <name>.debug_info</name>
         <load_address>0xb889</load_address>
         <run_address>0xb889</run_address>
         <size>0x29f</size>
         <input_file_ref idref="fl-df"/>
      </object_component>
      <object_component id="oc-13">
         <name>.debug_info</name>
         <load_address>0xbb28</load_address>
         <run_address>0xbb28</run_address>
         <size>0x251</size>
         <input_file_ref idref="fl-df"/>
      </object_component>
      <object_component id="oc-31">
         <name>.debug_info</name>
         <load_address>0xbd79</load_address>
         <run_address>0xbd79</run_address>
         <size>0x60</size>
         <input_file_ref idref="fl-df"/>
      </object_component>
      <object_component id="oc-c4">
         <name>.debug_info</name>
         <load_address>0xbdd9</load_address>
         <run_address>0xbdd9</run_address>
         <size>0x46</size>
         <input_file_ref idref="fl-df"/>
      </object_component>
      <object_component id="oc-7e">
         <name>.debug_info</name>
         <load_address>0xbe1f</load_address>
         <run_address>0xbe1f</run_address>
         <size>0x39</size>
         <input_file_ref idref="fl-df"/>
      </object_component>
      <object_component id="oc-196">
         <name>.debug_info</name>
         <load_address>0xbe58</load_address>
         <run_address>0xbe58</run_address>
         <size>0x3ae</size>
         <input_file_ref idref="fl-e0"/>
      </object_component>
      <object_component id="oc-193">
         <name>.debug_info</name>
         <load_address>0xc206</load_address>
         <run_address>0xc206</run_address>
         <size>0x191</size>
         <input_file_ref idref="fl-e0"/>
      </object_component>
      <object_component id="oc-f6">
         <name>.debug_info</name>
         <load_address>0xc397</load_address>
         <run_address>0xc397</run_address>
         <size>0x123</size>
         <input_file_ref idref="fl-e0"/>
      </object_component>
      <object_component id="oc-fb">
         <name>.debug_info</name>
         <load_address>0xc4ba</load_address>
         <run_address>0xc4ba</run_address>
         <size>0x185</size>
         <input_file_ref idref="fl-e0"/>
      </object_component>
      <object_component id="oc-25d">
         <name>.debug_info</name>
         <load_address>0xc63f</load_address>
         <run_address>0xc63f</run_address>
         <size>0x2ca</size>
         <input_file_ref idref="fl-e1"/>
      </object_component>
      <object_component id="oc-17e">
         <name>.debug_info</name>
         <load_address>0xc909</load_address>
         <run_address>0xc909</run_address>
         <size>0x11f</size>
         <input_file_ref idref="fl-e1"/>
      </object_component>
      <object_component id="oc-257">
         <name>.debug_info</name>
         <load_address>0xca28</load_address>
         <run_address>0xca28</run_address>
         <size>0x12f</size>
         <input_file_ref idref="fl-e1"/>
      </object_component>
      <object_component id="oc-2b4">
         <name>.debug_info</name>
         <load_address>0xcb57</load_address>
         <run_address>0xcb57</run_address>
         <size>0x2ba</size>
         <input_file_ref idref="fl-e2"/>
      </object_component>
      <object_component id="oc-210">
         <name>.debug_info</name>
         <load_address>0xce11</load_address>
         <run_address>0xce11</run_address>
         <size>0x17d</size>
         <input_file_ref idref="fl-e2"/>
[...]
         <name>ir_getDistance</name>
         <value>0x23e5</value>
         <object_component_ref idref="oc-163"/>
      </symbol>
      <symbol id="sm-16a">
         <name>ir_init</name>
         <value>0x2371</value>
         <object_component_ref idref="oc-163"/>
      </symbol>
      <symbol id="sm-16b">
         <name>ADC0SS0_Handler</name>
         <value>0x241d</value>
         <object_component_ref idref="oc-163"/>
      </symbol>
      <symbol id="sm-16c">
         <name>ir_getValue</name>
         <value>0x23d1</value>
         <object_component_ref idref="oc-163"/>
      </symbol>
      <symbol id="sm-18e">
         <name>risingEdge</name>
         <value>0x2000249c</value>
      </symbol>
      <symbol id="sm-18f">
         <name>fallingEdge</name>
         <value>0x20002490</value>
      </symbol>
      <symbol id="sm-190">
         <name>pulseLength</name>
         <value>0x20002498</value>
      </symbol>
      <symbol id="sm-191">
         <name>isRisingEdge</name>
         <value>0x200024a0</value>
      </symbol>
      <symbol id="sm-192">
         <name>TIMER3B_Handler</name>
         <value>0x17a9</value>
         <object_component_ref idref="oc-169"/>
      </symbol>
      <symbol id="sm-193">
         <name>ping_init</name>
         <value>0x16d1</value>
         <object_component_ref idref="oc-169"/>
      </symbol>
      <symbol id="sm-194">
         <name>ping_getDistance</name>
         <value>0x1773</value>
         <object_component_ref idref="oc-169"/>
      </symbol>
      <symbol id="sm-195">
         <name>ping_trigger</name>
         <value>0x166d</value>
         <object_component_ref idref="oc-169"/>
      </symbol>
      <symbol id="sm-1ad">
         <name>servo_move</name>
         <value>0x2547</value>
         <object_component_ref idref="oc-16f"/>
      </symbol>
      <symbol id="sm-1ae">
         <name>servo_init</name>
         <value>0x2567</value>
         <object_component_ref idref="oc-16f"/>
      </symbol>
      <symbol id="sm-1af">
         <name>servo_stop</name>
         <value>0x2529</value>
         <object_component_ref idref="oc-16f"/>
      </symbol>
      <symbol id="sm-1b0">
         <name>servo_setPWM</name>
         <value>0x2535</value>
         <object_component_ref idref="oc-16f"/>
      </symbol>
      <symbol id="sm-1dc">
         <name>printf</name>
         <value>0x2c7d</value>
         <object_component_ref idref="oc-ec"/>
      </symbol>
      <symbol id="sm-346">
         <name>__TI_printfi</name>
         <value>0x26d</value>
         <object_component_ref idref="oc-177"/>
      </symbol>
      <symbol id="sm-370">
         <name>vsnprintf</name>
         <value>0x32f9</value>
         <object_component_ref idref="oc-145"/>
      </symbol>
      <symbol id="sm-385">
         <name>putc</name>
         <value>0x27d1</value>
         <object_component_ref idref="oc-26a"/>
      </symbol>
      <symbol id="sm-386">
         <name>fputc</name>
         <value>0x27d1</value>
         <object_component_ref idref="oc-26a"/>
      </symbol>
      <symbol id="sm-3a9">
         <name>fputs</name>
         <value>0x1d79</value>
         <object_component_ref idref="oc-263"/>
      </symbol>
      <symbol id="sm-3c1">
         <name>__TI_wrt_ok</name>
         <value>0x2dad</value>
         <object_component_ref idref="oc-32d"/>
      </symbol>
      <symbol id="sm-3dd">
         <name>setvbuf</name>
         <value>0x244d</value>
         <object_component_ref idref="oc-39a"/>
      </symbol>
      <symbol id="sm-3fd">
         <name>frexpl</name>
         <value>0x2ce5</value>
         <object_component_ref idref="oc-2fb"/>
      </symbol>
      <symbol id="sm-3fe">
         <name>frexp</name>
         <value>0x2ce5</value>
         <object_component_ref idref="oc-2fb"/>
      </symbol>
      <symbol id="sm-41b">
         <name>scalbn</name>
         <value>0x1e8d</value>
         <object_component_ref idref="oc-301"/>
      </symbol>
      <symbol id="sm-41c">
         <name>scalbnl</name>
         <value>0x1e8d</value>
         <object_component_ref idref="oc-301"/>
      </symbol>
      <symbol id="sm-41d">
         <name>ldexpl</name>
         <value>0x1e8d</value>
         <object_component_ref idref="oc-301"/>
      </symbol>
      <symbol id="sm-41e">
         <name>ldexp</name>
         <value>0x1e8d</value>
         <object_component_ref idref="oc-301"/>
      </symbol>
      <symbol id="sm-42b">
         <name>__aeabi_uldivmod</name>
         <value>0x273b</value>
         <object_component_ref idref="oc-2b5"/>
      </symbol>
      <symbol id="sm-43a">
         <name>__aeabi_memset</name>
         <value>0x29e7</value>
         <object_component_ref idref="oc-93"/>
      </symbol>
      <symbol id="sm-43b">
         <name>memset</name>
         <value>0x29ed</value>
         <object_component_ref idref="oc-93"/>
      </symbol>
      <symbol id="sm-43c">
         <name>__aeabi_memset8</name>
         <value>0x29e7</value>
         <object_component_ref idref="oc-93"/>
      </symbol>
      <symbol id="sm-43d">
         <name>__aeabi_memset4</name>
         <value>0x29e7</value>
         <object_component_ref idref="oc-93"/>
      </symbol>
      <symbol id="sm-43e">
         <name>__aeabi_memclr8</name>
         <value>0x29e5</value>
         <object_component_ref idref="oc-93"/>
      </symbol>
      <symbol id="sm-43f">
         <name>__aeabi_memclr4</name>
         <value>0x29e5</value>
         <object_component_ref idref="oc-93"/>
      </symbol>
      <symbol id="sm-440">
         <name>__aeabi_memclr</name>
         <value>0x29e5</value>
         <object_component_ref idref="oc-93"/>
      </symbol>
      <symbol id="sm-457">
         <name>__aeabi_dsub</name>
         <value>0x1829</value>
         <object_component_ref idref="oc-2db"/>
      </symbol>
      <symbol id="sm-458">
         <name>__aeabi_dadd</name>
         <value>0x1833</value>
         <object_component_ref idref="oc-2db"/>
      </symbol>
      <symbol id="sm-47a">
         <name>__aeabi_cdcmpeq</name>
         <value>0x285d</value>
         <object_component_ref idref="oc-21a"/>
      </symbol>
      <symbol id="sm-47b">
         <name>__aeabi_cdcmple</name>
         <value>0x285d</value>
         <object_component_ref idref="oc-21a"/>
      </symbol>
      <symbol id="sm-47c">
         <name>__aeabi_cdrcmple</name>
         <value>0x28e3</value>
         <object_component_ref idref="oc-2c6"/>
      </symbol>
      <symbol id="sm-490">
         <name>__aeabi_ddiv</name>
         <value>0x1b1d</value>
         <object_component_ref idref="oc-2c1"/>
      </symbol>
      <symbol id="sm-49b">
         <name>__aeabi_dmul</name>
         <value>0x1f9d</value>
         <object_component_ref idref="oc-2bc"/>
      </symbol>
      <symbol id="sm-4a5">
         <name>__aeabi_d2iz</name>
         <value>0x31a1</value>
         <object_component_ref idref="oc-2cb"/>
      </symbol>
      <symbol id="sm-4b1">
         <name>__aeabi_i2d</name>
         <value>0x3559</value>
         <object_component_ref idref="oc-2d6"/>
      </symbol>
      <symbol id="sm-4cc">
         <name>memcpy</name>
         <value>0x269f</value>
         <object_component_ref idref="oc-3b"/>
      </symbol>
      <symbol id="sm-4cd">
         <name>__aeabi_memcpy</name>
         <value>0x269f</value>
         <object_component_ref idref="oc-3b"/>
      </symbol>
      <symbol id="sm-4ce">
         <name>__aeabi_memcpy8</name>
         <value>0x269f</value>
         <object_component_ref idref="oc-3b"/>
      </symbol>
      <symbol id="sm-4cf">
         <name>__aeabi_memcpy4</name>
         <value>0x269f</value>
         <object_component_ref idref="oc-3b"/>
      </symbol>
      <symbol id="sm-4e1">
         <name>__TI_zero_init</name>
         <value>0x3759</value>
         <object_component_ref idref="oc-4d"/>
      </symbol>
      <symbol id="sm-4f8">
         <name>__TI_decompress_none</name>
         <value>0x373f</value>
         <object_component_ref idref="oc-18"/>
      </symbol>
      <symbol id="sm-51b">
         <name>__TI_decompress_lzss</name>
         <value>0x2c15</value>
         <object_component_ref idref="oc-12"/>
      </symbol>
      <symbol id="sm-541">
         <name>C$$EXIT</name>
         <value>0x378d</value>
         <object_component_ref idref="oc-f3"/>
      </symbol>
      <symbol id="sm-542">
         <name>abort</name>
         <value>0x378d</value>
         <object_component_ref idref="oc-f3"/>
      </symbol>
      <symbol id="sm-543">
         <name>__TI_dtors_ptr</name>
         <value>0x20002670</value>
         <object_component_ref idref="oc-192"/>
      </symbol>
      <symbol id="sm-544">
         <name>__TI_cleanup_ptr</name>
         <value>0x2000266c</value>
         <object_component_ref idref="oc-192"/>
      </symbol>
      <symbol id="sm-545">
         <name>__TI_enable_exit_profile_output</name>
         <value>0x20002674</value>
         <object_component_ref idref="oc-192"/>
      </symbol>
      <symbol id="sm-546">
         <name>exit</name>
         <value>0x3111</value>
         <object_component_ref idref="oc-f9"/>
      </symbol>
      <symbol id="sm-55b">
         <name>_nop</name>
         <value>0xcbb</value>
         <object_component_ref idref="oc-255"/>
      </symbol>
      <symbol id="sm-55c">
         <name>_lock</name>
         <value>0x20002678</value>
         <object_component_ref idref="oc-17d"/>
      </symbol>
      <symbol id="sm-55d">
         <name>_unlock</name>
         <value>0x2000267c</value>
         <object_component_ref idref="oc-17d"/>
      </symbol>
      <symbol id="sm-573">
         <name>atoi</name>
         <value>0x30c5</value>
         <object_component_ref idref="oc-20e"/>
      </symbol>
      <symbol id="sm-57e">
         <name>_ctypes_</name>
         <value>0x3790</value>
         <object_component_ref idref="oc-2b0"/>
      </symbol>
      <symbol id="sm-593">
         <name>__TI_tmpnams</name>
         <value>0x20002390</value>
      </symbol>
      <symbol id="sm-594">
         <name>__aeabi_stdout</name>
         <value>0x20002664</value>
         <object_component_ref idref="oc-417"/>
      </symbol>
      <symbol id="sm-595">
         <name>__aeabi_stderr</name>
         <value>0x20002668</value>
         <object_component_ref idref="oc-417"/>
      </symbol>
      <symbol id="sm-596">
         <name>__aeabi_stdin</name>
         <value>0x20002660</value>
         <object_component_ref idref="oc-417"/>
      </symbol>
      <symbol id="sm-597">
         <name>_ftable</name>
         <value>0x200024a4</value>
         <object_component_ref idref="oc-180"/>
      </symbol>
      <symbol id="sm-598">
         <name>__TI_ft_end</name>
         <value>0x2000265c</value>
         <object_component_ref idref="oc-417"/>
      </symbol>
      <symbol id="sm-5a7">
         <name>ltoa</name>
         <value>0x2fd3</value>
         <object_component_ref idref="oc-2d0"/>
      </symbol>
      <symbol id="sm-5b7">
         <name>memccpy</name>
         <value>0x3669</value>
         <object_component_ref idref="oc-237"/>
      </symbol>
      <symbol id="sm-5c7">
         <name>memchr</name>
         <value>0x362d</value>
         <object_component_ref idref="oc-333"/>
      </symbol>
      <symbol id="sm-64e">
         <name>_sys_memory</name>
         <value>0x20001270</value>
         <object_component_ref idref="oc-21"/>
      </symbol>
      <symbol id="sm-64f">
         <name>free</name>
         <value>0x2289</value>
         <object_component_ref idref="oc-3c8"/>
      </symbol>
      <symbol id="sm-650">
         <name>memalign</name>
         <value>0x2195</value>
         <object_component_ref idref="oc-40a"/>
      </symbol>
      <symbol id="sm-651">
         <name>malloc</name>
         <value>0x3779</value>
         <object_component_ref idref="oc-3ce"/>
      </symbol>
      <symbol id="sm-652">
         <name>aligned_alloc</name>
         <value>0x2195</value>
         <object_component_ref idref="oc-40a"/>
      </symbol>
      <symbol id="sm-662">
         <name>strchr</name>
         <value>0x36cf</value>
         <object_component_ref idref="oc-307"/>
      </symbol>
      <symbol id="sm-671">
         <name>strcmp</name>
         <value>0x36b7</value>
         <object_component_ref idref="oc-14b"/>
      </symbol>
      <symbol id="sm-67f">
         <name>strcpy</name>
         <value>0x36e5</value>
         <object_component_ref idref="oc-151"/>
      </symbol>
      <symbol id="sm-68d">
         <name>strlen</name>
         <value>0x36f9</value>
         <object_component_ref idref="oc-208"/>
      </symbol>
      <symbol id="sm-6a7">
         <name>write</name>
         <value>0x3605</value>
         <object_component_ref idref="oc-33f"/>
      </symbol>
      <symbol id="sm-6b8">
         <name>_stream</name>
         <value>0x2000260c</value>
         <object_component_ref idref="oc-3a6"/>
      </symbol>
      <symbol id="sm-6b9">
         <name>_device</name>
         <value>0x20002594</value>
         <object_component_ref idref="oc-3e7"/>
      </symbol>
      <symbol id="sm-6cc">
         <name>__stack</name>
         <value>0x20000270</value>
         <object_component_ref idref="oc-24"/>
      </symbol>
      <symbol id="sm-6cd">
         <name>_c_int00_noargs</name>
         <value>0x34c5</value>
         <object_component_ref idref="oc-59"/>
      </symbol>
      <symbol id="sm-6e3">
         <name>__aeabi_errno_addr</name>
         <value>0x3771</value>
         <object_component_ref idref="oc-243"/>
      </symbol>
      <symbol id="sm-6e4">
         <name>errno</name>
         <value>0x20002688</value>
         <object_component_ref idref="oc-317"/>
      </symbol>
      <symbol id="sm-6fd">
         <name>wcslen</name>
         <value>0x370d</value>
         <object_component_ref idref="oc-23d"/>
      </symbol>
      <symbol id="sm-707">
         <name>copysign</name>
         <value>0x3685</value>
         <object_component_ref idref="oc-378"/>
      </symbol>
      <symbol id="sm-708">
         <name>copysignl</name>
         <value>0x3685</value>
         <object_component_ref idref="oc-378"/>
      </symbol>
      <symbol id="sm-718">
         <name>__TI_doflush</name>
         <value>0x3079</value>
         <object_component_ref idref="oc-339"/>
      </symbol>
      <symbol id="sm-728">
         <name>__TI_cleanup</name>
         <value>0x345d</value>
         <object_component_ref idref="oc-3d4"/>
      </symbol>
      <symbol id="sm-73a">
         <name>fseek</name>
         <value>0x2d49</value>
         <object_component_ref idref="oc-394"/>
      </symbol>
      <symbol id="sm-744">
         <name>__aeabi_idiv0</name>
         <value>0x19df</value>
         <object_component_ref idref="oc-35f"/>
      </symbol>
      <symbol id="sm-745">
         <name>__aeabi_ldiv0</name>
         <value>0x19df</value>
         <object_component_ref idref="oc-35f"/>
      </symbol>
      <symbol id="sm-76d">
         <name>__TI_auto_init_nobinit_nopinit</name>
         <value>0x3271</value>
         <object_component_ref idref="oc-ff"/>
      </symbol>
      <symbol id="sm-777">
         <name>_system_pre_init</name>
         <value>0x3789</value>
         <object_component_ref idref="oc-99"/>
      </symbol>
      <symbol id="sm-78a">
         <name>HOSTclose</name>
         <value>0x31e9</value>
         <object_component_ref idref="oc-423"/>
      </symbol>
      <symbol id="sm-79b">
         <name>HOSTlseek</name>
         <value>0x2b45</value>
         <object_component_ref idref="oc-435"/>
      </symbol>
      <symbol id="sm-7ad">
         <name>parmbuf</name>
         <value>0x20002484</value>
      </symbol>
      <symbol id="sm-7ae">
         <name>HOSTopen</name>
         <value>0x2e11</value>
         <object_component_ref idref="oc-41d"/>
      </symbol>
      <symbol id="sm-7bf">
         <name>HOSTread</name>
         <value>0x2ecd</value>
         <object_component_ref idref="oc-429"/>
      </symbol>
      <symbol id="sm-7d0">
         <name>HOSTrename</name>
         <value>0x2bad</value>
         <object_component_ref idref="oc-441"/>
      </symbol>
      <symbol id="sm-7e1">
         <name>HOSTunlink</name>
         <value>0x322d</value>
         <object_component_ref idref="oc-43b"/>
      </symbol>
      <symbol id="sm-7f2">
         <name>HOSTwrite</name>
         <value>0x2f25</value>
         <object_component_ref idref="oc-42f"/>
      </symbol>
      <symbol id="sm-816">
         <name>__TI_readmsg</name>
         <value>0x3491</value>
         <object_component_ref idref="oc-470"/>
      </symbol>
      <symbol id="sm-817">
         <name>C$$IO$$</name>
         <value>0x33e7</value>
         <object_component_ref idref="oc-46a"/>
      </symbol>
      <symbol id="sm-818">
         <name>__CIOBUF_</name>
         <value>0x20002270</value>
         <object_component_ref idref="oc-495"/>
      </symbol>
      <symbol id="sm-819">
         <name>__TI_writemsg</name>
         <value>0x33b9</value>
         <object_component_ref idref="oc-46a"/>
      </symbol>
      <symbol id="sm-82a">
         <name>lseek</name>
         <value>0x35dd</value>
         <object_component_ref idref="oc-3c0"/>
      </symbol>
      <symbol id="sm-83f">
         <name>__TI_closefile</name>
         <value>0x2a61</value>
         <object_component_ref idref="oc-411"/>
      </symbol>
      <symbol id="sm-862">
         <name>finddevice</name>
         <value>0x3529</value>
         <object_component_ref idref="oc-4b1"/>
      </symbol>
      <symbol id="sm-863">
         <name>getdevice</name>
         <value>0x32b5</value>
         <object_component_ref idref="oc-48b"/>
      </symbol>
      <symbol id="sm-873">
         <name>strncpy</name>
         <value>0x33f1</value>
         <object_component_ref idref="oc-4ab"/>
      </symbol>
      <symbol id="sm-888">
         <name>close</name>
         <value>0x2e71</value>
         <object_component_ref idref="oc-459"/>
      </symbol>
      <symbol id="sm-898">
         <name>unlink</name>
         <value>0x3589</value>
         <object_component_ref idref="oc-45f"/>
      </symbol>
      <symbol id="sm-8bd">
         <name>IntRegister</name>
         <value>0x3429</value>
         <object_component_ref idref="oc-133"/>
      </symbol>
      <symbol id="sm-8be">
         <name>g_pfnRAMVectors</name>
         <value>0x20000000</value>
         <object_component_ref idref="oc-1ae"/>
      </symbol>
      <symbol id="sm-8bf">
         <name>IntMasterEnable</name>
         <value>0x371f</value>
         <object_component_ref idref="oc-1df"/>
      </symbol>
      <symbol id="sm-8c9">
         <name>CPUcpsie</name>
         <value>0x374d</value>
         <object_component_ref idref="oc-29c"/>
      </symbol>
      <symbol id="sm-8ca">
         <name>__TI_static_base__</name>
         <value>0x0</value>
      </symbol>
      <symbol id="sm-8cd">
         <name>__mpu_init</name>
         <value>0x0</value>
      </symbol>
      <symbol id="sm-8ce">
         <name>_system_post_cinit</name>
         <value>0x0</value>
      </symbol>
      <symbol id="sm-8cf">
         <name>remove</name>
         <value>0x3589</value>
      </symbol>
   </symbol_table>
   <title>Link successful</title>
</link_info>
