<?xml version="1.0" encoding="ISO-8859-1" ?>
<link_info>
   <banner>TI ARM Linker PC v18.12.2.LTS</banner>
   <copyright>Copyright (c) 1996-2018 Texas Instruments Incorporated</copyright>
   <link_time>0x5e6bf0cd</link_time>
   <link_errors>0x0</link_errors>
   <output_file>Lab7.out</output_file>
   <entry_point>
      <name>_c_int00_noargs</name>
      <address>0x328d</address>
   </entry_point>
   <input_file_list>
      <input_file id="fl-2">
         <path>.\</path>
         <kind>object</kind>
         <file>Timer.obj</file>
         <name>Timer.obj</name>
      </input_file>
      <input_file id="fl-3">
         <path>.\</path>
         <kind>object</kind>
         <file>lab7main.obj</file>
         <name>lab7main.obj</name>
      </input_file>
      <input_file id="fl-4">
         <path>.\</path>
         <kind>object</kind>
         <file>lcd.obj</file>
         <name>lcd.obj</name>
      </input_file>
      <input_file id="fl-5">
         <path>.\</path>
         <kind>object</kind>
         <file>ping.obj</file>
         <name>ping.obj</name>
      </input_file>
      <input_file id="fl-6">
         <path>.\</path>
         <kind>object</kind>
         <file>tm4c123gh6pm_startup_ccs.obj</file>
         <name>tm4c123gh6pm_startup_ccs.obj</name>
      </input_file>
      <input_file id="fl-d">
         <kind>object</kind>
         <file>&lt;internal&gt;</file>
         <name>&lt;internal&gt;</name>
      </input_file>
      <input_file id="fl-c3">
         <path>C:\ti\ccs910\ccs\tools\compiler\ti-cgt-arm_18.12.2.LTS\lib\</path>
         <kind>archive</kind>
         <file>rtsv7M4_T_le_v4SPD16_eabi.lib</file>
         <name>printf.c.obj</name>
      </input_file>
      <input_file id="fl-c4">
         <path>C:\ti\ccs910\ccs\tools\compiler\ti-cgt-arm_18.12.2.LTS\lib\</path>
         <kind>archive</kind>
         <file>rtsv7M4_T_le_v4SPD16_eabi.lib</file>
         <name>_printfi.c.obj</name>
      </input_file>
      <input_file id="fl-c5">
         <path>C:\ti\ccs910\ccs\tools\compiler\ti-cgt-arm_18.12.2.LTS\lib\</path>
         <kind>archive</kind>
         <file>rtsv7M4_T_le_v4SPD16_eabi.lib</file>
         <name>vsnprintf.c.obj</name>
      </input_file>
      <input_file id="fl-c6">
         <path>C:\ti\ccs910\ccs\tools\compiler\ti-cgt-arm_18.12.2.LTS\lib\</path>
         <kind>archive</kind>
         <file>rtsv7M4_T_le_v4SPD16_eabi.lib</file>
         <name>fputc.c.obj</name>
      </input_file>
      <input_file id="fl-c7">
         <path>C:\ti\ccs910\ccs\tools\compiler\ti-cgt-arm_18.12.2.LTS\lib\</path>
         <kind>archive</kind>
         <file>rtsv7M4_T_le_v4SPD16_eabi.lib</file>
         <name>fputs.c.obj</name>
      </input_file>
      <input_file id="fl-c8">
         <path>C:\ti\ccs910\ccs\tools\compiler\ti-cgt-arm_18.12.2.LTS\lib\</path>
         <kind>archive</kind>
         <file>rtsv7M4_T_le_v4SPD16_eabi.lib</file>
         <name>_io_perm.c.obj</name>
      </input_file>
      <input_file id="fl-c9">
         <path>C:\ti\ccs910\ccs\tools\compiler\ti-cgt-arm_18.12.2.LTS\lib\</path>
         <kind>archive</kind>
         <file>rtsv7M4_T_le_v4SPD16_eabi.lib</file>
         <name>setvbuf.c.obj</name>
      </input_file>
      <input_file id="fl-ca">
         <path>C:\ti\ccs910\ccs\tools\compiler\ti-cgt-arm_18.12.2.LTS\lib\</path>
         <kind>archive</kind>
         <file>rtsv7M4_T_le_v4SPD16_eabi.lib</file>
         <name>s_frexp.c.obj</name>
      </input_file>
      <input_file id="fl-cb">
         <path>C:\ti\ccs910\ccs\tools\compiler\ti-cgt-arm_18.12.2.LTS\lib\</path>
         <kind>archive</kind>
         <file>rtsv7M4_T_le_v4SPD16_eabi.lib</file>
         <name>s_scalbn.c.obj</name>
      </input_file>
      <input_file id="fl-cc">
         <path>C:\ti\ccs910\ccs\tools\compiler\ti-cgt-arm_18.12.2.LTS\lib\</path>
         <kind>archive</kind>
         <file>rtsv7M4_T_le_v4SPD16_eabi.lib</file>
         <name>ull_div_t2.asm.obj</name>
      </input_file>
      <input_file id="fl-cd">
         <path>C:\ti\ccs910\ccs\tools\compiler\ti-cgt-arm_18.12.2.LTS\lib\</path>
         <kind>archive</kind>
         <file>rtsv7M4_T_le_v4SPD16_eabi.lib</file>
         <name>memset_t2.asm.obj</name>
      </input_file>
      <input_file id="fl-ce">
         <path>C:\ti\ccs910\ccs\tools\compiler\ti-cgt-arm_18.12.2.LTS\lib\</path>
         <kind>archive</kind>
         <file>rtsv7M4_T_le_v4SPD16_eabi.lib</file>
         <name>fd_add_t2.asm.obj</name>
      </input_file>
      <input_file id="fl-cf">
         <path>C:\ti\ccs910\ccs\tools\compiler\ti-cgt-arm_18.12.2.LTS\lib\</path>
         <kind>archive</kind>
         <file>rtsv7M4_T_le_v4SPD16_eabi.lib</file>
         <name>fd_cmp_t2.asm.obj</name>
      </input_file>
      <input_file id="fl-d0">
         <path>C:\ti\ccs910\ccs\tools\compiler\ti-cgt-arm_18.12.2.LTS\lib\</path>
         <kind>archive</kind>
         <file>rtsv7M4_T_le_v4SPD16_eabi.lib</file>
         <name>fd_div_t2.asm.obj</name>
      </input_file>
      <input_file id="fl-d1">
         <path>C:\ti\ccs910\ccs\tools\compiler\ti-cgt-arm_18.12.2.LTS\lib\</path>
         <kind>archive</kind>
         <file>rtsv7M4_T_le_v4SPD16_eabi.lib</file>
         <name>fd_mul_t2.asm.obj</name>
      </input_file>
      <input_file id="fl-d2">
         <path>C:\ti\ccs910\ccs\tools\compiler\ti-cgt-arm_18.12.2.LTS\lib\</path>
         <kind>archive</kind>
         <file>rtsv7M4_T_le_v4SPD16_eabi.lib</file>
         <name>fd_toi_t2.asm.obj</name>
      </input_file>
      <input_file id="fl-d3">
         <path>C:\ti\ccs910\ccs\tools\compiler\ti-cgt-arm_18.12.2.LTS\lib\</path>
         <kind>archive</kind>
         <file>rtsv7M4_T_le_v4SPD16_eabi.lib</file>
         <name>fs_tod_t2.asm.obj</name>
      </input_file>
      <input_file id="fl-d4">
         <path>C:\ti\ccs910\ccs\tools\compiler\ti-cgt-arm_18.12.2.LTS\lib\</path>
         <kind>archive</kind>
         <file>rtsv7M4_T_le_v4SPD16_eabi.lib</file>
         <name>i_tofd_t2.asm.obj</name>
      </input_file>
      <input_file id="fl-d5">
         <path>C:\ti\ccs910\ccs\tools\compiler\ti-cgt-arm_18.12.2.LTS\lib\</path>
         <kind>archive</kind>
         <file>rtsv7M4_T_le_v4SPD16_eabi.lib</file>
         <name>memcpy_t2.asm.obj</name>
      </input_file>
      <input_file id="fl-d6">
         <path>C:\ti\ccs910\ccs\tools\compiler\ti-cgt-arm_18.12.2.LTS\lib\</path>
         <kind>archive</kind>
         <file>rtsv7M4_T_le_v4SPD16_eabi.lib</file>
         <name>copy_zero_init.c.obj</name>
      </input_file>
      <input_file id="fl-d7">
         <path>C:\ti\ccs910\ccs\tools\compiler\ti-cgt-arm_18.12.2.LTS\lib\</path>
         <kind>archive</kind>
         <file>rtsv7M4_T_le_v4SPD16_eabi.lib</file>
         <name>copy_decompress_none.c.obj</name>
      </input_file>
      <input_file id="fl-d8">
         <path>C:\ti\ccs910\ccs\tools\compiler\ti-cgt-arm_18.12.2.LTS\lib\</path>
         <kind>archive</kind>
         <file>rtsv7M4_T_le_v4SPD16_eabi.lib</file>
         <name>copy_decompress_lzss.c.obj</name>
      </input_file>
      <input_file id="fl-d9">
         <path>C:\ti\ccs910\ccs\tools\compiler\ti-cgt-arm_18.12.2.LTS\lib\</path>
         <kind>archive</kind>
         <file>rtsv7M4_T_le_v4SPD16_eabi.lib</file>
         <name>exit.c.obj</name>
      </input_file>
      <input_file id="fl-da">
         <path>C:\ti\ccs910\ccs\tools\compiler\ti-cgt-arm_18.12.2.LTS\lib\</path>
         <kind>archive</kind>
         <file>rtsv7M4_T_le_v4SPD16_eabi.lib</file>
         <name>_lock.c.obj</name>
      </input_file>
      <input_file id="fl-db">
         <path>C:\ti\ccs910\ccs\tools\compiler\ti-cgt-arm_18.12.2.LTS\lib\</path>
         <kind>archive</kind>
         <file>rtsv7M4_T_le_v4SPD16_eabi.lib</file>
         <name>atoi.c.obj</name>
      </input_file>
      <input_file id="fl-dc">
         <path>C:\ti\ccs910\ccs\tools\compiler\ti-cgt-arm_18.12.2.LTS\lib\</path>
         <kind>archive</kind>
         <file>rtsv7M4_T_le_v4SPD16_eabi.lib</file>
         <name>ctype.c.obj</name>
      </input_file>
      <input_file id="fl-dd">
         <path>C:\ti\ccs910\ccs\tools\compiler\ti-cgt-arm_18.12.2.LTS\lib\</path>
         <kind>archive</kind>
         <file>rtsv7M4_T_le_v4SPD16_eabi.lib</file>
         <name>defs.c.obj</name>
      </input_file>
      <input_file id="fl-de">
         <path>C:\ti\ccs910\ccs\tools\compiler\ti-cgt-arm_18.12.2.LTS\lib\</path>
         <kind>archive</kind>
         <file>rtsv7M4_T_le_v4SPD16_eabi.lib</file>
         <name>ltoa.c.obj</name>
      </input_file>
      <input_file id="fl-df">
         <path>C:\ti\ccs910\ccs\tools\compiler\ti-cgt-arm_18.12.2.LTS\lib\</path>
         <kind>archive</kind>
         <file>rtsv7M4_T_le_v4SPD16_eabi.lib</file>
         <name>memccpy.c.obj</name>
      </input_file>
      <input_file id="fl-e0">
         <path>C:\ti\ccs910\ccs\tools\compiler\ti-cgt-arm_18.12.2.LTS\lib\</path>
         <kind>archive</kind>
         <file>rtsv7M4_T_le_v4SPD16_eabi.lib</file>
         <name>memchr.c.obj</name>
      </input_file>
      <input_file id="fl-e1">
         <path>C:\ti\ccs910\ccs\tools\compiler\ti-cgt-arm_18.12.2.LTS\lib\</path>
         <kind>archive</kind>
         <file>rtsv7M4_T_le_v4SPD16_eabi.lib</file>
         <name>memory.c.obj</name>
      </input_file>
      <input_file id="fl-e2">
         <path>C:\ti\ccs910\ccs\tools\compiler\ti-cgt-arm_18.12.2.LTS\lib\</path>
         <kind>archive</kind>
         <file>rtsv7M4_T_le_v4SPD16_eabi.lib</file>
         <name>strchr.c.obj</name>
      </input_file>
      <input_file id="fl-e3">
         <path>C:\ti\ccs910\ccs\tools\compiler\ti-cgt-arm_18.12.2.LTS\lib\</path>
         <kind>archive</kind>
         <file>rtsv7M4_T_le_v4SPD16_eabi.lib</file>
         <name>strcmp.c.obj</name>
      </input_file>
      <input_file id="fl-e4">
         <path>C:\ti\ccs910\ccs\tools\compiler\ti-cgt-arm_18.12.2.LTS\lib\</path>
         <kind>archive</kind>
         <file>rtsv7M4_T_le_v4SPD16_eabi.lib</file>
         <name>strcpy.c.obj</name>
      </input_file>
      <input_file id="fl-e5">
         <path>C:\ti\ccs910\ccs\tools\compiler\ti-cgt-arm_18.12.2.LTS\lib\</path>
         <kind>archive</kind>
         <file>rtsv7M4_T_le_v4SPD16_eabi.lib</file>
         <name>strlen.c.obj</name>
      </input_file>
      <input_file id="fl-e6">
         <path>C:\ti\ccs910\ccs\tools\compiler\ti-cgt-arm_18.12.2.LTS\lib\</path>
         <kind>archive</kind>
         <file>rtsv7M4_T_le_v4SPD16_eabi.lib</file>
         <name>write.c.obj</name>
      </input_file>
      <input_file id="fl-e7">
         <path>C:\ti\ccs910\ccs\tools\compiler\ti-cgt-arm_18.12.2.LTS\lib\</path>
         <kind>archive</kind>
         <file>rtsv7M4_T_le_v4SPD16_eabi.lib</file>
         <name>host_device.c.obj</name>
      </input_file>
      <input_file id="fl-e8">
         <path>C:\ti\ccs910\ccs\tools\compiler\ti-cgt-arm_18.12.2.LTS\lib\</path>
         <kind>archive</kind>
         <file>rtsv7M4_T_le_v4SPD16_eabi.lib</file>
         <name>boot_cortex_m.c.obj</name>
      </input_file>
      <input_file id="fl-e9">
         <path>C:\ti\ccs910\ccs\tools\compiler\ti-cgt-arm_18.12.2.LTS\lib\</path>
         <kind>archive</kind>
         <file>rtsv7M4_T_le_v4SPD16_eabi.lib</file>
         <name>errno.c.obj</name>
      </input_file>
      <input_file id="fl-ea">
         <path>C:\ti\ccs910\ccs\tools\compiler\ti-cgt-arm_18.12.2.LTS\lib\</path>
         <kind>archive</kind>
         <file>rtsv7M4_T_le_v4SPD16_eabi.lib</file>
         <name>wcslen.c.obj</name>
      </input_file>
      <input_file id="fl-eb">
         <path>C:\ti\ccs910\ccs\tools\compiler\ti-cgt-arm_18.12.2.LTS\lib\</path>
         <kind>archive</kind>
         <file>rtsv7M4_T_le_v4SPD16_eabi.lib</file>
         <name>s_copysign.c.obj</name>
      </input_file>
      <input_file id="fl-ec">
         <path>C:\ti\ccs910\ccs\tools\compiler\ti-cgt-arm_18.12.2.LTS\lib\</path>
         <kind>archive</kind>
         <file>rtsv7M4_T_le_v4SPD16_eabi.lib</file>
         <name>fflush.c.obj</name>
      </input_file>
      <input_file id="fl-ed">
         <path>C:\ti\ccs910\ccs\tools\compiler\ti-cgt-arm_18.12.2.LTS\lib\</path>
         <kind>archive</kind>
         <file>rtsv7M4_T_le_v4SPD16_eabi.lib</file>
         <name>fopen.c.obj</name>
      </input_file>
      <input_file id="fl-ee">
         <path>C:\ti\ccs910\ccs\tools\compiler\ti-cgt-arm_18.12.2.LTS\lib\</path>
         <kind>archive</kind>
         <file>rtsv7M4_T_le_v4SPD16_eabi.lib</file>
         <name>fseek.c.obj</name>
      </input_file>
      <input_file id="fl-ef">
         <path>C:\ti\ccs910\ccs\tools\compiler\ti-cgt-arm_18.12.2.LTS\lib\</path>
         <kind>archive</kind>
         <file>rtsv7M4_T_le_v4SPD16_eabi.lib</file>
         <name>div0.asm.obj</name>
      </input_file>
      <input_file id="fl-f0">
         <path>C:\ti\ccs910\ccs\tools\compiler\ti-cgt-arm_18.12.2.LTS\lib\</path>
         <kind>archive</kind>
         <file>rtsv7M4_T_le_v4SPD16_eabi.lib</file>
         <name>autoinit.c.obj</name>
      </input_file>
      <input_file id="fl-f1">
         <path>C:\ti\ccs910\ccs\tools\compiler\ti-cgt-arm_18.12.2.LTS\lib\</path>
         <kind>archive</kind>
         <file>rtsv7M4_T_le_v4SPD16_eabi.lib</file>
         <name>pre_init.c.obj</name>
      </input_file>
      <input_file id="fl-f2">
         <path>C:\ti\ccs910\ccs\tools\compiler\ti-cgt-arm_18.12.2.LTS\lib\</path>
         <kind>archive</kind>
         <file>rtsv7M4_T_le_v4SPD16_eabi.lib</file>
         <name>cpy_tbl.c.obj</name>
      </input_file>
      <input_file id="fl-f3">
         <path>C:\ti\ccs910\ccs\tools\compiler\ti-cgt-arm_18.12.2.LTS\lib\</path>
         <kind>archive</kind>
         <file>rtsv7M4_T_le_v4SPD16_eabi.lib</file>
         <name>args_main.c.obj</name>
      </input_file>
      <input_file id="fl-f4">
         <path>C:\ti\ccs910\ccs\tools\compiler\ti-cgt-arm_18.12.2.LTS\lib\</path>
         <kind>archive</kind>
         <file>rtsv7M4_T_le_v4SPD16_eabi.lib</file>
         <name>hostclose.c.obj</name>
      </input_file>
      <input_file id="fl-f5">
         <path>C:\ti\ccs910\ccs\tools\compiler\ti-cgt-arm_18.12.2.LTS\lib\</path>
         <kind>archive</kind>
         <file>rtsv7M4_T_le_v4SPD16_eabi.lib</file>
         <name>hostlseek.c.obj</name>
      </input_file>
      <input_file id="fl-f6">
         <path>C:\ti\ccs910\ccs\tools\compiler\ti-cgt-arm_18.12.2.LTS\lib\</path>
         <kind>archive</kind>
         <file>rtsv7M4_T_le_v4SPD16_eabi.lib</file>
         <name>hostopen.c.obj</name>
      </input_file>
      <input_file id="fl-f7">
         <path>C:\ti\ccs910\ccs\tools\compiler\ti-cgt-arm_18.12.2.LTS\lib\</path>
         <kind>archive</kind>
         <file>rtsv7M4_T_le_v4SPD16_eabi.lib</file>
         <name>hostread.c.obj</name>
      </input_file>
      <input_file id="fl-f8">
         <path>C:\ti\ccs910\ccs\tools\compiler\ti-cgt-arm_18.12.2.LTS\lib\</path>
         <kind>archive</kind>
         <file>rtsv7M4_T_le_v4SPD16_eabi.lib</file>
         <name>hostrename.c.obj</name>
      </input_file>
      <input_file id="fl-f9">
         <path>C:\ti\ccs910\ccs\tools\compiler\ti-cgt-arm_18.12.2.LTS\lib\</path>
         <kind>archive</kind>
         <file>rtsv7M4_T_le_v4SPD16_eabi.lib</file>
         <name>hostunlink.c.obj</name>
      </input_file>
      <input_file id="fl-fa">
         <path>C:\ti\ccs910\ccs\tools\compiler\ti-cgt-arm_18.12.2.LTS\lib\</path>
         <kind>archive</kind>
         <file>rtsv7M4_T_le_v4SPD16_eabi.lib</file>
         <name>hostwrite.c.obj</name>
      </input_file>
      <input_file id="fl-fb">
         <path>C:\ti\ccs910\ccs\tools\compiler\ti-cgt-arm_18.12.2.LTS\lib\</path>
         <kind>archive</kind>
         <file>rtsv7M4_T_le_v4SPD16_eabi.lib</file>
         <name>trgmsg.c.obj</name>
      </input_file>
      <input_file id="fl-fc">
         <path>C:\ti\ccs910\ccs\tools\compiler\ti-cgt-arm_18.12.2.LTS\lib\</path>
         <kind>archive</kind>
         <file>rtsv7M4_T_le_v4SPD16_eabi.lib</file>
         <name>open.c.obj</name>
      </input_file>
      <input_file id="fl-fd">
         <path>C:\ti\ccs910\ccs\tools\compiler\ti-cgt-arm_18.12.2.LTS\lib\</path>
         <kind>archive</kind>
         <file>rtsv7M4_T_le_v4SPD16_eabi.lib</file>
         <name>lseek.c.obj</name>
      </input_file>
      <input_file id="fl-fe">
         <path>C:\ti\ccs910\ccs\tools\compiler\ti-cgt-arm_18.12.2.LTS\lib\</path>
         <kind>archive</kind>
         <file>rtsv7M4_T_le_v4SPD16_eabi.lib</file>
         <name>fclose.c.obj</name>
      </input_file>
      <input_file id="fl-ff">
         <path>C:\ti\ccs910\ccs\tools\compiler\ti-cgt-arm_18.12.2.LTS\lib\</path>
         <kind>archive</kind>
         <file>rtsv7M4_T_le_v4SPD16_eabi.lib</file>
         <name>getdevice.c.obj</name>
      </input_file>
      <input_file id="fl-100">
         <path>C:\ti\ccs910\ccs\tools\compiler\ti-cgt-arm_18.12.2.LTS\lib\</path>
         <kind>archive</kind>
         <file>rtsv7M4_T_le_v4SPD16_eabi.lib</file>
         <name>strncpy.c.obj</name>
      </input_file>
      <input_file id="fl-101">
         <path>C:\ti\ccs910\ccs\tools\compiler\ti-cgt-arm_18.12.2.LTS\lib\</path>
         <kind>archive</kind>
         <file>rtsv7M4_T_le_v4SPD16_eabi.lib</file>
         <name>remove.c.obj</name>
      </input_file>
      <input_file id="fl-102">
         <path>C:\ti\ccs910\ccs\tools\compiler\ti-cgt-arm_18.12.2.LTS\lib\</path>
         <kind>archive</kind>
         <file>rtsv7M4_T_le_v4SPD16_eabi.lib</file>
         <name>close.c.obj</name>
      </input_file>
      <input_file id="fl-103">
         <path>C:\ti\ccs910\ccs\tools\compiler\ti-cgt-arm_18.12.2.LTS\lib\</path>
         <kind>archive</kind>
         <file>rtsv7M4_T_le_v4SPD16_eabi.lib</file>
         <name>unlink.c.obj</name>
      </input_file>
      <input_file id="fl-104">
         <path>C:\ti\TivaWare_C_Series-2.1.4.178\driverlib\ccs\Debug\</path>
         <kind>archive</kind>
         <file>driverlib.lib</file>
         <name>interrupt.obj</name>
      </input_file>
      <input_file id="fl-105">
         <path>C:\ti\TivaWare_C_Series-2.1.4.178\driverlib\ccs\Debug\</path>
         <kind>archive</kind>
         <file>driverlib.lib</file>
         <name>cpu.obj</name>
      </input_file>
   </input_file_list>
   <object_component_list>
      <object_component id="oc-f">
         <name>.intvecs</name>
         <load_address>0x0</load_address>
         <run_address>0x0</run_address>
         <size>0x26c</size>
         <input_file_ref idref="fl-6"/>
      </object_component>
      <object_component id="oc-173">
         <name>.text:__TI_printfi</name>
         <load_address>0x26c</load_address>
         <run_address>0x26c</run_address>
         <size>0xa4e</size>
         <input_file_ref idref="fl-c4"/>
      </object_component>
      <object_component id="oc-231">
         <name>.text:_nop</name>
         <load_address>0xcba</load_address>
         <run_address>0xcba</run_address>
         <size>0x2</size>
         <input_file_ref idref="fl-da"/>
      </object_component>
      <object_component id="oc-da">
         <name>.text</name>
         <load_address>0xcbc</load_address>
         <run_address>0xcbc</run_address>
         <size>0x328</size>
         <input_file_ref idref="fl-4"/>
      </object_component>
      <object_component id="oc-20d">
         <name>.text:_pconv_a</name>
         <load_address>0xfe4</load_address>
         <run_address>0xfe4</run_address>
         <size>0x270</size>
         <input_file_ref idref="fl-c4"/>
      </object_component>
      <object_component id="oc-d4">
         <name>.text</name>
         <load_address>0x1254</load_address>
         <run_address>0x1254</run_address>
         <size>0x248</size>
         <input_file_ref idref="fl-2"/>
      </object_component>
      <object_component id="oc-e0">
         <name>.text</name>
         <load_address>0x149c</load_address>
         <run_address>0x149c</run_address>
         <size>0x218</size>
         <input_file_ref idref="fl-5"/>
      </object_component>
      <object_component id="oc-1fb">
         <name>.text:_pconv_g</name>
         <load_address>0x16b4</load_address>
         <run_address>0x16b4</run_address>
         <size>0x1d0</size>
         <input_file_ref idref="fl-c4"/>
      </object_component>
      <object_component id="oc-2a6">
         <name>.text</name>
         <load_address>0x1884</load_address>
         <run_address>0x1884</run_address>
         <size>0x1b6</size>
         <input_file_ref idref="fl-ce"/>
      </object_component>
      <object_component id="oc-329">
         <name>.text</name>
         <load_address>0x1a3a</load_address>
         <run_address>0x1a3a</run_address>
         <size>0x2</size>
         <input_file_ref idref="fl-ef"/>
      </object_component>
      <object_component id="oc-207">
         <name>.text:_pconv_e</name>
         <load_address>0x1a3c</load_address>
         <run_address>0x1a3c</run_address>
         <size>0x13c</size>
         <input_file_ref idref="fl-c4"/>
      </object_component>
      <object_component id="oc-28c">
         <name>.text</name>
         <load_address>0x1b78</load_address>
         <run_address>0x1b78</run_address>
         <size>0x136</size>
         <input_file_ref idref="fl-d0"/>
      </object_component>
      <object_component id="oc-2b8">
         <name>.text:fcvt</name>
         <load_address>0x1cb0</load_address>
         <run_address>0x1cb0</run_address>
         <size>0x124</size>
         <input_file_ref idref="fl-c4"/>
      </object_component>
      <object_component id="oc-23f">
         <name>.text:fputs</name>
         <load_address>0x1dd4</load_address>
         <run_address>0x1dd4</run_address>
         <size>0x114</size>
         <input_file_ref idref="fl-c7"/>
      </object_component>
      <object_component id="oc-2cc">
         <name>.text:scalbn</name>
         <load_address>0x1ee8</load_address>
         <run_address>0x1ee8</run_address>
         <size>0x110</size>
         <input_file_ref idref="fl-cb"/>
      </object_component>
      <object_component id="oc-287">
         <name>.text</name>
         <load_address>0x1ff8</load_address>
         <run_address>0x1ff8</run_address>
         <size>0xfc</size>
         <input_file_ref idref="fl-d1"/>
      </object_component>
      <object_component id="oc-3d4">
         <name>.text:aligned_alloc</name>
         <load_address>0x20f4</load_address>
         <run_address>0x20f4</run_address>
         <size>0xf4</size>
         <input_file_ref idref="fl-e1"/>
      </object_component>
      <object_component id="oc-392">
         <name>.text:free</name>
         <load_address>0x21e8</load_address>
         <run_address>0x21e8</run_address>
         <size>0xe8</size>
         <input_file_ref idref="fl-e1"/>
      </object_component>
      <object_component id="oc-364">
         <name>.text:setvbuf</name>
         <load_address>0x22d0</load_address>
         <run_address>0x22d0</run_address>
         <size>0xdc</size>
         <input_file_ref idref="fl-c9"/>
      </object_component>
      <object_component id="oc-1f0">
         <name>.text:_ltostr</name>
         <load_address>0x23ac</load_address>
         <run_address>0x23ac</run_address>
         <size>0xb1</size>
         <input_file_ref idref="fl-c4"/>
      </object_component>
      <object_component id="oc-3b">
         <name>.text</name>
         <load_address>0x245e</load_address>
         <run_address>0x245e</run_address>
         <size>0x9c</size>
         <input_file_ref idref="fl-d5"/>
      </object_component>
      <object_component id="oc-280">
         <name>.text</name>
         <load_address>0x24fa</load_address>
         <run_address>0x24fa</run_address>
         <size>0x96</size>
         <input_file_ref idref="fl-cc"/>
      </object_component>
      <object_component id="oc-246">
         <name>.text:fputc</name>
         <load_address>0x2590</load_address>
         <run_address>0x2590</run_address>
         <size>0x8c</size>
         <input_file_ref idref="fl-c6"/>
      </object_component>
      <object_component id="oc-1f6">
         <name>.text:__aeabi_cdcmple</name>
         <load_address>0x261c</load_address>
         <run_address>0x261c</run_address>
         <size>0x86</size>
         <input_file_ref idref="fl-cf"/>
      </object_component>
      <object_component id="oc-291">
         <name>.text:__aeabi_cdrcmple</name>
         <load_address>0x26a2</load_address>
         <run_address>0x26a2</run_address>
         <size>0x86</size>
         <input_file_ref idref="fl-cf"/>
      </object_component>
      <object_component id="oc-41c">
         <name>.text:split</name>
         <load_address>0x2728</load_address>
         <run_address>0x2728</run_address>
         <size>0x7c</size>
         <input_file_ref idref="fl-e1"/>
      </object_component>
      <object_component id="oc-93">
         <name>.text</name>
         <load_address>0x27a4</load_address>
         <run_address>0x27a4</run_address>
         <size>0x7a</size>
         <input_file_ref idref="fl-cd"/>
      </object_component>
      <object_component id="oc-3db">
         <name>.text:__TI_closefile</name>
         <load_address>0x2820</load_address>
         <run_address>0x2820</run_address>
         <size>0x74</size>
         <input_file_ref idref="fl-fe"/>
      </object_component>
      <object_component id="oc-2b1">
         <name>.text:_mcpy</name>
         <load_address>0x2894</load_address>
         <run_address>0x2894</run_address>
         <size>0x6e</size>
         <input_file_ref idref="fl-c4"/>
      </object_component>
      <object_component id="oc-3ff">
         <name>.text:HOSTlseek</name>
         <load_address>0x2904</load_address>
         <run_address>0x2904</run_address>
         <size>0x68</size>
         <input_file_ref idref="fl-f5"/>
      </object_component>
      <object_component id="oc-40b">
         <name>.text:HOSTrename</name>
         <load_address>0x296c</load_address>
         <run_address>0x296c</run_address>
         <size>0x68</size>
         <input_file_ref idref="fl-f8"/>
      </object_component>
      <object_component id="oc-12">
         <name>.text:decompress:lzss:__TI_decompress_lzss</name>
         <load_address>0x29d4</load_address>
         <run_address>0x29d4</run_address>
         <size>0x68</size>
         <input_file_ref idref="fl-d8"/>
      </object_component>
      <object_component id="oc-eb">
         <name>.text:printf</name>
         <load_address>0x2a3c</load_address>
         <run_address>0x2a3c</run_address>
         <size>0x68</size>
         <input_file_ref idref="fl-c3"/>
      </object_component>
      <object_component id="oc-2c6">
         <name>.text:frexp</name>
         <load_address>0x2aa4</load_address>
         <run_address>0x2aa4</run_address>
         <size>0x64</size>
         <input_file_ref idref="fl-ca"/>
      </object_component>
      <object_component id="oc-35e">
         <name>.text:fseek</name>
         <load_address>0x2b08</load_address>
         <run_address>0x2b08</run_address>
         <size>0x64</size>
         <input_file_ref idref="fl-ee"/>
      </object_component>
      <object_component id="oc-2f8">
         <name>.text:__TI_wrt_ok</name>
         <load_address>0x2b6c</load_address>
         <run_address>0x2b6c</run_address>
         <size>0x62</size>
         <input_file_ref idref="fl-c8"/>
      </object_component>
      <object_component id="oc-3e7">
         <name>.text:HOSTopen</name>
         <load_address>0x2bd0</load_address>
         <run_address>0x2bd0</run_address>
         <size>0x60</size>
         <input_file_ref idref="fl-f6"/>
      </object_component>
      <object_component id="oc-423">
         <name>.text:close</name>
         <load_address>0x2c30</load_address>
         <run_address>0x2c30</run_address>
         <size>0x5c</size>
         <input_file_ref idref="fl-102"/>
      </object_component>
      <object_component id="oc-3f3">
         <name>.text:HOSTread</name>
         <load_address>0x2c8c</load_address>
         <run_address>0x2c8c</run_address>
         <size>0x58</size>
         <input_file_ref idref="fl-f7"/>
      </object_component>
      <object_component id="oc-3f9">
         <name>.text:HOSTwrite</name>
         <load_address>0x2ce4</load_address>
         <run_address>0x2ce4</run_address>
         <size>0x58</size>
         <input_file_ref idref="fl-fa"/>
      </object_component>
      <object_component id="oc-9f">
         <name>.text</name>
         <load_address>0x2d3c</load_address>
         <run_address>0x2d3c</run_address>
         <size>0x58</size>
         <input_file_ref idref="fl-3"/>
      </object_component>
      <object_component id="oc-201">
         <name>.text:_pconv_f</name>
         <load_address>0x2d94</load_address>
         <run_address>0x2d94</run_address>
         <size>0x56</size>
         <input_file_ref idref="fl-c4"/>
      </object_component>
      <object_component id="oc-29b">
         <name>.text:ltoa</name>
         <load_address>0x2dea</load_address>
         <run_address>0x2dea</run_address>
         <size>0x54</size>
         <input_file_ref idref="fl-de"/>
      </object_component>
      <object_component id="oc-2ab">
         <name>.text:_ecpy</name>
         <load_address>0x2e3e</load_address>
         <run_address>0x2e3e</run_address>
         <size>0x52</size>
         <input_file_ref idref="fl-c4"/>
      </object_component>
      <object_component id="oc-304">
         <name>.text:__TI_doflush</name>
         <load_address>0x2e90</load_address>
         <run_address>0x2e90</run_address>
         <size>0x4c</size>
         <input_file_ref idref="fl-ec"/>
      </object_component>
      <object_component id="oc-1ea">
         <name>.text:atoi</name>
         <load_address>0x2edc</load_address>
         <run_address>0x2edc</run_address>
         <size>0x4c</size>
         <input_file_ref idref="fl-db"/>
      </object_component>
      <object_component id="oc-f8">
         <name>.text:exit</name>
         <load_address>0x2f28</load_address>
         <run_address>0x2f28</run_address>
         <size>0x48</size>
         <input_file_ref idref="fl-d9"/>
      </object_component>
      <object_component id="oc-296">
         <name>.text</name>
         <load_address>0x2f70</load_address>
         <run_address>0x2f70</run_address>
         <size>0x48</size>
         <input_file_ref idref="fl-d2"/>
      </object_component>
      <object_component id="oc-3ed">
         <name>.text:HOSTclose</name>
         <load_address>0x2fb8</load_address>
         <run_address>0x2fb8</run_address>
         <size>0x44</size>
         <input_file_ref idref="fl-f4"/>
      </object_component>
      <object_component id="oc-405">
         <name>.text:HOSTunlink</name>
         <load_address>0x2ffc</load_address>
         <run_address>0x2ffc</run_address>
         <size>0x44</size>
         <input_file_ref idref="fl-f9"/>
      </object_component>
      <object_component id="oc-fe">
         <name>.text:__TI_auto_init_nobinit_nopinit:__TI_auto_init_nobinit_nopinit</name>
         <load_address>0x3040</load_address>
         <run_address>0x3040</run_address>
         <size>0x44</size>
         <input_file_ref idref="fl-f0"/>
      </object_component>
      <object_component id="oc-455">
         <name>.text:getdevice</name>
         <load_address>0x3084</load_address>
         <run_address>0x3084</run_address>
         <size>0x44</size>
         <input_file_ref idref="fl-ff"/>
      </object_component>
      <object_component id="oc-144">
         <name>.text:vsnprintf</name>
         <load_address>0x30c8</load_address>
         <run_address>0x30c8</run_address>
         <size>0x40</size>
         <input_file_ref idref="fl-c5"/>
      </object_component>
      <object_component id="oc-2be">
         <name>.text:_fcpy</name>
         <load_address>0x3108</load_address>
         <run_address>0x3108</run_address>
         <size>0x3e</size>
         <input_file_ref idref="fl-c4"/>
      </object_component>
      <object_component id="oc-434">
         <name>.text:__TI_writemsg</name>
         <load_address>0x3148</load_address>
         <run_address>0x3148</run_address>
         <size>0x38</size>
         <input_file_ref idref="fl-fb"/>
      </object_component>
      <object_component id="oc-e6">
         <name>.text</name>
         <load_address>0x3180</load_address>
         <run_address>0x3180</run_address>
         <size>0x38</size>
         <input_file_ref idref="fl-d3"/>
      </object_component>
      <object_component id="oc-475">
         <name>.text:strncpy</name>
         <load_address>0x31b8</load_address>
         <run_address>0x31b8</run_address>
         <size>0x36</size>
         <input_file_ref idref="fl-100"/>
      </object_component>
      <object_component id="oc-132">
         <name>.text:IntRegister</name>
         <load_address>0x31f0</load_address>
         <run_address>0x31f0</run_address>
         <size>0x34</size>
         <input_file_ref idref="fl-104"/>
      </object_component>
      <object_component id="oc-39e">
         <name>.text:__TI_cleanup</name>
         <load_address>0x3224</load_address>
         <run_address>0x3224</run_address>
         <size>0x34</size>
         <input_file_ref idref="fl-ed"/>
      </object_component>
      <object_component id="oc-43a">
         <name>.text:__TI_readmsg</name>
         <load_address>0x3258</load_address>
         <run_address>0x3258</run_address>
         <size>0x34</size>
         <input_file_ref idref="fl-fb"/>
      </object_component>
      <object_component id="oc-59">
         <name>.text:_c_int00_noargs:_c_int00_noargs</name>
         <load_address>0x328c</load_address>
         <run_address>0x328c</run_address>
         <size>0x34</size>
         <input_file_ref idref="fl-e8"/>
      </object_component>
      <object_component id="oc-1b6">
         <name>.text:_outs</name>
         <load_address>0x32c0</load_address>
         <run_address>0x32c0</run_address>
         <size>0x30</size>
         <input_file_ref idref="fl-c5"/>
      </object_component>
      <object_component id="oc-47b">
         <name>.text:finddevice</name>
         <load_address>0x32f0</load_address>
         <run_address>0x32f0</run_address>
         <size>0x30</size>
         <input_file_ref idref="fl-ff"/>
      </object_component>
      <object_component id="oc-2a1">
         <name>.text</name>
         <load_address>0x3320</load_address>
         <run_address>0x3320</run_address>
         <size>0x2e</size>
         <input_file_ref idref="fl-d4"/>
      </object_component>
      <object_component id="oc-429">
         <name>.text:unlink</name>
         <load_address>0x3350</load_address>
         <run_address>0x3350</run_address>
         <size>0x2c</size>
         <input_file_ref idref="fl-103"/>
      </object_component>
      <object_component id="oc-3cd">
         <name>.text:free_list_insert</name>
         <load_address>0x337c</load_address>
         <run_address>0x337c</run_address>
         <size>0x28</size>
         <input_file_ref idref="fl-e1"/>
      </object_component>
      <object_component id="oc-38a">
         <name>.text:lseek</name>
         <load_address>0x33a4</load_address>
         <run_address>0x33a4</run_address>
         <size>0x28</size>
         <input_file_ref idref="fl-fd"/>
      </object_component>
      <object_component id="oc-30a">
         <name>.text:write</name>
         <load_address>0x33cc</load_address>
         <run_address>0x33cc</run_address>
         <size>0x28</size>
         <input_file_ref idref="fl-e6"/>
      </object_component>
      <object_component id="oc-2fe">
         <name>.text:memchr</name>
         <load_address>0x33f4</load_address>
         <run_address>0x33f4</run_address>
         <size>0x20</size>
         <input_file_ref idref="fl-e0"/>
      </object_component>
      <object_component id="oc-3c7">
         <name>.text:free_list_remove</name>
         <load_address>0x3414</load_address>
         <run_address>0x3414</run_address>
         <size>0x1c</size>
         <input_file_ref idref="fl-e1"/>
      </object_component>
      <object_component id="oc-213">
         <name>.text:memccpy</name>
         <load_address>0x3430</load_address>
         <run_address>0x3430</run_address>
         <size>0x1c</size>
         <input_file_ref idref="fl-df"/>
      </object_component>
      <object_component id="oc-342">
         <name>.text:copysign</name>
         <load_address>0x344c</load_address>
         <run_address>0x344c</run_address>
         <size>0x1a</size>
         <input_file_ref idref="fl-eb"/>
      </object_component>
      <object_component id="oc-1bc">
         <name>.text:_outc</name>
         <load_address>0x3466</load_address>
         <run_address>0x3466</run_address>
         <size>0x18</size>
         <input_file_ref idref="fl-c5"/>
      </object_component>
      <object_component id="oc-14a">
         <name>.text:strcmp</name>
         <load_address>0x347e</load_address>
         <run_address>0x347e</run_address>
         <size>0x18</size>
         <input_file_ref idref="fl-e3"/>
      </object_component>
      <object_component id="oc-2d2">
         <name>.text:strchr</name>
         <load_address>0x3496</load_address>
         <run_address>0x3496</run_address>
         <size>0x16</size>
         <input_file_ref idref="fl-e2"/>
      </object_component>
      <object_component id="oc-150">
         <name>.text:strcpy</name>
         <load_address>0x34ac</load_address>
         <run_address>0x34ac</run_address>
         <size>0x14</size>
         <input_file_ref idref="fl-e4"/>
      </object_component>
      <object_component id="oc-1e4">
         <name>.text:strlen</name>
         <load_address>0x34c0</load_address>
         <run_address>0x34c0</run_address>
         <size>0x14</size>
         <input_file_ref idref="fl-e5"/>
      </object_component>
      <object_component id="oc-219">
         <name>.text:wcslen</name>
         <load_address>0x34d4</load_address>
         <run_address>0x34d4</run_address>
         <size>0x12</size>
         <input_file_ref idref="fl-ea"/>
      </object_component>
      <object_component id="oc-160">
         <name>.text:IntMasterEnable</name>
         <load_address>0x34e6</load_address>
         <run_address>0x34e6</run_address>
         <size>0x10</size>
         <input_file_ref idref="fl-104"/>
      </object_component>
      <object_component id="oc-13d">
         <name>.text:lcd_clear</name>
         <load_address>0x34f6</load_address>
         <run_address>0x34f6</run_address>
         <size>0x10</size>
         <input_file_ref idref="fl-4"/>
      </object_component>
      <object_component id="oc-18">
         <name>.text:decompress:none:__TI_decompress_none</name>
         <load_address>0x3506</load_address>
         <run_address>0x3506</run_address>
         <size>0xe</size>
         <input_file_ref idref="fl-d7"/>
      </object_component>
      <object_component id="oc-1d9">
         <name>.text:CPUcpsie</name>
         <load_address>0x3514</load_address>
         <run_address>0x3514</run_address>
         <size>0xc</size>
         <input_file_ref idref="fl-105"/>
      </object_component>
      <object_component id="oc-4d">
         <name>.text:decompress:ZI:__TI_zero_init</name>
         <load_address>0x3520</load_address>
         <run_address>0x3520</run_address>
         <size>0xc</size>
         <input_file_ref idref="fl-d6"/>
      </object_component>
      <object_component id="oc-27">
         <name>.text</name>
         <load_address>0x352c</load_address>
         <run_address>0x352c</run_address>
         <size>0xc</size>
         <input_file_ref idref="fl-6"/>
      </object_component>
      <object_component id="oc-21f">
         <name>.text:__aeabi_errno_addr</name>
         <load_address>0x3538</load_address>
         <run_address>0x3538</run_address>
         <size>0x8</size>
         <input_file_ref idref="fl-e9"/>
      </object_component>
      <object_component id="oc-398">
         <name>.text:malloc</name>
         <load_address>0x3540</load_address>
         <run_address>0x3540</run_address>
         <size>0x8</size>
         <input_file_ref idref="fl-e1"/>
      </object_component>
      <object_component id="oc-185">
         <name>.text:_outc</name>
         <load_address>0x3548</load_address>
         <run_address>0x3548</run_address>
         <size>0x4</size>
         <input_file_ref idref="fl-c3"/>
      </object_component>
      <object_component id="oc-17f">
         <name>.text:_outs</name>
         <load_address>0x354c</load_address>
         <run_address>0x354c</run_address>
         <size>0x4</size>
         <input_file_ref idref="fl-c3"/>
      </object_component>
      <object_component id="oc-99">
         <name>.text:_system_pre_init</name>
         <load_address>0x3550</load_address>
         <run_address>0x3550</run_address>
         <size>0x4</size>
         <input_file_ref idref="fl-f1"/>
      </object_component>
      <object_component id="oc-f2">
         <name>.text:abort:abort</name>
         <load_address>0x3554</load_address>
         <run_address>0x3554</run_address>
         <size>0x4</size>
         <input_file_ref idref="fl-d9"/>
      </object_component>
      <object_component id="oc-27b">
         <name>.const:.string:_ctypes_</name>
         <load_address>0x3558</load_address>
         <run_address>0x3558</run_address>
         <size>0x101</size>
         <input_file_ref idref="fl-dc"/>
      </object_component>
      <object_component id="oc-156">
         <name>.const:.string:lineAddress$1</name>
         <load_address>0x3659</load_address>
         <run_address>0x3659</run_address>
         <size>0x4</size>
         <input_file_ref idref="fl-4"/>
      </object_component>
      <object_component id="oc-157">
         <name>.const:.string:lineAddresses$2</name>
         <load_address>0x365d</load_address>
         <run_address>0x365d</run_address>
         <size>0x4</size>
         <input_file_ref idref="fl-4"/>
      </object_component>
      <object_component id="oc-4bf">
         <name>.cinit..data.load</name>
         <load_address>0x3668</load_address>
         <run_address>0x3668</run_address>
         <size>0x6a</size>
      </object_component>
      <object_component id="oc-4bc">
         <name>__TI_handler_table</name>
         <load_address>0x36d4</load_address>
         <run_address>0x36d4</run_address>
         <size>0xc</size>
      </object_component>
      <object_component id="oc-4c0">
         <name>.cinit..bss.load</name>
         <load_address>0x36e0</load_address>
         <run_address>0x36e0</run_address>
         <size>0x8</size>
      </object_component>
      <object_component id="oc-4be">
         <name>.cinit..vtable.load</name>
         <load_address>0x36e8</load_address>
         <run_address>0x36e8</run_address>
         <size>0x8</size>
      </object_component>
      <object_component id="oc-4bd">
         <name>__TI_cinit_table</name>
         <load_address>0x36f0</load_address>
         <run_address>0x36f0</run_address>
         <size>0x18</size>
      </object_component>
      <object_component id="oc-1aa">
         <name>.vtable</name>
         <uninitialized>true</uninitialized>
         <run_address>0x20000000</run_address>
         <size>0x26c</size>
         <input_file_ref idref="fl-104"/>
      </object_component>
      <object_component id="oc-138">
         <name>.data</name>
         <load_address>0x2000268c</load_address>
         <run_address>0x2000268c</run_address>
         <size>0x1</size>
         <input_file_ref idref="fl-2"/>
      </object_component>
      <object_component id="oc-166">
         <name>.data</name>
         <load_address>0x2000264c</load_address>
         <run_address>0x2000264c</run_address>
         <size>0x10</size>
         <input_file_ref idref="fl-5"/>
      </object_component>
      <object_component id="oc-18e">
         <name>.data:$O1$$</name>
         <load_address>0x2000266c</load_address>
         <run_address>0x2000266c</run_address>
         <size>0xc</size>
         <input_file_ref idref="fl-d9"/>
      </object_component>
      <object_component id="oc-179">
         <name>.data:$O1$$</name>
         <load_address>0x20002678</load_address>
         <run_address>0x20002678</run_address>
         <size>0x8</size>
         <input_file_ref idref="fl-da"/>
      </object_component>
      <object_component id="oc-17c">
         <name>.data:_ftable</name>
         <load_address>0x20002494</load_address>
         <run_address>0x20002494</run_address>
         <size>0xf0</size>
         <input_file_ref idref="fl-dd"/>
      </object_component>
      <object_component id="oc-3e1">
         <name>.data</name>
         <load_address>0x2000265c</load_address>
         <run_address>0x2000265c</run_address>
         <size>0x10</size>
         <input_file_ref idref="fl-dd"/>
      </object_component>
      <object_component id="oc-417">
         <name>.data:$O1$$</name>
         <load_address>0x20002680</load_address>
         <run_address>0x20002680</run_address>
         <size>0x8</size>
         <input_file_ref idref="fl-e1"/>
      </object_component>
      <object_component id="oc-3b1">
         <name>.data:_device</name>
         <load_address>0x20002584</load_address>
         <run_address>0x20002584</run_address>
         <size>0x78</size>
         <input_file_ref idref="fl-e7"/>
      </object_component>
      <object_component id="oc-370">
         <name>.data:_stream</name>
         <load_address>0x200025fc</load_address>
         <run_address>0x200025fc</run_address>
         <size>0x50</size>
         <input_file_ref idref="fl-e7"/>
      </object_component>
      <object_component id="oc-2e2">
         <name>.data</name>
         <load_address>0x20002688</load_address>
         <run_address>0x20002688</run_address>
         <size>0x4</size>
         <input_file_ref idref="fl-e9"/>
      </object_component>
      <object_component id="oc-158">
         <name>.bss:lastbuffer$3</name>
         <uninitialized>true</uninitialized>
         <run_address>0x20002430</run_address>
         <size>0x54</size>
         <input_file_ref idref="fl-4"/>
      </object_component>
      <object_component id="oc-45f">
         <name>.bss:_CIOBUF_</name>
         <uninitialized>true</uninitialized>
         <run_address>0x20002270</run_address>
         <size>0x120</size>
         <input_file_ref idref="fl-fb"/>
      </object_component>
      <object_component id="oc-13b">
         <name>.common:_timeout_ticks</name>
         <uninitialized>true</uninitialized>
         <run_address>0x2000248c</run_address>
         <size>0x4</size>
      </object_component>
      <object_component id="oc-169">
         <name>.common:interruptstatus</name>
         <uninitialized>true</uninitialized>
         <run_address>0x20002490</run_address>
         <size>0x4</size>
      </object_component>
      <object_component id="oc-42f">
         <name>.common:__TI_tmpnams</name>
         <uninitialized>true</uninitialized>
         <run_address>0x20002390</run_address>
         <size>0xa0</size>
      </object_component>
      <object_component id="oc-440">
         <name>.common:parmbuf</name>
         <uninitialized>true</uninitialized>
         <run_address>0x20002484</run_address>
         <size>0x8</size>
      </object_component>
      <object_component id="oc-21">
         <name>.sysmem</name>
         <uninitialized>true</uninitialized>
         <run_address>0x20001270</run_address>
         <size>0x10</size>
         <input_file_ref idref="fl-e1"/>
      </object_component>
      <object_component id="oc-4c2">
         <name>.sysmem</name>
         <uninitialized>true</uninitialized>
         <run_address>0x20001270</run_address>
         <size>0x0</size>
      </object_component>
      <object_component id="oc-24">
         <name>.stack</name>
         <uninitialized>true</uninitialized>
         <run_address>0x20000270</run_address>
         <size>0x4</size>
         <input_file_ref idref="fl-e8"/>
      </object_component>
      <object_component id="oc-4c1">
         <name>.stack</name>
         <uninitialized>true</uninitialized>
         <run_address>0x20000270</run_address>
         <size>0x0</size>
      </object_component>
      <object_component id="oc-c2">
         <name>.debug_info</name>
         <load_address>0x0</load_address>
         <run_address>0x0</run_address>
         <size>0x2b2</size>
         <input_file_ref idref="fl-2"/>
      </object_component>
      <object_component id="oc-139">
         <name>.debug_info</name>
         <load_address>0x2b2</load_address>
         <run_address>0x2b2</run_address>
         <size>0xc0</size>
         <input_file_ref idref="fl-2"/>
      </object_component>
      <object_component id="oc-d8">
         <name>.debug_info</name>
         <load_address>0x372</load_address>
         <run_address>0x372</run_address>
         <size>0x508</size>
         <input_file_ref idref="fl-2"/>
      </object_component>
      <object_component id="oc-74">
         <name>.debug_info</name>
         <load_address>0x87a</load_address>
         <run_address>0x87a</run_address>
         <size>0x26b</size>
         <input_file_ref idref="fl-2"/>
      </object_component>
      <object_component id="oc-36">
         <name>.debug_info</name>
         <load_address>0xae5</load_address>
         <run_address>0xae5</run_address>
         <size>0x84</size>
         <input_file_ref idref="fl-2"/>
      </object_component>
      <object_component id="oc-bd">
         <name>.debug_info</name>
         <load_address>0xb69</load_address>
         <run_address>0xb69</run_address>
         <size>0x297</size>
         <input_file_ref idref="fl-2"/>
      </object_component>
      <object_component id="oc-79">
         <name>.debug_info</name>
         <load_address>0xe00</load_address>
         <run_address>0xe00</run_address>
         <size>0xbb</size>
         <input_file_ref idref="fl-2"/>
      </object_component>
      <object_component id="oc-277">
         <name>.debug_info</name>
         <load_address>0xebb</load_address>
         <run_address>0xebb</run_address>
         <size>0x301</size>
         <input_file_ref idref="fl-3"/>
      </object_component>
      <object_component id="oc-a0">
         <name>.debug_info</name>
         <load_address>0x11bc</load_address>
         <run_address>0x11bc</run_address>
         <size>0x183</size>
         <input_file_ref idref="fl-3"/>
      </object_component>
      <object_component id="oc-1d4">
         <name>.debug_info</name>
         <load_address>0x133f</load_address>
         <run_address>0x133f</run_address>
         <size>0xcc</size>
         <input_file_ref idref="fl-3"/>
      </object_component>
      <object_component id="oc-15b">
         <name>.debug_info</name>
         <load_address>0x140b</load_address>
         <run_address>0x140b</run_address>
         <size>0x2c</size>
         <input_file_ref idref="fl-3"/>
      </object_component>
      <object_component id="oc-15a">
         <name>.debug_info</name>
         <load_address>0x1437</load_address>
         <run_address>0x1437</run_address>
         <size>0x37a</size>
         <input_file_ref idref="fl-4"/>
      </object_component>
      <object_component id="oc-13e">
         <name>.debug_info</name>
         <load_address>0x17b1</load_address>
         <run_address>0x17b1</run_address>
         <size>0x115</size>
         <input_file_ref idref="fl-4"/>
      </object_component>
      <object_component id="oc-db">
         <name>.debug_info</name>
         <load_address>0x18c6</load_address>
         <run_address>0x18c6</run_address>
         <size>0x8a1</size>
         <input_file_ref idref="fl-4"/>
      </object_component>
      <object_component id="oc-16a">
         <name>.debug_info</name>
         <load_address>0x2167</load_address>
         <run_address>0x2167</run_address>
         <size>0x31a</size>
         <input_file_ref idref="fl-5"/>
      </object_component>
      <object_component id="oc-167">
         <name>.debug_info</name>
         <load_address>0x2481</load_address>
         <run_address>0x2481</run_address>
         <size>0x122</size>
         <input_file_ref idref="fl-5"/>
      </object_component>
      <object_component id="oc-e1">
         <name>.debug_info</name>
         <load_address>0x25a3</load_address>
         <run_address>0x25a3</run_address>
         <size>0x22a</size>
         <input_file_ref idref="fl-5"/>
      </object_component>
      <object_component id="oc-16d">
         <name>.debug_info</name>
         <load_address>0x27cd</load_address>
         <run_address>0x27cd</run_address>
         <size>0x8b</size>
         <input_file_ref idref="fl-5"/>
      </object_component>
      <object_component id="oc-2f">
         <name>.debug_info</name>
         <load_address>0x2858</load_address>
         <run_address>0x2858</run_address>
         <size>0x29c</size>
         <input_file_ref idref="fl-6"/>
      </object_component>
      <object_component id="oc-10">
         <name>.debug_info</name>
         <load_address>0x2af4</load_address>
         <run_address>0x2af4</run_address>
         <size>0xdb</size>
         <input_file_ref idref="fl-6"/>
      </object_component>
      <object_component id="oc-28">
         <name>.debug_info</name>
         <load_address>0x2bcf</load_address>
         <run_address>0x2bcf</run_address>
         <size>0x257</size>
         <input_file_ref idref="fl-6"/>
      </object_component>
      <object_component id="oc-18c">
         <name>.debug_info</name>
         <load_address>0x2e26</load_address>
         <run_address>0x2e26</run_address>
         <size>0x3e6</size>
         <input_file_ref idref="fl-c3"/>
      </object_component>
      <object_component id="oc-186">
         <name>.debug_info</name>
         <load_address>0x320c</load_address>
         <run_address>0x320c</run_address>
         <size>0x158</size>
         <input_file_ref idref="fl-c3"/>
      </object_component>
      <object_component id="oc-182">
         <name>.debug_info</name>
         <load_address>0x3364</load_address>
         <run_address>0x3364</run_address>
         <size>0x167</size>
         <input_file_ref idref="fl-c3"/>
      </object_component>
      <object_component id="oc-ec">
         <name>.debug_info</name>
         <load_address>0x34cb</load_address>
         <run_address>0x34cb</run_address>
         <size>0x1ad</size>
         <input_file_ref idref="fl-c3"/>
      </object_component>
      <object_component id="oc-24f">
         <name>.debug_info</name>
         <load_address>0x3678</load_address>
         <run_address>0x3678</run_address>
         <size>0xb2</size>
         <input_file_ref idref="fl-c3"/>
      </object_component>
      <object_component id="oc-226">
         <name>.debug_info</name>
         <load_address>0x372a</load_address>
         <run_address>0x372a</run_address>
         <size>0x57c</size>
         <input_file_ref idref="fl-c4"/>
      </object_component>
      <object_component id="oc-1f2">
         <name>.debug_info</name>
         <load_address>0x3ca6</load_address>
         <run_address>0x3ca6</run_address>
         <size>0x21f</size>
         <input_file_ref idref="fl-c4"/>
      </object_component>
      <object_component id="oc-2ad">
         <name>.debug_info</name>
         <load_address>0x3ec5</load_address>
         <run_address>0x3ec5</run_address>
         <size>0x1b4</size>
         <input_file_ref idref="fl-c4"/>
      </object_component>
      <object_component id="oc-2b3">
         <name>.debug_info</name>
         <load_address>0x4079</load_address>
         <run_address>0x4079</run_address>
         <size>0x21c</size>
         <input_file_ref idref="fl-c4"/>
      </object_component>
      <object_component id="oc-1fd">
         <name>.debug_info</name>
         <load_address>0x4295</load_address>
         <run_address>0x4295</run_address>
         <size>0x3bc</size>
         <input_file_ref idref="fl-c4"/>
      </object_component>
      <object_component id="oc-2ba">
         <name>.debug_info</name>
         <load_address>0x4651</load_address>
         <run_address>0x4651</run_address>
         <size>0x306</size>
         <input_file_ref idref="fl-c4"/>
      </object_component>
      <object_component id="oc-2c0">
         <name>.debug_info</name>
         <load_address>0x4957</load_address>
         <run_address>0x4957</run_address>
         <size>0x216</size>
         <input_file_ref idref="fl-c4"/>
      </object_component>
      <object_component id="oc-203">
         <name>.debug_info</name>
         <load_address>0x4b6d</load_address>
         <run_address>0x4b6d</run_address>
         <size>0x216</size>
         <input_file_ref idref="fl-c4"/>
      </object_component>
      <object_component id="oc-20a">
         <name>.debug_info</name>
         <load_address>0x4d83</load_address>
         <run_address>0x4d83</run_address>
         <size>0x305</size>
         <input_file_ref idref="fl-c4"/>
      </object_component>
      <object_component id="oc-210">
         <name>.debug_info</name>
         <load_address>0x5088</load_address>
         <run_address>0x5088</run_address>
         <size>0x4b1</size>
         <input_file_ref idref="fl-c4"/>
      </object_component>
      <object_component id="oc-176">
         <name>.debug_info</name>
         <load_address>0x5539</load_address>
         <run_address>0x5539</run_address>
         <size>0x5f5</size>
         <input_file_ref idref="fl-c4"/>
      </object_component>
      <object_component id="oc-227">
         <name>.debug_info</name>
         <load_address>0x5b2e</load_address>
         <run_address>0x5b2e</run_address>
         <size>0x86</size>
         <input_file_ref idref="fl-c4"/>
      </object_component>
      <object_component id="oc-2e9">
         <name>.debug_info</name>
         <load_address>0x5bb4</load_address>
         <run_address>0x5bb4</run_address>
         <size>0x39</size>
         <input_file_ref idref="fl-c4"/>
      </object_component>
      <object_component id="oc-359">
         <name>.debug_info</name>
         <load_address>0x5bed</load_address>
         <run_address>0x5bed</run_address>
         <size>0xb6</size>
         <input_file_ref idref="fl-c4"/>
      </object_component>
      <object_component id="oc-2ee">
         <name>.debug_info</name>
         <load_address>0x5ca3</load_address>
         <run_address>0x5ca3</run_address>
         <size>0x46</size>
         <input_file_ref idref="fl-c4"/>
      </object_component>
      <object_component id="oc-22c">
         <name>.debug_info</name>
         <load_address>0x5ce9</load_address>
         <run_address>0x5ce9</run_address>
         <size>0x46</size>
         <input_file_ref idref="fl-c4"/>
      </object_component>
      <object_component id="oc-1c4">
         <name>.debug_info</name>
         <load_address>0x5d2f</load_address>
         <run_address>0x5d2f</run_address>
         <size>0x2c</size>
         <input_file_ref idref="fl-c4"/>
      </object_component>
      <object_component id="oc-1c3">
         <name>.debug_info</name>
         <load_address>0x5d5b</load_address>
         <run_address>0x5d5b</run_address>
         <size>0x341</size>
         <input_file_ref idref="fl-c5"/>
      </object_component>
      <object_component id="oc-145">
         <name>.debug_info</name>
         <load_address>0x609c</load_address>
         <run_address>0x609c</run_address>
         <size>0x209</size>
         <input_file_ref idref="fl-c5"/>
      </object_component>
      <object_component id="oc-1b7">
         <name>.debug_info</name>
         <load_address>0x62a5</load_address>
         <run_address>0x62a5</run_address>
         <size>0x1c7</size>
         <input_file_ref idref="fl-c5"/>
      </object_component>
      <object_component id="oc-1bd">
         <name>.debug_info</name>
         <load_address>0x646c</load_address>
         <run_address>0x646c</run_address>
         <size>0x17a</size>
         <input_file_ref idref="fl-c5"/>
      </object_component>
      <object_component id="oc-1c9">
         <name>.debug_info</name>
         <load_address>0x65e6</load_address>
         <run_address>0x65e6</run_address>
         <size>0x69</size>
         <input_file_ref idref="fl-c5"/>
      </object_component>
      <object_component id="oc-313">
         <name>.debug_info</name>
         <load_address>0x664f</load_address>
         <run_address>0x664f</run_address>
         <size>0x384</size>
         <input_file_ref idref="fl-c6"/>
      </object_component>
      <object_component id="oc-248">
         <name>.debug_info</name>
         <load_address>0x69d3</load_address>
         <run_address>0x69d3</run_address>
         <size>0x1eb</size>
         <input_file_ref idref="fl-c6"/>
      </object_component>
      <object_component id="oc-311">
         <name>.debug_info</name>
         <load_address>0x6bbe</load_address>
         <run_address>0x6bbe</run_address>
         <size>0x3fd</size>
         <input_file_ref idref="fl-c7"/>
      </object_component>
      <object_component id="oc-243">
         <name>.debug_info</name>
         <load_address>0x6fbb</load_address>
         <run_address>0x6fbb</run_address>
         <size>0x2e3</size>
         <input_file_ref idref="fl-c7"/>
      </object_component>
      <object_component id="oc-cb">
         <name>.debug_info</name>
         <load_address>0x729e</load_address>
         <run_address>0x729e</run_address>
         <size>0x2c</size>
         <input_file_ref idref="fl-c7"/>
      </object_component>
      <object_component id="oc-36b">
         <name>.debug_info</name>
         <load_address>0x72ca</load_address>
         <run_address>0x72ca</run_address>
         <size>0x301</size>
         <input_file_ref idref="fl-c8"/>
      </object_component>
      <object_component id="oc-2f9">
         <name>.debug_info</name>
         <load_address>0x75cb</load_address>
         <run_address>0x75cb</run_address>
         <size>0x19d</size>
         <input_file_ref idref="fl-c8"/>
      </object_component>
      <object_component id="oc-3a6">
         <name>.debug_info</name>
         <load_address>0x7768</load_address>
         <run_address>0x7768</run_address>
         <size>0xbf</size>
         <input_file_ref idref="fl-c8"/>
      </object_component>
      <object_component id="oc-3a5">
         <name>.debug_info</name>
         <load_address>0x7827</load_address>
         <run_address>0x7827</run_address>
         <size>0x375</size>
         <input_file_ref idref="fl-c9"/>
      </object_component>
      <object_component id="oc-368">
         <name>.debug_info</name>
         <load_address>0x7b9c</load_address>
         <run_address>0x7b9c</run_address>
         <size>0x20c</size>
         <input_file_ref idref="fl-c9"/>
      </object_component>
      <object_component id="oc-33c">
         <name>.debug_info</name>
         <load_address>0x7da8</load_address>
         <run_address>0x7da8</run_address>
         <size>0x29b</size>
         <input_file_ref idref="fl-ca"/>
      </object_component>
      <object_component id="oc-2c7">
         <name>.debug_info</name>
         <load_address>0x8043</load_address>
         <run_address>0x8043</run_address>
         <size>0x196</size>
         <input_file_ref idref="fl-ca"/>
      </object_component>
      <object_component id="oc-380">
         <name>.debug_info</name>
         <load_address>0x81d9</load_address>
         <run_address>0x81d9</run_address>
         <size>0x39</size>
         <input_file_ref idref="fl-ca"/>
      </object_component>
      <object_component id="oc-33d">
         <name>.debug_info</name>
         <load_address>0x8212</load_address>
         <run_address>0x8212</run_address>
         <size>0x2c</size>
         <input_file_ref idref="fl-ca"/>
      </object_component>
      <object_component id="oc-349">
         <name>.debug_info</name>
         <load_address>0x823e</load_address>
         <run_address>0x823e</run_address>
         <size>0x2fe</size>
         <input_file_ref idref="fl-cb"/>
      </object_component>
      <object_component id="oc-2ce">
         <name>.debug_info</name>
         <load_address>0x853c</load_address>
         <run_address>0x853c</run_address>
         <size>0x226</size>
         <input_file_ref idref="fl-cb"/>
      </object_component>
      <object_component id="oc-282">
         <name>.debug_info</name>
         <load_address>0x8762</load_address>
         <run_address>0x8762</run_address>
         <size>0x135</size>
         <input_file_ref idref="fl-cc"/>
      </object_component>
      <object_component id="oc-96">
         <name>.debug_info</name>
         <load_address>0x8897</load_address>
         <run_address>0x8897</run_address>
         <size>0x148</size>
         <input_file_ref idref="fl-cd"/>
      </object_component>
      <object_component id="oc-2a7">
         <name>.debug_info</name>
         <load_address>0x89df</load_address>
         <run_address>0x89df</run_address>
         <size>0x14d</size>
         <input_file_ref idref="fl-ce"/>
      </object_component>
      <object_component id="oc-1f8">
         <name>.debug_info</name>
         <load_address>0x8b2c</load_address>
         <run_address>0x8b2c</run_address>
         <size>0x129</size>
         <input_file_ref idref="fl-cf"/>
      </object_component>
      <object_component id="oc-293">
         <name>.debug_info</name>
         <load_address>0x8c55</load_address>
         <run_address>0x8c55</run_address>
         <size>0x12b</size>
         <input_file_ref idref="fl-cf"/>
      </object_component>
      <object_component id="oc-28e">
         <name>.debug_info</name>
         <load_address>0x8d80</load_address>
         <run_address>0x8d80</run_address>
         <size>0x13b</size>
         <input_file_ref idref="fl-d0"/>
      </object_component>
      <object_component id="oc-28a">
         <name>.debug_info</name>
         <load_address>0x8ebb</load_address>
         <run_address>0x8ebb</run_address>
         <size>0x13b</size>
         <input_file_ref idref="fl-d1"/>
      </object_component>
      <object_component id="oc-299">
         <name>.debug_info</name>
         <load_address>0x8ff6</load_address>
         <run_address>0x8ff6</run_address>
         <size>0x12f</size>
         <input_file_ref idref="fl-d2"/>
      </object_component>
      <object_component id="oc-e8">
         <name>.debug_info</name>
         <load_address>0x9125</load_address>
         <run_address>0x9125</run_address>
         <size>0x12d</size>
         <input_file_ref idref="fl-d3"/>
      </object_component>
      <object_component id="oc-2a3">
         <name>.debug_info</name>
         <load_address>0x9252</load_address>
         <run_address>0x9252</run_address>
         <size>0x12d</size>
         <input_file_ref idref="fl-d4"/>
      </object_component>
      <object_component id="oc-3c">
         <name>.debug_info</name>
         <load_address>0x937f</load_address>
         <run_address>0x937f</run_address>
         <size>0x11a</size>
         <input_file_ref idref="fl-d5"/>
      </object_component>
      <object_component id="oc-92">
         <name>.debug_info</name>
         <load_address>0x9499</load_address>
         <run_address>0x9499</run_address>
         <size>0x2d5</size>
         <input_file_ref idref="fl-d6"/>
      </object_component>
      <object_component id="oc-4e">
         <name>.debug_info</name>
         <load_address>0x976e</load_address>
         <run_address>0x976e</run_address>
         <size>0x1b6</size>
         <input_file_ref idref="fl-d6"/>
      </object_component>
      <object_component id="oc-8d">
         <name>.debug_info</name>
         <load_address>0x9924</load_address>
         <run_address>0x9924</run_address>
         <size>0x46</size>
         <input_file_ref idref="fl-d6"/>
      </object_component>
      <object_component id="oc-46">
         <name>.debug_info</name>
         <load_address>0x996a</load_address>
         <run_address>0x996a</run_address>
         <size>0x2a9</size>
         <input_file_ref idref="fl-d7"/>
      </object_component>
      <object_component id="oc-1b">
         <name>.debug_info</name>
         <load_address>0x9c13</load_address>
         <run_address>0x9c13</run_address>
         <size>0x1eb</size>
         <input_file_ref idref="fl-d7"/>
      </object_component>
      <object_component id="oc-41">
         <name>.debug_info</name>
         <load_address>0x9dfe</load_address>
         <run_address>0x9dfe</run_address>
         <size>0x46</size>
         <input_file_ref idref="fl-d7"/>
      </object_component>
      <object_component id="oc-85">
         <name>.debug_info</name>
         <load_address>0x9e44</load_address>
         <run_address>0x9e44</run_address>
         <size>0x2c</size>
         <input_file_ref idref="fl-d7"/>
      </object_component>
      <object_component id="oc-83">
         <name>.debug_info</name>
         <load_address>0x9e70</load_address>
         <run_address>0x9e70</run_address>
         <size>0x29f</size>
         <input_file_ref idref="fl-d8"/>
      </object_component>
      <object_component id="oc-16">
         <name>.debug_info</name>
         <load_address>0xa10f</load_address>
         <run_address>0xa10f</run_address>
         <size>0x251</size>
         <input_file_ref idref="fl-d8"/>
      </object_component>
      <object_component id="oc-31">
         <name>.debug_info</name>
         <load_address>0xa360</load_address>
         <run_address>0xa360</run_address>
         <size>0x60</size>
         <input_file_ref idref="fl-d8"/>
      </object_component>
      <object_component id="oc-c4">
         <name>.debug_info</name>
         <load_address>0xa3c0</load_address>
         <run_address>0xa3c0</run_address>
         <size>0x46</size>
         <input_file_ref idref="fl-d8"/>
      </object_component>
      <object_component id="oc-7e">
         <name>.debug_info</name>
         <load_address>0xa406</load_address>
         <run_address>0xa406</run_address>
         <size>0x39</size>
         <input_file_ref idref="fl-d8"/>
      </object_component>
      <object_component id="oc-192">
         <name>.debug_info</name>
         <load_address>0xa43f</load_address>
         <run_address>0xa43f</run_address>
         <size>0x3ae</size>
         <input_file_ref idref="fl-d9"/>
      </object_component>
      <object_component id="oc-18f">
         <name>.debug_info</name>
         <load_address>0xa7ed</load_address>
         <run_address>0xa7ed</run_address>
         <size>0x191</size>
         <input_file_ref idref="fl-d9"/>
      </object_component>
      <object_component id="oc-f5">
         <name>.debug_info</name>
         <load_address>0xa97e</load_address>
         <run_address>0xa97e</run_address>
         <size>0x123</size>
         <input_file_ref idref="fl-d9"/>
      </object_component>
      <object_component id="oc-fa">
         <name>.debug_info</name>
         <load_address>0xaaa1</load_address>
         <run_address>0xaaa1</run_address>
         <size>0x185</size>
         <input_file_ref idref="fl-d9"/>
      </object_component>
      <object_component id="oc-239">
         <name>.debug_info</name>
         <load_address>0xac26</load_address>
         <run_address>0xac26</run_address>
         <size>0x2ca</size>
         <input_file_ref idref="fl-da"/>
      </object_component>
      <object_component id="oc-17a">
         <name>.debug_info</name>
         <load_address>0xaef0</load_address>
         <run_address>0xaef0</run_address>
         <size>0x11f</size>
         <input_file_ref idref="fl-da"/>
      </object_component>
      <object_component id="oc-232">
         <name>.debug_info</name>
         <load_address>0xb00f</load_address>
         <run_address>0xb00f</run_address>
         <size>0x12f</size>
         <input_file_ref idref="fl-da"/>
      </object_component>
      <object_component id="oc-27f">
         <name>.debug_info</name>
         <load_address>0xb13e</load_address>
         <run_address>0xb13e</run_address>
         <size>0x2ba</size>
         <input_file_ref idref="fl-db"/>
      </object_component>
      <object_component id="oc-1ee">
         <name>.debug_info</name>
         <load_address>0xb3f8</load_address>
         <run_address>0xb3f8</run_address>
         <size>0x17d</size>
         <input_file_ref idref="fl-db"/>
      </object_component>
      <object_component id="oc-326">
         <name>.debug_info</name>
         <load_address>0xb575</load_address>
         <run_address>0xb575</run_address>
         <size>0xfa</size>
         <input_file_ref idref="fl-dc"/>
      </object_component>
      <object_component id="oc-27c">
         <name>.debug_info</name>
         <load_address>0xb66f</load_address>
         <run_address>0xb66f</run_address>
         <size>0x106</size>
         <input_file_ref idref="fl-dc"/>
      </object_component>
      <object_component id="oc-23d">
         <name>.debug_info</name>
         <load_address>0xb775</load_address>
         <run_address>0xb775</run_address>
         <size>0x145</size>
         <input_file_ref idref="fl-dd"/>
      </object_component>
      <object_component id="oc-17d">
         <name>.debug_info</name>
         <load_address>0xb8ba</load_address>
         <run_address>0xb8ba</run_address>
         <size>0x103</size>
         <input_file_ref idref="fl-dd"/>
      </object_component>
      <object_component id="oc-3e2">
         <name>.debug_info</name>
         <load_address>0xb9bd</load_address>
         <run_address>0xb9bd</run_address>
         <size>0x190</size>
         <input_file_ref idref="fl-dd"/>
      </object_component>
      <object_component id="oc-334">
         <name>.debug_info</name>
         <load_address>0xbb4d</load_address>
         <run_address>0xbb4d</run_address>
         <size>0x29c</size>
         <input_file_ref idref="fl-de"/>
      </object_component>
      <object_component id="oc-29c">
         <name>.debug_info</name>
         <load_address>0xbde9</load_address>
         <run_address>0xbde9</run_address>
         <size>0x1ce</size>
         <input_file_ref idref="fl-de"/>
      </object_component>
      <object_component id="oc-2da">
         <name>.debug_info</name>
         <load_address>0xbfb7</load_address>
         <run_address>0xbfb7</run_address>
         <size>0x297</size>
         <input_file_ref idref="fl-df"/>
      </object_component>
      <object_component id="oc-217">
         <name>.debug_info</name>
         <load_address>0xc24e</load_address>
         <run_address>0xc24e</run_address>
         <size>0x1b7</size>
         <input_file_ref idref="fl-df"/>
      </object_component>
      <object_component id="oc-36d">
         <name>.debug_info</name>
         <load_address>0xc405</load_address>
         <run_address>0xc405</run_address>
         <size>0x2a6</size>
         <input_file_ref idref="fl-e0"/>
      </object_component>
      <object_component id="oc-300">
         <name>.debug_info</name>
         <load_address>0xc6ab</load_address>
         <run_address>0xc6ab</run_address>
         <size>0x25e</size>
         <input_file_ref idref="fl-e0"/>
      </object_component>
      <object_component id="oc-6d">
         <name>.debug_info</name>
         <load_address>0xc909</load_address>
         <run_address>0xc909</run_address>
         <size>0x3b3</size>
         <input_file_ref idref="fl-e1"/>
      </object_component>
      <object_component id="oc-22">
         <name>.debug_info</name>
         <load_address>0xccbc</load_address>
         <run_address>0xccbc</run_address>
         <size>0x10d</size>
         <input_file_ref idref="fl-e1"/>
      </object_component>
      <object_component id="oc-418">
         <name>.debug_info</name>
         <load_address>0xcdc9</load_address>
         <run_address>0xcdc9</run_address>
         <size>0x140</size>
         <input_file_ref idref="fl-e1"/>
      </object_component>
      <object_component id="oc-39a">
         <name>.debug_info</name>
         <load_address>0xcf09</load_address>
         <run_address>0xcf09</run_address>
         <size>0x169</size>
         <input_file_ref idref="fl-e1"/>
      </object_component>
      <object_component id="oc-3c8">
         <name>.debug_info</name>
         <load_address>0xd072</load_address>
         <run_address>0xd072</run_address>
         <size>0x18f</size>
         <input_file_ref idref="fl-e1"/>
      </object_component>
      <object_component id="oc-3ce">
         <name>.debug_info</name>
         <load_address>0xd201</load_address>
         <run_address>0xd201</run_address>
         <size>0x1a0</size>
         <input_file_ref idref="fl-e1"/>
      </object_component>
      <object_component id="oc-393">
         <name>.debug_info</name>
         <load_address>0xd3a1</load_address>
         <run_address>0xd3a1</run_address>
         <size>0x204</size>
         <input_file_ref idref="fl-e1"/>
      </object_component>
      <object_component id="oc-41d">
         <name>.debug_info</name>
         <load_address>0xd5a5</load_address>
         <run_address>0xd5a5</run_address>
         <size>0x1dc</size>
         <input_file_ref idref="fl-e1"/>
      </object_component>
      <object_component id="oc-3d5">
         <name>.debug_info</name>
         <load_address>0xd781</load_address>
         <run_address>0xd781</run_address>
         <size>0x29a</size>
         <input_file_ref idref="fl-e1"/>
      </object_component>
      <object_component id="oc-b8">
         <name>.debug_info</name>
         <load_address>0xda1b</load_address>
         <run_address>0xda1b</run_address>
[...]
      </symbol>
      <symbol id="sm-dd">
         <name>lcd_putc</name>
         <value>0xdb9</value>
         <object_component_ref idref="oc-da"/>
      </symbol>
      <symbol id="sm-de">
         <name>lcd_reverseNibble</name>
         <value>0xcbd</value>
         <object_component_ref idref="oc-da"/>
      </symbol>
      <symbol id="sm-df">
         <name>lcd_gotoLine</name>
         <value>0xe91</value>
         <object_component_ref idref="oc-da"/>
      </symbol>
      <symbol id="sm-11e">
         <name>interruptstatus</name>
         <value>0x20002490</value>
      </symbol>
      <symbol id="sm-11f">
         <name>falling_edge</name>
         <value>0x20002650</value>
         <object_component_ref idref="oc-166"/>
      </symbol>
      <symbol id="sm-120">
         <name>delta</name>
         <value>0x20002654</value>
         <object_component_ref idref="oc-166"/>
      </symbol>
      <symbol id="sm-121">
         <name>ping_handler</name>
         <value>0x149d</value>
         <object_component_ref idref="oc-e0"/>
      </symbol>
      <symbol id="sm-122">
         <name>edge</name>
         <value>0x20002658</value>
         <object_component_ref idref="oc-166"/>
      </symbol>
      <symbol id="sm-123">
         <name>ping_init</name>
         <value>0x1519</value>
         <object_component_ref idref="oc-e0"/>
      </symbol>
      <symbol id="sm-124">
         <name>rising_edge</name>
         <value>0x2000264c</value>
         <object_component_ref idref="oc-166"/>
      </symbol>
      <symbol id="sm-125">
         <name>ping_getDistance</name>
         <value>0x1621</value>
         <object_component_ref idref="oc-e0"/>
      </symbol>
      <symbol id="sm-126">
         <name>ping_trigger</name>
         <value>0x15d1</value>
         <object_component_ref idref="oc-e0"/>
      </symbol>
      <symbol id="sm-142">
         <name>ResetISR</name>
         <value>0x352d</value>
         <object_component_ref idref="oc-27"/>
      </symbol>
      <symbol id="sm-143">
         <name>g_pfnVectors</name>
         <value>0x0</value>
         <object_component_ref idref="oc-f"/>
      </symbol>
      <symbol id="sm-16f">
         <name>printf</name>
         <value>0x2a3d</value>
         <object_component_ref idref="oc-eb"/>
      </symbol>
      <symbol id="sm-2d9">
         <name>__TI_printfi</name>
         <value>0x26d</value>
         <object_component_ref idref="oc-173"/>
      </symbol>
      <symbol id="sm-303">
         <name>vsnprintf</name>
         <value>0x30c9</value>
         <object_component_ref idref="oc-144"/>
      </symbol>
      <symbol id="sm-318">
         <name>putc</name>
         <value>0x2591</value>
         <object_component_ref idref="oc-246"/>
      </symbol>
      <symbol id="sm-319">
         <name>fputc</name>
         <value>0x2591</value>
         <object_component_ref idref="oc-246"/>
      </symbol>
      <symbol id="sm-33c">
         <name>fputs</name>
         <value>0x1dd5</value>
         <object_component_ref idref="oc-23f"/>
      </symbol>
      <symbol id="sm-354">
         <name>__TI_wrt_ok</name>
         <value>0x2b6d</value>
         <object_component_ref idref="oc-2f8"/>
      </symbol>
      <symbol id="sm-370">
         <name>setvbuf</name>
         <value>0x22d1</value>
         <object_component_ref idref="oc-364"/>
      </symbol>
      <symbol id="sm-390">
         <name>frexpl</name>
         <value>0x2aa5</value>
         <object_component_ref idref="oc-2c6"/>
      </symbol>
      <symbol id="sm-391">
         <name>frexp</name>
         <value>0x2aa5</value>
         <object_component_ref idref="oc-2c6"/>
      </symbol>
      <symbol id="sm-3ae">
         <name>scalbn</name>
         <value>0x1ee9</value>
         <object_component_ref idref="oc-2cc"/>
      </symbol>
      <symbol id="sm-3af">
         <name>scalbnl</name>
         <value>0x1ee9</value>
         <object_component_ref idref="oc-2cc"/>
      </symbol>
      <symbol id="sm-3b0">
         <name>ldexpl</name>
         <value>0x1ee9</value>
         <object_component_ref idref="oc-2cc"/>
      </symbol>
      <symbol id="sm-3b1">
         <name>ldexp</name>
         <value>0x1ee9</value>
         <object_component_ref idref="oc-2cc"/>
      </symbol>
      <symbol id="sm-3be">
         <name>__aeabi_uldivmod</name>
         <value>0x24fb</value>
         <object_component_ref idref="oc-280"/>
      </symbol>
      <symbol id="sm-3cd">
         <name>__aeabi_memset</name>
         <value>0x27a7</value>
         <object_component_ref idref="oc-93"/>
      </symbol>
      <symbol id="sm-3ce">
         <name>memset</name>
         <value>0x27ad</value>
         <object_component_ref idref="oc-93"/>
      </symbol>
      <symbol id="sm-3cf">
         <name>__aeabi_memset8</name>
         <value>0x27a7</value>
         <object_component_ref idref="oc-93"/>
      </symbol>
      <symbol id="sm-3d0">
         <name>__aeabi_memset4</name>
         <value>0x27a7</value>
         <object_component_ref idref="oc-93"/>
      </symbol>
      <symbol id="sm-3d1">
         <name>__aeabi_memclr8</name>
         <value>0x27a5</value>
         <object_component_ref idref="oc-93"/>
      </symbol>
      <symbol id="sm-3d2">
         <name>__aeabi_memclr4</name>
         <value>0x27a5</value>
         <object_component_ref idref="oc-93"/>
      </symbol>
      <symbol id="sm-3d3">
         <name>__aeabi_memclr</name>
         <value>0x27a5</value>
         <object_component_ref idref="oc-93"/>
      </symbol>
      <symbol id="sm-3ea">
         <name>__aeabi_dsub</name>
         <value>0x1885</value>
         <object_component_ref idref="oc-2a6"/>
      </symbol>
      <symbol id="sm-3eb">
         <name>__aeabi_dadd</name>
         <value>0x188f</value>
         <object_component_ref idref="oc-2a6"/>
      </symbol>
      <symbol id="sm-40d">
         <name>__aeabi_cdcmpeq</name>
         <value>0x261d</value>
         <object_component_ref idref="oc-1f6"/>
      </symbol>
      <symbol id="sm-40e">
         <name>__aeabi_cdcmple</name>
         <value>0x261d</value>
         <object_component_ref idref="oc-1f6"/>
      </symbol>
      <symbol id="sm-40f">
         <name>__aeabi_cdrcmple</name>
         <value>0x26a3</value>
         <object_component_ref idref="oc-291"/>
      </symbol>
      <symbol id="sm-423">
         <name>__aeabi_ddiv</name>
         <value>0x1b79</value>
         <object_component_ref idref="oc-28c"/>
      </symbol>
      <symbol id="sm-42e">
         <name>__aeabi_dmul</name>
         <value>0x1ff9</value>
         <object_component_ref idref="oc-287"/>
      </symbol>
      <symbol id="sm-438">
         <name>__aeabi_d2iz</name>
         <value>0x2f71</value>
         <object_component_ref idref="oc-296"/>
      </symbol>
      <symbol id="sm-443">
         <name>__aeabi_f2d</name>
         <value>0x3181</value>
         <object_component_ref idref="oc-e6"/>
      </symbol>
      <symbol id="sm-44d">
         <name>__aeabi_i2d</name>
         <value>0x3321</value>
         <object_component_ref idref="oc-2a1"/>
      </symbol>
      <symbol id="sm-468">
         <name>memcpy</name>
         <value>0x245f</value>
         <object_component_ref idref="oc-3b"/>
      </symbol>
      <symbol id="sm-469">
         <name>__aeabi_memcpy</name>
         <value>0x245f</value>
         <object_component_ref idref="oc-3b"/>
      </symbol>
      <symbol id="sm-46a">
         <name>__aeabi_memcpy8</name>
         <value>0x245f</value>
         <object_component_ref idref="oc-3b"/>
      </symbol>
      <symbol id="sm-46b">
         <name>__aeabi_memcpy4</name>
         <value>0x245f</value>
         <object_component_ref idref="oc-3b"/>
      </symbol>
      <symbol id="sm-47d">
         <name>__TI_zero_init</name>
         <value>0x3521</value>
         <object_component_ref idref="oc-4d"/>
      </symbol>
      <symbol id="sm-494">
         <name>__TI_decompress_none</name>
         <value>0x3507</value>
         <object_component_ref idref="oc-18"/>
      </symbol>
      <symbol id="sm-4b7">
         <name>__TI_decompress_lzss</name>
         <value>0x29d5</value>
         <object_component_ref idref="oc-12"/>
      </symbol>
      <symbol id="sm-4dd">
         <name>C$$EXIT</name>
         <value>0x3555</value>
         <object_component_ref idref="oc-f2"/>
      </symbol>
      <symbol id="sm-4de">
         <name>abort</name>
         <value>0x3555</value>
         <object_component_ref idref="oc-f2"/>
      </symbol>
      <symbol id="sm-4df">
         <name>__TI_dtors_ptr</name>
         <value>0x20002670</value>
         <object_component_ref idref="oc-18e"/>
      </symbol>
      <symbol id="sm-4e0">
         <name>__TI_cleanup_ptr</name>
         <value>0x2000266c</value>
         <object_component_ref idref="oc-18e"/>
      </symbol>
      <symbol id="sm-4e1">
         <name>__TI_enable_exit_profile_output</name>
         <value>0x20002674</value>
         <object_component_ref idref="oc-18e"/>
      </symbol>
      <symbol id="sm-4e2">
         <name>exit</name>
         <value>0x2f29</value>
         <object_component_ref idref="oc-f8"/>
      </symbol>
      <symbol id="sm-4f7">
         <name>_nop</name>
         <value>0xcbb</value>
         <object_component_ref idref="oc-231"/>
      </symbol>
      <symbol id="sm-4f8">
         <name>_lock</name>
         <value>0x20002678</value>
         <object_component_ref idref="oc-179"/>
      </symbol>
      <symbol id="sm-4f9">
         <name>_unlock</name>
         <value>0x2000267c</value>
         <object_component_ref idref="oc-179"/>
      </symbol>
      <symbol id="sm-50f">
         <name>atoi</name>
         <value>0x2edd</value>
         <object_component_ref idref="oc-1ea"/>
      </symbol>
      <symbol id="sm-51a">
         <name>_ctypes_</name>
         <value>0x3558</value>
         <object_component_ref idref="oc-27b"/>
      </symbol>
      <symbol id="sm-52f">
         <name>__TI_tmpnams</name>
         <value>0x20002390</value>
      </symbol>
      <symbol id="sm-530">
         <name>__aeabi_stdout</name>
         <value>0x20002664</value>
         <object_component_ref idref="oc-3e1"/>
      </symbol>
      <symbol id="sm-531">
         <name>__aeabi_stderr</name>
         <value>0x20002668</value>
         <object_component_ref idref="oc-3e1"/>
      </symbol>
      <symbol id="sm-532">
         <name>__aeabi_stdin</name>
         <value>0x20002660</value>
         <object_component_ref idref="oc-3e1"/>
      </symbol>
      <symbol id="sm-533">
         <name>_ftable</name>
         <value>0x20002494</value>
         <object_component_ref idref="oc-17c"/>
      </symbol>
      <symbol id="sm-534">
         <name>__TI_ft_end</name>
         <value>0x2000265c</value>
         <object_component_ref idref="oc-3e1"/>
      </symbol>
      <symbol id="sm-543">
         <name>ltoa</name>
         <value>0x2deb</value>
         <object_component_ref idref="oc-29b"/>
      </symbol>
      <symbol id="sm-553">
         <name>memccpy</name>
         <value>0x3431</value>
         <object_component_ref idref="oc-213"/>
      </symbol>
      <symbol id="sm-563">
         <name>memchr</name>
         <value>0x33f5</value>
         <object_component_ref idref="oc-2fe"/>
      </symbol>
      <symbol id="sm-5ea">
         <name>_sys_memory</name>
         <value>0x20001270</value>
         <object_component_ref idref="oc-21"/>
      </symbol>
      <symbol id="sm-5eb">
         <name>free</name>
         <value>0x21e9</value>
         <object_component_ref idref="oc-392"/>
      </symbol>
      <symbol id="sm-5ec">
         <name>memalign</name>
         <value>0x20f5</value>
         <object_component_ref idref="oc-3d4"/>
      </symbol>
      <symbol id="sm-5ed">
         <name>malloc</name>
         <value>0x3541</value>
         <object_component_ref idref="oc-398"/>
      </symbol>
      <symbol id="sm-5ee">
         <name>aligned_alloc</name>
         <value>0x20f5</value>
         <object_component_ref idref="oc-3d4"/>
      </symbol>
      <symbol id="sm-5fe">
         <name>strchr</name>
         <value>0x3497</value>
         <object_component_ref idref="oc-2d2"/>
      </symbol>
      <symbol id="sm-60d">
         <name>strcmp</name>
         <value>0x347f</value>
         <object_component_ref idref="oc-14a"/>
      </symbol>
      <symbol id="sm-61b">
         <name>strcpy</name>
         <value>0x34ad</value>
         <object_component_ref idref="oc-150"/>
      </symbol>
      <symbol id="sm-629">
         <name>strlen</name>
         <value>0x34c1</value>
         <object_component_ref idref="oc-1e4"/>
      </symbol>
      <symbol id="sm-643">
         <name>write</name>
         <value>0x33cd</value>
         <object_component_ref idref="oc-30a"/>
      </symbol>
      <symbol id="sm-654">
         <name>_stream</name>
         <value>0x200025fc</value>
         <object_component_ref idref="oc-370"/>
      </symbol>
      <symbol id="sm-655">
         <name>_device</name>
         <value>0x20002584</value>
         <object_component_ref idref="oc-3b1"/>
      </symbol>
      <symbol id="sm-668">
         <name>__stack</name>
         <value>0x20000270</value>
         <object_component_ref idref="oc-24"/>
      </symbol>
      <symbol id="sm-669">
         <name>_c_int00_noargs</name>
         <value>0x328d</value>
         <object_component_ref idref="oc-59"/>
      </symbol>
      <symbol id="sm-67f">
         <name>__aeabi_errno_addr</name>
         <value>0x3539</value>
         <object_component_ref idref="oc-21f"/>
      </symbol>
      <symbol id="sm-680">
         <name>errno</name>
         <value>0x20002688</value>
         <object_component_ref idref="oc-2e2"/>
      </symbol>
      <symbol id="sm-699">
         <name>wcslen</name>
         <value>0x34d5</value>
         <object_component_ref idref="oc-219"/>
      </symbol>
      <symbol id="sm-6a3">
         <name>copysign</name>
         <value>0x344d</value>
         <object_component_ref idref="oc-342"/>
      </symbol>
      <symbol id="sm-6a4">
         <name>copysignl</name>
         <value>0x344d</value>
         <object_component_ref idref="oc-342"/>
      </symbol>
      <symbol id="sm-6b4">
         <name>__TI_doflush</name>
         <value>0x2e91</value>
         <object_component_ref idref="oc-304"/>
      </symbol>
      <symbol id="sm-6c4">
         <name>__TI_cleanup</name>
         <value>0x3225</value>
         <object_component_ref idref="oc-39e"/>
      </symbol>
      <symbol id="sm-6d6">
         <name>fseek</name>
         <value>0x2b09</value>
         <object_component_ref idref="oc-35e"/>
      </symbol>
      <symbol id="sm-6e0">
         <name>__aeabi_idiv0</name>
         <value>0x1a3b</value>
         <object_component_ref idref="oc-329"/>
      </symbol>
      <symbol id="sm-6e1">
         <name>__aeabi_ldiv0</name>
         <value>0x1a3b</value>
         <object_component_ref idref="oc-329"/>
      </symbol>
      <symbol id="sm-709">
         <name>__TI_auto_init_nobinit_nopinit</name>
         <value>0x3041</value>
         <object_component_ref idref="oc-fe"/>
      </symbol>
      <symbol id="sm-713">
         <name>_system_pre_init</name>
         <value>0x3551</value>
         <object_component_ref idref="oc-99"/>
      </symbol>
      <symbol id="sm-726">
         <name>HOSTclose</name>
         <value>0x2fb9</value>
         <object_component_ref idref="oc-3ed"/>
      </symbol>
      <symbol id="sm-737">
         <name>HOSTlseek</name>
         <value>0x2905</value>
         <object_component_ref idref="oc-3ff"/>
      </symbol>
      <symbol id="sm-749">
         <name>parmbuf</name>
         <value>0x20002484</value>
      </symbol>
      <symbol id="sm-74a">
         <name>HOSTopen</name>
         <value>0x2bd1</value>
         <object_component_ref idref="oc-3e7"/>
      </symbol>
      <symbol id="sm-75b">
         <name>HOSTread</name>
         <value>0x2c8d</value>
         <object_component_ref idref="oc-3f3"/>
      </symbol>
      <symbol id="sm-76c">
         <name>HOSTrename</name>
         <value>0x296d</value>
         <object_component_ref idref="oc-40b"/>
      </symbol>
      <symbol id="sm-77d">
         <name>HOSTunlink</name>
         <value>0x2ffd</value>
         <object_component_ref idref="oc-405"/>
      </symbol>
      <symbol id="sm-78e">
         <name>HOSTwrite</name>
         <value>0x2ce5</value>
         <object_component_ref idref="oc-3f9"/>
      </symbol>
      <symbol id="sm-7b2">
         <name>__TI_readmsg</name>
         <value>0x3259</value>
         <object_component_ref idref="oc-43a"/>
      </symbol>
      <symbol id="sm-7b3">
         <name>C$$IO$$</name>
         <value>0x3177</value>
         <object_component_ref idref="oc-434"/>
      </symbol>
      <symbol id="sm-7b4">
         <name>__CIOBUF_</name>
         <value>0x20002270</value>
         <object_component_ref idref="oc-45f"/>
      </symbol>
      <symbol id="sm-7b5">
         <name>__TI_writemsg</name>
         <value>0x3149</value>
         <object_component_ref idref="oc-434"/>
      </symbol>
      <symbol id="sm-7c6">
         <name>lseek</name>
         <value>0x33a5</value>
         <object_component_ref idref="oc-38a"/>
      </symbol>
      <symbol id="sm-7db">
         <name>__TI_closefile</name>
         <value>0x2821</value>
         <object_component_ref idref="oc-3db"/>
      </symbol>
      <symbol id="sm-7fe">
         <name>finddevice</name>
         <value>0x32f1</value>
         <object_component_ref idref="oc-47b"/>
      </symbol>
      <symbol id="sm-7ff">
         <name>getdevice</name>
         <value>0x3085</value>
         <object_component_ref idref="oc-455"/>
      </symbol>
      <symbol id="sm-80f">
         <name>strncpy</name>
         <value>0x31b9</value>
         <object_component_ref idref="oc-475"/>
      </symbol>
      <symbol id="sm-824">
         <name>close</name>
         <value>0x2c31</value>
         <object_component_ref idref="oc-423"/>
      </symbol>
      <symbol id="sm-834">
         <name>unlink</name>
         <value>0x3351</value>
         <object_component_ref idref="oc-429"/>
      </symbol>
      <symbol id="sm-859">
         <name>IntRegister</name>
         <value>0x31f1</value>
         <object_component_ref idref="oc-132"/>
      </symbol>
      <symbol id="sm-85a">
         <name>g_pfnRAMVectors</name>
         <value>0x20000000</value>
         <object_component_ref idref="oc-1aa"/>
      </symbol>
      <symbol id="sm-85b">
         <name>IntMasterEnable</name>
         <value>0x34e7</value>
         <object_component_ref idref="oc-160"/>
      </symbol>
      <symbol id="sm-865">
         <name>CPUcpsie</name>
         <value>0x3515</value>
         <object_component_ref idref="oc-1d9"/>
      </symbol>
      <symbol id="sm-866">
         <name>__TI_static_base__</name>
         <value>0x0</value>
      </symbol>
      <symbol id="sm-869">
         <name>__mpu_init</name>
         <value>0x0</value>
      </symbol>
      <symbol id="sm-86a">
         <name>_system_post_cinit</name>
         <value>0x0</value>
      </symbol>
      <symbol id="sm-86b">
         <name>remove</name>
         <value>0x3351</value>
      </symbol>
   </symbol_table>
   <title>Link successful</title>
</link_info>
